Archive member included to satisfy reference by file (symbol)

C:/ST/STM32CubeIDE_1.19.0/STM32CubeIDE/plugins/com.st.stm32cube.ide.mcu.externaltools.gnu-tools-for-stm32.13.3.rel1.win32_1.0.0.202411081344/tools/bin/../lib/gcc/arm-none-eabi/13.3.1/../../../../arm-none-eabi/lib/thumb/v7-m/nofp\libc_nano.a(libc_a-exit.o)
                              C:/ST/STM32CubeIDE_1.19.0/STM32CubeIDE/plugins/com.st.stm32cube.ide.mcu.externaltools.gnu-tools-for-stm32.13.3.rel1.win32_1.0.0.202411081344/tools/bin/../lib/gcc/arm-none-eabi/13.3.1/../../../../arm-none-eabi/lib/thumb/v7-m/nofp/crt0.o (exit)
C:/ST/STM32CubeIDE_1.19.0/STM32CubeIDE/plugins/com.st.stm32cube.ide.mcu.externaltools.gnu-tools-for-stm32.13.3.rel1.win32_1.0.0.202411081344/tools/bin/../lib/gcc/arm-none-eabi/13.3.1/../../../../arm-none-eabi/lib/thumb/v7-m/nofp\libc_nano.a(libc_a-findfp.o)
                              C:/ST/STM32CubeIDE_1.19.0/STM32CubeIDE/plugins/com.st.stm32cube.ide.mcu.externaltools.gnu-tools-for-stm32.13.3.rel1.win32_1.0.0.202411081344/tools/bin/../lib/gcc/arm-none-eabi/13.3.1/../../../../arm-none-eabi/lib/thumb/v7-m/nofp\libc_nano.a(libc_a-exit.o) (__stdio_exit_handler)
C:/ST/STM32CubeIDE_1.19.0/STM32CubeIDE/plugins/com.st.stm32cube.ide.mcu.externaltools.gnu-tools-for-stm32.13.3.rel1.win32_1.0.0.202411081344/tools/bin/../lib/gcc/arm-none-eabi/13.3.1/../../../../arm-none-eabi/lib/thumb/v7-m/nofp\libc_nano.a(libc_a-fwalk.o)
                              C:/ST/STM32CubeIDE_1.19.0/STM32CubeIDE/plugins/com.st.stm32cube.ide.mcu.externaltools.gnu-tools-for-stm32.13.3.rel1.win32_1.0.0.202411081344/tools/bin/../lib/gcc/arm-none-eabi/13.3.1/../../../../arm-none-eabi/lib/thumb/v7-m/nofp\libc_nano.a(libc_a-findfp.o) (_fwalk_sglue)
C:/ST/STM32CubeIDE_1.19.0/STM32CubeIDE/plugins/com.st.stm32cube.ide.mcu.externaltools.gnu-tools-for-stm32.13.3.rel1.win32_1.0.0.202411081344/tools/bin/../lib/gcc/arm-none-eabi/13.3.1/../../../../arm-none-eabi/lib/thumb/v7-m/nofp\libc_nano.a(libc_a-sprintf.o)
                              ./Core/Src/main.o (sprintf)
C:/ST/STM32CubeIDE_1.19.0/STM32CubeIDE/plugins/com.st.stm32cube.ide.mcu.externaltools.gnu-tools-for-stm32.13.3.rel1.win32_1.0.0.202411081344/tools/bin/../lib/gcc/arm-none-eabi/13.3.1/../../../../arm-none-eabi/lib/thumb/v7-m/nofp\libc_nano.a(libc_a-stdio.o)
                              C:/ST/STM32CubeIDE_1.19.0/STM32CubeIDE/plugins/com.st.stm32cube.ide.mcu.externaltools.gnu-tools-for-stm32.13.3.rel1.win32_1.0.0.202411081344/tools/bin/../lib/gcc/arm-none-eabi/13.3.1/../../../../arm-none-eabi/lib/thumb/v7-m/nofp\libc_nano.a(libc_a-findfp.o) (__sread)
C:/ST/STM32CubeIDE_1.19.0/STM32CubeIDE/plugins/com.st.stm32cube.ide.mcu.externaltools.gnu-tools-for-stm32.13.3.rel1.win32_1.0.0.202411081344/tools/bin/../lib/gcc/arm-none-eabi/13.3.1/../../../../arm-none-eabi/lib/thumb/v7-m/nofp\libc_nano.a(libc_a-memset.o)
                              C:/ST/STM32CubeIDE_1.19.0/STM32CubeIDE/plugins/com.st.stm32cube.ide.mcu.externaltools.gnu-tools-for-stm32.13.3.rel1.win32_1.0.0.202411081344/tools/bin/../lib/gcc/arm-none-eabi/13.3.1/../../../../arm-none-eabi/lib/thumb/v7-m/nofp/crt0.o (memset)
C:/ST/STM32CubeIDE_1.19.0/STM32CubeIDE/plugins/com.st.stm32cube.ide.mcu.externaltools.gnu-tools-for-stm32.13.3.rel1.win32_1.0.0.202411081344/tools/bin/../lib/gcc/arm-none-eabi/13.3.1/../../../../arm-none-eabi/lib/thumb/v7-m/nofp\libc_nano.a(libc_a-closer.o)
                              C:/ST/STM32CubeIDE_1.19.0/STM32CubeIDE/plugins/com.st.stm32cube.ide.mcu.externaltools.gnu-tools-for-stm32.13.3.rel1.win32_1.0.0.202411081344/tools/bin/../lib/gcc/arm-none-eabi/13.3.1/../../../../arm-none-eabi/lib/thumb/v7-m/nofp\libc_nano.a(libc_a-stdio.o) (_close_r)
C:/ST/STM32CubeIDE_1.19.0/STM32CubeIDE/plugins/com.st.stm32cube.ide.mcu.externaltools.gnu-tools-for-stm32.13.3.rel1.win32_1.0.0.202411081344/tools/bin/../lib/gcc/arm-none-eabi/13.3.1/../../../../arm-none-eabi/lib/thumb/v7-m/nofp\libc_nano.a(libc_a-reent.o)
                              C:/ST/STM32CubeIDE_1.19.0/STM32CubeIDE/plugins/com.st.stm32cube.ide.mcu.externaltools.gnu-tools-for-stm32.13.3.rel1.win32_1.0.0.202411081344/tools/bin/../lib/gcc/arm-none-eabi/13.3.1/../../../../arm-none-eabi/lib/thumb/v7-m/nofp\libc_nano.a(libc_a-closer.o) (errno)
C:/ST/STM32CubeIDE_1.19.0/STM32CubeIDE/plugins/com.st.stm32cube.ide.mcu.externaltools.gnu-tools-for-stm32.13.3.rel1.win32_1.0.0.202411081344/tools/bin/../lib/gcc/arm-none-eabi/13.3.1/../../../../arm-none-eabi/lib/thumb/v7-m/nofp\libc_nano.a(libc_a-impure.o)
                              C:/ST/STM32CubeIDE_1.19.0/STM32CubeIDE/plugins/com.st.stm32cube.ide.mcu.externaltools.gnu-tools-for-stm32.13.3.rel1.win32_1.0.0.202411081344/tools/bin/../lib/gcc/arm-none-eabi/13.3.1/../../../../arm-none-eabi/lib/thumb/v7-m/nofp\libc_nano.a(libc_a-sprintf.o) (_impure_ptr)
[...]
Memory Configuration

Name             Origin             Length             Attributes
RAM              0x20000000         0x00005000         xrw
FLASH            0x08000000         0x00010000         xr
*default*        0x00000000         0xffffffff

Linker script and memory map

LOAD C:/ST/STM32CubeIDE_1.19.0/STM32CubeIDE/plugins/com.st.stm32cube.ide.mcu.externaltools.gnu-tools-for-stm32.13.3.rel1.win32_1.0.0.202411081344/tools/bin/../lib/gcc/arm-none-eabi/13.3.1/thumb/v7-m/nofp/crti.o
LOAD C:/ST/STM32CubeIDE_1.19.0/STM32CubeIDE/plugins/com.st.stm32cube.ide.mcu.externaltools.gnu-tools-for-stm32.13.3.rel1.win32_1.0.0.202411081344/tools/bin/../lib/gcc/arm-none-eabi/13.3.1/thumb/v7-m/nofp/crtbegin.o
LOAD C:/ST/STM32CubeIDE_1.19.0/STM32CubeIDE/plugins/com.st.stm32cube.ide.mcu.externaltools.gnu-tools-for-stm32.13.3.rel1.win32_1.0.0.202411081344/tools/bin/../lib/gcc/arm-none-eabi/13.3.1/../../../../arm-none-eabi/lib/thumb/v7-m/nofp/crt0.o
LOAD ./Core/Src/FlASH_PAGE_F1.o
LOAD ./Core/Src/fatfs_sd.o
LOAD ./Core/Src/main.o
LOAD ./Core/Src/stm32f1xx_hal_msp.o
LOAD ./Core/Src/stm32f1xx_it.o
LOAD ./Core/Src/syscalls.o
LOAD ./Core/Src/sysmem.o
LOAD ./Core/Src/system_stm32f1xx.o
LOAD ./Core/Startup/startup_stm32f103c8tx.o
LOAD ./Drivers/My_Drivers/Canbus_App/Canbus.o
LOAD ./Drivers/My_Drivers/Nextion_App/Nextion.o
LOAD ./Drivers/My_Drivers/Nextion_App/Telemetry_LORA.o
LOAD ./Drivers/STM32F1xx_HAL_Driver/Src/stm32f1xx_hal.o
LOAD ./Drivers/STM32F1xx_HAL_Driver/Src/stm32f1xx_hal_can.o
LOAD ./Drivers/STM32F1xx_HAL_Driver/Src/stm32f1xx_hal_cortex.o
LOAD ./Drivers/STM32F1xx_HAL_Driver/Src/stm32f1xx_hal_dma.o
LOAD ./Drivers/STM32F1xx_HAL_Driver/Src/stm32f1xx_hal_exti.o
LOAD ./Drivers/STM32F1xx_HAL_Driver/Src/stm32f1xx_hal_flash.o
LOAD ./Drivers/STM32F1xx_HAL_Driver/Src/stm32f1xx_hal_flash_ex.o
LOAD ./Drivers/STM32F1xx_HAL_Driver/Src/stm32f1xx_hal_gpio.o
LOAD ./Drivers/STM32F1xx_HAL_Driver/Src/stm32f1xx_hal_gpio_ex.o
LOAD ./Drivers/STM32F1xx_HAL_Driver/Src/stm32f1xx_hal_pwr.o
LOAD ./Drivers/STM32F1xx_HAL_Driver/Src/stm32f1xx_hal_rcc.o
LOAD ./Drivers/STM32F1xx_HAL_Driver/Src/stm32f1xx_hal_rcc_ex.o
LOAD ./Drivers/STM32F1xx_HAL_Driver/Src/stm32f1xx_hal_spi.o
LOAD ./Drivers/STM32F1xx_HAL_Driver/Src/stm32f1xx_hal_tim.o
LOAD ./Drivers/STM32F1xx_HAL_Driver/Src/stm32f1xx_hal_tim_ex.o
LOAD ./Drivers/STM32F1xx_HAL_Driver/Src/stm32f1xx_hal_uart.o
LOAD ./FATFS/App/fatfs.o
LOAD ./FATFS/Target/user_diskio.o
LOAD ./Middlewares/Third_Party/FatFs/src/diskio.o
LOAD ./Middlewares/Third_Party/FatFs/src/ff.o
LOAD ./Middlewares/Third_Party/FatFs/src/ff_gen_drv.o
LOAD ./Middlewares/Third_Party/FatFs/src/option/ccsbcs.o
LOAD ./Middlewares/Third_Party/FatFs/src/option/syscall.o
START GROUP
LOAD C:/ST/STM32CubeIDE_1.19.0/STM32CubeIDE/plugins/com.st.stm32cube.ide.mcu.externaltools.gnu-tools-for-stm32.13.3.rel1.win32_1.0.0.202411081344/tools/bin/../lib/gcc/arm-none-eabi/13.3.1/../../../../arm-none-eabi/lib/thumb/v7-m/nofp\libc_nano.a
LOAD C:/ST/STM32CubeIDE_1.19.0/STM32CubeIDE/plugins/com.st.stm32cube.ide.mcu.externaltools.gnu-tools-for-stm32.13.3.rel1.win32_1.0.0.202411081344/tools/bin/../lib/gcc/arm-none-eabi/13.3.1/../../../../arm-none-eabi/lib/thumb/v7-m/nofp\libm.a
END GROUP
START GROUP
LOAD C:/ST/STM32CubeIDE_1.19.0/STM32CubeIDE/plugins/com.st.stm32cube.ide.mcu.externaltools.gnu-tools-for-stm32.13.3.rel1.win32_1.0.0.202411081344/tools/bin/../lib/gcc/arm-none-eabi/13.3.1/thumb/v7-m/nofp\libgcc.a
LOAD C:/ST/STM32CubeIDE_1.19.0/STM32CubeIDE/plugins/com.st.stm32cube.ide.mcu.externaltools.gnu-tools-for-stm32.13.3.rel1.win32_1.0.0.202411081344/tools/bin/../lib/gcc/arm-none-eabi/13.3.1/../../../../arm-none-eabi/lib/thumb/v7-m/nofp\libc_nano.a
END GROUP
START GROUP
LOAD C:/ST/STM32CubeIDE_1.19.0/STM32CubeIDE/plugins/com.st.stm32cube.ide.mcu.externaltools.gnu-tools-for-stm32.13.3.rel1.win32_1.0.0.202411081344/tools/bin/../lib/gcc/arm-none-eabi/13.3.1/thumb/v7-m/nofp\libgcc.a
LOAD C:/ST/STM32CubeIDE_1.19.0/STM32CubeIDE/plugins/com.st.stm32cube.ide.mcu.externaltools.gnu-tools-for-stm32.13.3.rel1.win32_1.0.0.202411081344/tools/bin/../lib/gcc/arm-none-eabi/13.3.1/../../../../arm-none-eabi/lib/thumb/v7-m/nofp\libc_nano.a
LOAD C:/ST/STM32CubeIDE_1.19.0/STM32CubeIDE/plugins/com.st.stm32cube.ide.mcu.externaltools.gnu-tools-for-stm32.13.3.rel1.win32_1.0.0.202411081344/tools/bin/../lib/gcc/arm-none-eabi/13.3.1/../../../../arm-none-eabi/lib/thumb/v7-m/nofp\libnosys.a
END GROUP
START GROUP
LOAD C:/ST/STM32CubeIDE_1.19.0/STM32CubeIDE/plugins/com.st.stm32cube.ide.mcu.externaltools.gnu-tools-for-stm32.13.3.rel1.win32_1.0.0.202411081344/tools/bin/../lib/gcc/arm-none-eabi/13.3.1/thumb/v7-m/nofp\libgcc.a
LOAD C:/ST/STM32CubeIDE_1.19.0/STM32CubeIDE/plugins/com.st.stm32cube.ide.mcu.externaltools.gnu-tools-for-stm32.13.3.rel1.win32_1.0.0.202411081344/tools/bin/../lib/gcc/arm-none-eabi/13.3.1/../../../../arm-none-eabi/lib/thumb/v7-m/nofp\libc_nano.a
LOAD C:/ST/STM32CubeIDE_1.19.0/STM32CubeIDE/plugins/com.st.stm32cube.ide.mcu.externaltools.gnu-tools-for-stm32.13.3.rel1.win32_1.0.0.202411081344/tools/bin/../lib/gcc/arm-none-eabi/13.3.1/../../../../arm-none-eabi/lib/thumb/v7-m/nofp\libnosys.a
END GROUP
LOAD C:/ST/STM32CubeIDE_1.19.0/STM32CubeIDE/plugins/com.st.stm32cube.ide.mcu.externaltools.gnu-tools-for-stm32.13.3.rel1.win32_1.0.0.202411081344/tools/bin/../lib/gcc/arm-none-eabi/13.3.1/thumb/v7-m/nofp/crtend.o
LOAD C:/ST/STM32CubeIDE_1.19.0/STM32CubeIDE/plugins/com.st.stm32cube.ide.mcu.externaltools.gnu-tools-for-stm32.13.3.rel1.win32_1.0.0.202411081344/tools/bin/../lib/gcc/arm-none-eabi/13.3.1/thumb/v7-m/nofp/crtn.o
                0x20005000                        _estack = (ORIGIN (RAM) + LENGTH (RAM))
                0x00000200                        _Min_Heap_Size = 0x200
                0x00000400                        _Min_Stack_Size = 0x400

.isr_vector     0x08000000      0x10c
                0x08000000                        . = ALIGN (0x4)
 *(.isr_vector)
 .isr_vector    0x08000000      0x10c ./Core/Startup/startup_stm32f103c8tx.o
                0x08000000                g_pfnVectors
                0x0800010c                        . = ALIGN (0x4)

.text           0x0800010c     0xa668
                0x0800010c                        . = ALIGN (0x4)
 *(.text)
 .text          0x0800010c       0x40 C:/ST/STM32CubeIDE_1.19.0/STM32CubeIDE/plugins/com.st.stm32cube.ide.mcu.externaltools.gnu-tools-for-stm32.13.3.rel1.win32_1.0.0.202411081344/tools/bin/../lib/gcc/arm-none-eabi/13.3.1/thumb/v7-m/nofp/crtbegin.o
 .text          0x0800014c       0x10 C:/ST/STM32CubeIDE_1.19.0/STM32CubeIDE/plugins/com.st.stm32cube.ide.mcu.externaltools.gnu-tools-for-stm32.13.3.rel1.win32_1.0.0.202411081344/tools/bin/../lib/gcc/arm-none-eabi/13.3.1/../../../../arm-none-eabi/lib/thumb/v7-m/nofp\libc_nano.a(libc_a-strlen.o)
                0x0800014c                strlen
 *(.text*)
 .text.GetPage  0x0800015c       0x4e ./Core/Src/FlASH_PAGE_F1.o
 *fill*         0x080001aa        0x2 
 .text.Flash_Write_Data
                0x080001ac       0xb8 ./Core/Src/FlASH_PAGE_F1.o
                0x080001ac                Flash_Write_Data
 .text.Flash_Read_Data
                0x08000264       0x3a ./Core/Src/FlASH_PAGE_F1.o
                0x08000264                Flash_Read_Data
 *fill*         0x0800029e        0x2 
 .text.SELECT   0x080002a0       0x1c ./Core/Src/fatfs_sd.o
 .text.DESELECT
                0x080002bc       0x1c ./Core/Src/fatfs_sd.o
 .text.SPI_TxByte
                0x080002d8       0x34 ./Core/Src/fatfs_sd.o
 .text.SPI_TxBuffer
                0x0800030c       0x34 ./Core/Src/fatfs_sd.o
 .text.SPI_RxByte
                0x08000340       0x38 ./Core/Src/fatfs_sd.o
 .text.SPI_RxBytePtr
                0x08000378       0x1c ./Core/Src/fatfs_sd.o
 .text.SD_ReadyWait
                0x08000394       0x34 ./Core/Src/fatfs_sd.o
 .text.SD_PowerOn
                0x080003c8       0x84 ./Core/Src/fatfs_sd.o
 .text.SD_PowerOff
                0x0800044c       0x18 ./Core/Src/fatfs_sd.o
 .text.SD_CheckPower
                0x08000464       0x14 ./Core/Src/fatfs_sd.o
 .text.SD_RxDataBlock
                0x08000478       0x5c ./Core/Src/fatfs_sd.o
 .text.SD_TxDataBlock
                0x080004d4       0x86 ./Core/Src/fatfs_sd.o
 .text.SD_SendCmd
                0x0800055a       0xa8 ./Core/Src/fatfs_sd.o
 *fill*         0x08000602        0x2 
 .text.SD_disk_initialize
                0x08000604      0x1cc ./Core/Src/fatfs_sd.o
                0x08000604                SD_disk_initialize
 .text.SD_disk_status
                0x080007d0       0x28 ./Core/Src/fatfs_sd.o
                0x080007d0                SD_disk_status
 .text.SD_disk_read
                0x080007f8       0xd4 ./Core/Src/fatfs_sd.o
                0x080007f8                SD_disk_read
 .text.SD_disk_write
                0x080008cc      0x108 ./Core/Src/fatfs_sd.o
                0x080008cc                SD_disk_write
 .text.SD_disk_ioctl
                0x080009d4      0x254 ./Core/Src/fatfs_sd.o
                0x080009d4                SD_disk_ioctl
 .text.clear_buffer
                0x08000c28       0x34 ./Core/Src/main.o
                0x08000c28                clear_buffer
 .text.HAL_UART_RxCpltCallback
                0x08000c5c       0x24 ./Core/Src/main.o
                0x08000c5c                HAL_UART_RxCpltCallback
 .text.HAL_TIM_PeriodElapsedCallback
                0x08000c80       0x38 ./Core/Src/main.o
                0x08000c80                HAL_TIM_PeriodElapsedCallback
 .text.main     0x08000cb8      0x17c ./Core/Src/main.o
                0x08000cb8                main
 .text.SystemClock_Config
                0x08000e34       0x8a ./Core/Src/main.o
                0x08000e34                SystemClock_Config
 *fill*         0x08000ebe        0x2 
 .text.MX_CAN_Init
                0x08000ec0       0x6c ./Core/Src/main.o
 .text.MX_SPI1_Init
                0x08000f2c       0x6c ./Core/Src/main.o
 .text.MX_TIM2_Init
                0x08000f98       0x9c ./Core/Src/main.o
 .text.MX_TIM3_Init
                0x08001034       0x9c ./Core/Src/main.o
 .text.MX_USART1_UART_Init
                0x080010d0       0x54 ./Core/Src/main.o
 .text.MX_USART2_UART_Init
                0x08001124       0x54 ./Core/Src/main.o
 .text.MX_GPIO_Init
                0x08001178      0x120 ./Core/Src/main.o
 .text.Error_Handler
                0x08001298        0xc ./Core/Src/main.o
                0x08001298                Error_Handler
 .text.HAL_MspInit
                0x080012a4       0x64 ./Core/Src/stm32f1xx_hal_msp.o
                0x080012a4                HAL_MspInit
 .text.HAL_CAN_MspInit
                0x08001308       0xa8 ./Core/Src/stm32f1xx_hal_msp.o
                0x08001308                HAL_CAN_MspInit
 .text.HAL_SPI_MspInit
                0x080013b0       0x94 ./Core/Src/stm32f1xx_hal_msp.o
                0x080013b0                HAL_SPI_MspInit
 .text.HAL_TIM_Base_MspInit
                0x08001444       0x80 ./Core/Src/stm32f1xx_hal_msp.o
                0x08001444                HAL_TIM_Base_MspInit
 .text.HAL_UART_MspInit
                0x080014c4      0x118 ./Core/Src/stm32f1xx_hal_msp.o
                0x080014c4                HAL_UART_MspInit
 .text.NMI_Handler
                0x080015dc        0x8 ./Core/Src/stm32f1xx_it.o
                0x080015dc                NMI_Handler
 .text.HardFault_Handler
                0x080015e4        0x8 ./Core/Src/stm32f1xx_it.o
                0x080015e4                HardFault_Handler
 .text.MemManage_Handler
                0x080015ec        0x8 ./Core/Src/stm32f1xx_it.o
                0x080015ec                MemManage_Handler
 .text.BusFault_Handler
                0x080015f4        0x8 ./Core/Src/stm32f1xx_it.o
                0x080015f4                BusFault_Handler
 .text.UsageFault_Handler
                0x080015fc        0x8 ./Core/Src/stm32f1xx_it.o
                0x080015fc                UsageFault_Handler
 .text.SVC_Handler
                0x08001604        0xc ./Core/Src/stm32f1xx_it.o
                0x08001604                SVC_Handler
 .text.DebugMon_Handler
                0x08001610        0xc ./Core/Src/stm32f1xx_it.o
                0x08001610                DebugMon_Handler
 .text.PendSV_Handler
                0x0800161c        0xc ./Core/Src/stm32f1xx_it.o
                0x0800161c                PendSV_Handler
 .text.SysTick_Handler
                0x08001628       0x3c ./Core/Src/stm32f1xx_it.o
                0x08001628                SysTick_Handler
 .text.USB_LP_CAN1_RX0_IRQHandler
                0x08001664       0x14 ./Core/Src/stm32f1xx_it.o
                0x08001664                USB_LP_CAN1_RX0_IRQHandler
 .text.TIM2_IRQHandler
                0x08001678       0xa8 ./Core/Src/stm32f1xx_it.o
                0x08001678                TIM2_IRQHandler
 .text.TIM3_IRQHandler
                0x08001720       0x14 ./Core/Src/stm32f1xx_it.o
                0x08001720                TIM3_IRQHandler
 .text.USART1_IRQHandler
                0x08001734       0x14 ./Core/Src/stm32f1xx_it.o
                0x08001734                USART1_IRQHandler
 .text._sbrk    0x08001748       0x6c ./Core/Src/sysmem.o
                0x08001748                _sbrk
 .text.SystemInit
                0x080017b4        0xc ./Core/Src/system_stm32f1xx.o
                0x080017b4                SystemInit
 .text.Reset_Handler
                0x080017c0       0x48 ./Core/Startup/startup_stm32f103c8tx.o
                0x080017c0                Reset_Handler
 .text.Default_Handler
                0x08001808        0x2 ./Core/Startup/startup_stm32f103c8tx.o
                0x08001808                RTC_Alarm_IRQHandler
                0x08001808                EXTI2_IRQHandler
                0x08001808                TIM1_CC_IRQHandler
                0x08001808                PVD_IRQHandler
                0x08001808                EXTI3_IRQHandler
                0x08001808                EXTI0_IRQHandler
                0x08001808                I2C2_EV_IRQHandler
                0x08001808                ADC1_2_IRQHandler
                0x08001808                SPI1_IRQHandler
                0x08001808                TAMPER_IRQHandler
                0x08001808                DMA1_Channel4_IRQHandler
                0x08001808                USART3_IRQHandler
                0x08001808                RTC_IRQHandler
                0x08001808                DMA1_Channel7_IRQHandler
                0x08001808                CAN1_RX1_IRQHandler
                0x08001808                TIM4_IRQHandler
                0x08001808                I2C1_EV_IRQHandler
                0x08001808                DMA1_Channel6_IRQHandler
                0x08001808                RCC_IRQHandler
                0x08001808                TIM1_TRG_COM_IRQHandler
                0x08001808                DMA1_Channel1_IRQHandler
                0x08001808                Default_Handler
                0x08001808                EXTI15_10_IRQHandler
                0x08001808                EXTI9_5_IRQHandler
                0x08001808                SPI2_IRQHandler
                0x08001808                DMA1_Channel5_IRQHandler
                0x08001808                EXTI4_IRQHandler
                0x08001808                USB_HP_CAN1_TX_IRQHandler
                0x08001808                DMA1_Channel3_IRQHandler
                0x08001808                TIM1_UP_IRQHandler
                0x08001808                WWDG_IRQHandler
                0x08001808                TIM1_BRK_IRQHandler
                0x08001808                EXTI1_IRQHandler
                0x08001808                USART2_IRQHandler
                0x08001808                I2C2_ER_IRQHandler
                0x08001808                DMA1_Channel2_IRQHandler
                0x08001808                CAN1_SCE_IRQHandler
                0x08001808                FLASH_IRQHandler
                0x08001808                I2C1_ER_IRQHandler
                0x08001808                USBWakeUp_IRQHandler
 *fill*         0x0800180a        0x2 
 .text.CANBUS_ConfigFilter_Init
                0x0800180c       0x70 ./Drivers/My_Drivers/Canbus_App/Canbus.o
                0x0800180c                CANBUS_ConfigFilter_Init
 .text.CANBUS_Init
                0x0800187c       0x20 ./Drivers/My_Drivers/Canbus_App/Canbus.o
                0x0800187c                CANBUS_Init
 .text.HAL_CAN_RxFifo0MsgPendingCallback
                0x0800189c       0x78 ./Drivers/My_Drivers/Canbus_App/Canbus.o
                0x0800189c                HAL_CAN_RxFifo0MsgPendingCallback
 .text.Send_BMSMsgPacket_To_Nextion
                0x08001914      0x2b4 ./Drivers/My_Drivers/Nextion_App/Nextion.o
                0x08001914                Send_BMSMsgPacket_To_Nextion
 .text.Create_BMSMsgPacket_For_Nextion
                0x08001bc8      0x11c ./Drivers/My_Drivers/Nextion_App/Nextion.o
                0x08001bc8                Create_BMSMsgPacket_For_Nextion
 .text.nextion_uzunlar
                0x08001ce4       0x38 ./Drivers/My_Drivers/Nextion_App/Nextion.o
                0x08001ce4                nextion_uzunlar
 .text.nextion_dortlu
                0x08001d1c       0x50 ./Drivers/My_Drivers/Nextion_App/Nextion.o
                0x08001d1c                nextion_dortlu
 .text.nextion_sol_sinyal
                0x08001d6c       0x50 ./Drivers/My_Drivers/Nextion_App/Nextion.o
                0x08001d6c                nextion_sol_sinyal
 .text.nextion_sag_sinyal
                0x08001dbc       0x50 ./Drivers/My_Drivers/Nextion_App/Nextion.o
                0x08001dbc                nextion_sag_sinyal
 .text.Create_BCM_MsgPacket_For_Nextion
                0x08001e0c       0xd4 ./Drivers/My_Drivers/Nextion_App/Nextion.o
                0x08001e0c                Create_BCM_MsgPacket_For_Nextion
 .text.Create_SPEED_MsgPacket_For_Nextion
                0x08001ee0       0x6c ./Drivers/My_Drivers/Nextion_App/Nextion.o
                0x08001ee0                Create_SPEED_MsgPacket_For_Nextion
 .text.Create_CURRENT_MsgPacket_For_Nextion
                0x08001f4c       0x90 ./Drivers/My_Drivers/Nextion_App/Nextion.o
                0x08001f4c                Create_CURRENT_MsgPacket_For_Nextion
 .text.Nextion_Fault
                0x08001fdc      0x100 ./Drivers/My_Drivers/Nextion_App/Nextion.o
                0x08001fdc                Nextion_Fault
 .text.Nextion_Incomming_Packet_ID_From_CANBUS
                0x080020dc       0xa0 ./Drivers/My_Drivers/Nextion_App/Nextion.o
                0x080020dc                Nextion_Incomming_Packet_ID_From_CANBUS
 .text.Create_BMS_MsgPacket_For_LORA
                0x0800217c      0x210 ./Drivers/My_Drivers/Nextion_App/Telemetry_LORA.o
                0x0800217c                Create_BMS_MsgPacket_For_LORA
 .text.Create_BCM_MsgPacket_For_LORA
                0x0800238c       0x68 ./Drivers/My_Drivers/Nextion_App/Telemetry_LORA.o
                0x0800238c                Create_BCM_MsgPacket_For_LORA
 .text.Create_SPEED_MsgPacket_For_LORA
                0x080023f4       0x30 ./Drivers/My_Drivers/Nextion_App/Telemetry_LORA.o
                0x080023f4                Create_SPEED_MsgPacket_For_LORA
 .text.Create_CURRENT_MsgPacket_For_LORA
                0x08002424       0x5c ./Drivers/My_Drivers/Nextion_App/Telemetry_LORA.o
                0x08002424                Create_CURRENT_MsgPacket_For_LORA
 .text.LORA_Incomming_Packet_ID_From_CANBUS
                0x08002480       0x44 ./Drivers/My_Drivers/Nextion_App/Telemetry_LORA.o
                0x08002480                LORA_Incomming_Packet_ID_From_CANBUS
 .text.LORA_Send_Together_DATAS
                0x080024c4       0x94 ./Drivers/My_Drivers/Nextion_App/Telemetry_LORA.o
                0x080024c4                LORA_Send_Together_DATAS
 .text.HAL_Init
                0x08002558       0x2c ./Drivers/STM32F1xx_HAL_Driver/Src/stm32f1xx_hal.o
                0x08002558                HAL_Init
 .text.HAL_InitTick
                0x08002584       0x60 ./Drivers/STM32F1xx_HAL_Driver/Src/stm32f1xx_hal.o
                0x08002584                HAL_InitTick
 .text.HAL_IncTick
                0x080025e4       0x24 ./Drivers/STM32F1xx_HAL_Driver/Src/stm32f1xx_hal.o
                0x080025e4                HAL_IncTick
 .text.HAL_GetTick
                0x08002608       0x14 ./Drivers/STM32F1xx_HAL_Driver/Src/stm32f1xx_hal.o
                0x08002608                HAL_GetTick
 .text.HAL_Delay
                0x0800261c       0x48 ./Drivers/STM32F1xx_HAL_Driver/Src/stm32f1xx_hal.o
                0x0800261c                HAL_Delay
 .text.HAL_CAN_Init
                0x08002664      0x1f6 ./Drivers/STM32F1xx_HAL_Driver/Src/stm32f1xx_hal_can.o
                0x08002664                HAL_CAN_Init
 .text.HAL_CAN_ConfigFilter
                0x0800285a      0x192 ./Drivers/STM32F1xx_HAL_Driver/Src/stm32f1xx_hal_can.o
                0x0800285a                HAL_CAN_ConfigFilter
 .text.HAL_CAN_Start
                0x080029ec       0x88 ./Drivers/STM32F1xx_HAL_Driver/Src/stm32f1xx_hal_can.o
                0x080029ec                HAL_CAN_Start
 .text.HAL_CAN_GetRxMessage
                0x08002a74      0x222 ./Drivers/STM32F1xx_HAL_Driver/Src/stm32f1xx_hal_can.o
                0x08002a74                HAL_CAN_GetRxMessage
 .text.HAL_CAN_ActivateNotification
                0x08002c96       0x4a ./Drivers/STM32F1xx_HAL_Driver/Src/stm32f1xx_hal_can.o
                0x08002c96                HAL_CAN_ActivateNotification
 .text.HAL_CAN_IRQHandler
                0x08002ce0      0x36e ./Drivers/STM32F1xx_HAL_Driver/Src/stm32f1xx_hal_can.o
                0x08002ce0                HAL_CAN_IRQHandler
 .text.HAL_CAN_TxMailbox0CompleteCallback
                0x0800304e       0x12 ./Drivers/STM32F1xx_HAL_Driver/Src/stm32f1xx_hal_can.o
                0x0800304e                HAL_CAN_TxMailbox0CompleteCallback
 .text.HAL_CAN_TxMailbox1CompleteCallback
                0x08003060       0x12 ./Drivers/STM32F1xx_HAL_Driver/Src/stm32f1xx_hal_can.o
                0x08003060                HAL_CAN_TxMailbox1CompleteCallback
 .text.HAL_CAN_TxMailbox2CompleteCallback
                0x08003072       0x12 ./Drivers/STM32F1xx_HAL_Driver/Src/stm32f1xx_hal_can.o
                0x08003072                HAL_CAN_TxMailbox2CompleteCallback
 .text.HAL_CAN_TxMailbox0AbortCallback
                0x08003084       0x12 ./Drivers/STM32F1xx_HAL_Driver/Src/stm32f1xx_hal_can.o
                0x08003084                HAL_CAN_TxMailbox0AbortCallback
 .text.HAL_CAN_TxMailbox1AbortCallback
                0x08003096       0x12 ./Drivers/STM32F1xx_HAL_Driver/Src/stm32f1xx_hal_can.o
                0x08003096                HAL_CAN_TxMailbox1AbortCallback
 .text.HAL_CAN_TxMailbox2AbortCallback
                0x080030a8       0x12 ./Drivers/STM32F1xx_HAL_Driver/Src/stm32f1xx_hal_can.o
                0x080030a8                HAL_CAN_TxMailbox2AbortCallback
 .text.HAL_CAN_RxFifo0FullCallback
                0x080030ba       0x12 ./Drivers/STM32F1xx_HAL_Driver/Src/stm32f1xx_hal_can.o
                0x080030ba                HAL_CAN_RxFifo0FullCallback
 .text.HAL_CAN_RxFifo1MsgPendingCallback
                0x080030cc       0x12 ./Drivers/STM32F1xx_HAL_Driver/Src/stm32f1xx_hal_can.o
                0x080030cc                HAL_CAN_RxFifo1MsgPendingCallback
 .text.HAL_CAN_RxFifo1FullCallback
                0x080030de       0x12 ./Drivers/STM32F1xx_HAL_Driver/Src/stm32f1xx_hal_can.o
                0x080030de                HAL_CAN_RxFifo1FullCallback
 .text.HAL_CAN_SleepCallback
                0x080030f0       0x12 ./Drivers/STM32F1xx_HAL_Driver/Src/stm32f1xx_hal_can.o
                0x080030f0                HAL_CAN_SleepCallback
 .text.HAL_CAN_WakeUpFromRxMsgCallback
                0x08003102       0x12 ./Drivers/STM32F1xx_HAL_Driver/Src/stm32f1xx_hal_can.o
                0x08003102                HAL_CAN_WakeUpFromRxMsgCallback
 .text.HAL_CAN_ErrorCallback
                0x08003114       0x12 ./Drivers/STM32F1xx_HAL_Driver/Src/stm32f1xx_hal_can.o
                0x08003114                HAL_CAN_ErrorCallback
 *fill*         0x08003126        0x2 
 .text.__NVIC_SetPriorityGrouping
                0x08003128       0x48 ./Drivers/STM32F1xx_HAL_Driver/Src/stm32f1xx_hal_cortex.o
 .text.__NVIC_GetPriorityGrouping
                0x08003170       0x1c ./Drivers/STM32F1xx_HAL_Driver/Src/stm32f1xx_hal_cortex.o
 .text.__NVIC_EnableIRQ
                0x0800318c       0x38 ./Drivers/STM32F1xx_HAL_Driver/Src/stm32f1xx_hal_cortex.o
 .text.__NVIC_SetPriority
                0x080031c4       0x54 ./Drivers/STM32F1xx_HAL_Driver/Src/stm32f1xx_hal_cortex.o
 .text.NVIC_EncodePriority
                0x08003218       0x64 ./Drivers/STM32F1xx_HAL_Driver/Src/stm32f1xx_hal_cortex.o
 .text.SysTick_Config
                0x0800327c       0x44 ./Drivers/STM32F1xx_HAL_Driver/Src/stm32f1xx_hal_cortex.o
 .text.HAL_NVIC_SetPriorityGrouping
                0x080032c0       0x16 ./Drivers/STM32F1xx_HAL_Driver/Src/stm32f1xx_hal_cortex.o
                0x080032c0                HAL_NVIC_SetPriorityGrouping
 .text.HAL_NVIC_SetPriority
                0x080032d6       0x38 ./Drivers/STM32F1xx_HAL_Driver/Src/stm32f1xx_hal_cortex.o
                0x080032d6                HAL_NVIC_SetPriority
 .text.HAL_NVIC_EnableIRQ
                0x0800330e       0x1c ./Drivers/STM32F1xx_HAL_Driver/Src/stm32f1xx_hal_cortex.o
                0x0800330e                HAL_NVIC_EnableIRQ
 .text.HAL_SYSTICK_Config
                0x0800332a       0x18 ./Drivers/STM32F1xx_HAL_Driver/Src/stm32f1xx_hal_cortex.o
                0x0800332a                HAL_SYSTICK_Config
 .text.HAL_DMA_Abort
                0x08003342       0x74 ./Drivers/STM32F1xx_HAL_Driver/Src/stm32f1xx_hal_dma.o
                0x08003342                HAL_DMA_Abort
 *fill*         0x080033b6        0x2 
 .text.HAL_DMA_Abort_IT
                0x080033b8       0xec ./Drivers/STM32F1xx_HAL_Driver/Src/stm32f1xx_hal_dma.o
                0x080033b8                HAL_DMA_Abort_IT
 .text.HAL_FLASH_Program
                0x080034a4       0xe0 ./Drivers/STM32F1xx_HAL_Driver/Src/stm32f1xx_hal_flash.o
                0x080034a4                HAL_FLASH_Program
 .text.HAL_FLASH_Unlock
                0x08003584       0x4c ./Drivers/STM32F1xx_HAL_Driver/Src/stm32f1xx_hal_flash.o
                0x08003584                HAL_FLASH_Unlock
 .text.HAL_FLASH_Lock
                0x080035d0       0x20 ./Drivers/STM32F1xx_HAL_Driver/Src/stm32f1xx_hal_flash.o
                0x080035d0                HAL_FLASH_Lock
 .text.HAL_FLASH_GetError
                0x080035f0       0x14 ./Drivers/STM32F1xx_HAL_Driver/Src/stm32f1xx_hal_flash.o
                0x080035f0                HAL_FLASH_GetError
 .text.FLASH_Program_HalfWord
                0x08003604       0x38 ./Drivers/STM32F1xx_HAL_Driver/Src/stm32f1xx_hal_flash.o
 .text.FLASH_WaitForLastOperation
                0x0800363c       0x8c ./Drivers/STM32F1xx_HAL_Driver/Src/stm32f1xx_hal_flash.o
                0x0800363c                FLASH_WaitForLastOperation
 .text.FLASH_SetErrorCode
                0x080036c8       0xa0 ./Drivers/STM32F1xx_HAL_Driver/Src/stm32f1xx_hal_flash.o
 .text.HAL_FLASHEx_Erase
                0x08003768       0xd8 ./Drivers/STM32F1xx_HAL_Driver/Src/stm32f1xx_hal_flash_ex.o
                0x08003768                HAL_FLASHEx_Erase
 .text.FLASH_MassErase
                0x08003840       0x38 ./Drivers/STM32F1xx_HAL_Driver/Src/stm32f1xx_hal_flash_ex.o
 .text.FLASH_PageErase
                0x08003878       0x40 ./Drivers/STM32F1xx_HAL_Driver/Src/stm32f1xx_hal_flash_ex.o
                0x08003878                FLASH_PageErase
 .text.HAL_GPIO_Init
                0x080038b8      0x308 ./Drivers/STM32F1xx_HAL_Driver/Src/stm32f1xx_hal_gpio.o
                0x080038b8                HAL_GPIO_Init
 .text.HAL_GPIO_WritePin
                0x08003bc0       0x30 ./Drivers/STM32F1xx_HAL_Driver/Src/stm32f1xx_hal_gpio.o
                0x08003bc0                HAL_GPIO_WritePin
 .text.HAL_GPIO_TogglePin
                0x08003bf0       0x32 ./Drivers/STM32F1xx_HAL_Driver/Src/stm32f1xx_hal_gpio.o
                0x08003bf0                HAL_GPIO_TogglePin
 *fill*         0x08003c22        0x2 
 .text.HAL_RCC_OscConfig
                0x08003c24      0x504 ./Drivers/STM32F1xx_HAL_Driver/Src/stm32f1xx_hal_rcc.o
                0x08003c24                HAL_RCC_OscConfig
 .text.HAL_RCC_ClockConfig
                0x08004128      0x1d4 ./Drivers/STM32F1xx_HAL_Driver/Src/stm32f1xx_hal_rcc.o
                0x08004128                HAL_RCC_ClockConfig
 .text.HAL_RCC_GetSysClockFreq
                0x080042fc       0xbc ./Drivers/STM32F1xx_HAL_Driver/Src/stm32f1xx_hal_rcc.o
                0x080042fc                HAL_RCC_GetSysClockFreq
 .text.HAL_RCC_GetHCLKFreq
                0x080043b8       0x14 ./Drivers/STM32F1xx_HAL_Driver/Src/stm32f1xx_hal_rcc.o
                0x080043b8                HAL_RCC_GetHCLKFreq
 .text.HAL_RCC_GetPCLK1Freq
                0x080043cc       0x28 ./Drivers/STM32F1xx_HAL_Driver/Src/stm32f1xx_hal_rcc.o
                0x080043cc                HAL_RCC_GetPCLK1Freq
 .text.HAL_RCC_GetPCLK2Freq
                0x080043f4       0x28 ./Drivers/STM32F1xx_HAL_Driver/Src/stm32f1xx_hal_rcc.o
                0x080043f4                HAL_RCC_GetPCLK2Freq
 .text.RCC_Delay
                0x0800441c       0x3c ./Drivers/STM32F1xx_HAL_Driver/Src/stm32f1xx_hal_rcc.o
 .text.HAL_SPI_Init
                0x08004458      0x108 ./Drivers/STM32F1xx_HAL_Driver/Src/stm32f1xx_hal_spi.o
                0x08004458                HAL_SPI_Init
 .text.HAL_SPI_Transmit
                0x08004560      0x278 ./Drivers/STM32F1xx_HAL_Driver/Src/stm32f1xx_hal_spi.o
                0x08004560                HAL_SPI_Transmit
 .text.HAL_SPI_TransmitReceive
                0x080047d8      0x344 ./Drivers/STM32F1xx_HAL_Driver/Src/stm32f1xx_hal_spi.o
                0x080047d8                HAL_SPI_TransmitReceive
 .text.SPI_WaitFlagStateUntilTimeout
                0x08004b1c      0x110 ./Drivers/STM32F1xx_HAL_Driver/Src/stm32f1xx_hal_spi.o
 .text.SPI_EndRxTxTransaction
                0x08004c2c       0x3c ./Drivers/STM32F1xx_HAL_Driver/Src/stm32f1xx_hal_spi.o
 .text.HAL_TIM_Base_Init
                0x08004c68       0x9e ./Drivers/STM32F1xx_HAL_Driver/Src/stm32f1xx_hal_tim.o
                0x08004c68                HAL_TIM_Base_Init
 *fill*         0x08004d06        0x2 
 .text.HAL_TIM_Base_Start_IT
                0x08004d08       0xa4 ./Drivers/STM32F1xx_HAL_Driver/Src/stm32f1xx_hal_tim.o
                0x08004d08                HAL_TIM_Base_Start_IT
 .text.HAL_TIM_IRQHandler
                0x08004dac      0x210 ./Drivers/STM32F1xx_HAL_Driver/Src/stm32f1xx_hal_tim.o
                0x08004dac                HAL_TIM_IRQHandler
 .text.HAL_TIM_ConfigClockSource
                0x08004fbc      0x188 ./Drivers/STM32F1xx_HAL_Driver/Src/stm32f1xx_hal_tim.o
                0x08004fbc                HAL_TIM_ConfigClockSource
 .text.HAL_TIM_OC_DelayElapsedCallback
                0x08005144       0x12 ./Drivers/STM32F1xx_HAL_Driver/Src/stm32f1xx_hal_tim.o
                0x08005144                HAL_TIM_OC_DelayElapsedCallback
 .text.HAL_TIM_IC_CaptureCallback
                0x08005156       0x12 ./Drivers/STM32F1xx_HAL_Driver/Src/stm32f1xx_hal_tim.o
                0x08005156                HAL_TIM_IC_CaptureCallback
 .text.HAL_TIM_PWM_PulseFinishedCallback
                0x08005168       0x12 ./Drivers/STM32F1xx_HAL_Driver/Src/stm32f1xx_hal_tim.o
                0x08005168                HAL_TIM_PWM_PulseFinishedCallback
 .text.HAL_TIM_TriggerCallback
                0x0800517a       0x12 ./Drivers/STM32F1xx_HAL_Driver/Src/stm32f1xx_hal_tim.o
                0x0800517a                HAL_TIM_TriggerCallback
 .text.TIM_Base_SetConfig
                0x0800518c       0xc4 ./Drivers/STM32F1xx_HAL_Driver/Src/stm32f1xx_hal_tim.o
                0x0800518c                TIM_Base_SetConfig
 .text.TIM_TI1_ConfigInputStage
                0x08005250       0x5c ./Drivers/STM32F1xx_HAL_Driver/Src/stm32f1xx_hal_tim.o
 .text.TIM_TI2_ConfigInputStage
                0x080052ac       0x5e ./Drivers/STM32F1xx_HAL_Driver/Src/stm32f1xx_hal_tim.o
 .text.TIM_ITRx_SetConfig
                0x0800530a       0x34 ./Drivers/STM32F1xx_HAL_Driver/Src/stm32f1xx_hal_tim.o
 .text.TIM_ETR_SetConfig
                0x0800533e       0x3e ./Drivers/STM32F1xx_HAL_Driver/Src/stm32f1xx_hal_tim.o
                0x0800533e                TIM_ETR_SetConfig
 .text.HAL_TIMEx_MasterConfigSynchronization
                0x0800537c       0xbc ./Drivers/STM32F1xx_HAL_Driver/Src/stm32f1xx_hal_tim_ex.o
                0x0800537c                HAL_TIMEx_MasterConfigSynchronization
 .text.HAL_TIMEx_CommutCallback
                0x08005438       0x12 ./Drivers/STM32F1xx_HAL_Driver/Src/stm32f1xx_hal_tim_ex.o
                0x08005438                HAL_TIMEx_CommutCallback
 .text.HAL_TIMEx_BreakCallback
                0x0800544a       0x12 ./Drivers/STM32F1xx_HAL_Driver/Src/stm32f1xx_hal_tim_ex.o
                0x0800544a                HAL_TIMEx_BreakCallback
 .text.HAL_UART_Init
                0x0800545c       0x9a ./Drivers/STM32F1xx_HAL_Driver/Src/stm32f1xx_hal_uart.o
                0x0800545c                HAL_UART_Init
 .text.HAL_UART_Transmit
                0x080054f6      0x124 ./Drivers/STM32F1xx_HAL_Driver/Src/stm32f1xx_hal_uart.o
                0x080054f6                HAL_UART_Transmit
 .text.HAL_UART_Receive_IT
                0x0800561a       0x60 ./Drivers/STM32F1xx_HAL_Driver/Src/stm32f1xx_hal_uart.o
                0x0800561a                HAL_UART_Receive_IT
 *fill*         0x0800567a        0x2 
 .text.HAL_UART_IRQHandler
                0x0800567c      0x354 ./Drivers/STM32F1xx_HAL_Driver/Src/stm32f1xx_hal_uart.o
                0x0800567c                HAL_UART_IRQHandler
 .text.HAL_UART_TxCpltCallback
                0x080059d0       0x12 ./Drivers/STM32F1xx_HAL_Driver/Src/stm32f1xx_hal_uart.o
                0x080059d0                HAL_UART_TxCpltCallback
 .text.HAL_UART_ErrorCallback
                0x080059e2       0x12 ./Drivers/STM32F1xx_HAL_Driver/Src/stm32f1xx_hal_uart.o
                0x080059e2                HAL_UART_ErrorCallback
 .text.HAL_UARTEx_RxEventCallback
                0x080059f4       0x16 ./Drivers/STM32F1xx_HAL_Driver/Src/stm32f1xx_hal_uart.o
                0x080059f4                HAL_UARTEx_RxEventCallback
 .text.UART_WaitOnFlagUntilTimeout
                0x08005a0a       0x94 ./Drivers/STM32F1xx_HAL_Driver/Src/stm32f1xx_hal_uart.o
 .text.UART_Start_Receive_IT
                0x08005a9e       0x72 ./Drivers/STM32F1xx_HAL_Driver/Src/stm32f1xx_hal_uart.o
                0x08005a9e                UART_Start_Receive_IT
 .text.UART_EndRxTransfer
                0x08005b10       0x58 ./Drivers/STM32F1xx_HAL_Driver/Src/stm32f1xx_hal_uart.o
 .text.UART_DMAAbortOnError
                0x08005b68       0x28 ./Drivers/STM32F1xx_HAL_Driver/Src/stm32f1xx_hal_uart.o
 .text.UART_Transmit_IT
                0x08005b90       0x9e ./Drivers/STM32F1xx_HAL_Driver/Src/stm32f1xx_hal_uart.o
 .text.UART_EndTransmit_IT
                0x08005c2e       0x30 ./Drivers/STM32F1xx_HAL_Driver/Src/stm32f1xx_hal_uart.o
 .text.UART_Receive_IT
                0x08005c5e      0x152 ./Drivers/STM32F1xx_HAL_Driver/Src/stm32f1xx_hal_uart.o
 .text.UART_SetConfig
                0x08005db0      0x11c ./Drivers/STM32F1xx_HAL_Driver/Src/stm32f1xx_hal_uart.o
 .text.MX_FATFS_Init
                0x08005ecc       0x24 ./FATFS/App/fatfs.o
                0x08005ecc                MX_FATFS_Init
 .text.get_fattime
                0x08005ef0        0xe ./FATFS/App/fatfs.o
                0x08005ef0                get_fattime
 .text.USER_initialize
                0x08005efe       0x1e ./FATFS/Target/user_diskio.o
                0x08005efe                USER_initialize
 .text.USER_status
                0x08005f1c       0x1e ./FATFS/Target/user_diskio.o
                0x08005f1c                USER_status
 .text.USER_read
                0x08005f3a       0x28 ./FATFS/Target/user_diskio.o
                0x08005f3a                USER_read
 .text.USER_write
                0x08005f62       0x28 ./FATFS/Target/user_diskio.o
                0x08005f62                USER_write
 .text.USER_ioctl
                0x08005f8a       0x28 ./FATFS/Target/user_diskio.o
                0x08005f8a                USER_ioctl
 *fill*         0x08005fb2        0x2 
 .text.disk_status
                0x08005fb4       0x34 ./Middlewares/Third_Party/FatFs/src/diskio.o
                0x08005fb4                disk_status
 .text.disk_initialize
                0x08005fe8       0x4c ./Middlewares/Third_Party/FatFs/src/diskio.o
                0x08005fe8                disk_initialize
 .text.disk_read
                0x08006034       0x40 ./Middlewares/Third_Party/FatFs/src/diskio.o
                0x08006034                disk_read
 .text.disk_write
                0x08006074       0x40 ./Middlewares/Third_Party/FatFs/src/diskio.o
                0x08006074                disk_write
 .text.disk_ioctl
                0x080060b4       0x3c ./Middlewares/Third_Party/FatFs/src/diskio.o
                0x080060b4                disk_ioctl
 .text.mem_cpy  0x080060f0       0x3c ./Middlewares/Third_Party/FatFs/src/ff.o
 .text.mem_set  0x0800612c       0x34 ./Middlewares/Third_Party/FatFs/src/ff.o
 .text.mem_cmp  0x08006160       0x4c ./Middlewares/Third_Party/FatFs/src/ff.o
 .text.chk_chr  0x080061ac       0x34 ./Middlewares/Third_Party/FatFs/src/ff.o
 .text.chk_lock
                0x080061e0       0xe0 ./Middlewares/Third_Party/FatFs/src/ff.o
 .text.enq_lock
                0x080062c0       0x48 ./Middlewares/Third_Party/FatFs/src/ff.o
 .text.inc_lock
                0x08006308      0x178 ./Middlewares/Third_Party/FatFs/src/ff.o
 .text.dec_lock
                0x08006480       0x88 ./Middlewares/Third_Party/FatFs/src/ff.o
 .text.clear_lock
                0x08006508       0x54 ./Middlewares/Third_Party/FatFs/src/ff.o
 .text.sync_window
                0x0800655c       0xa4 ./Middlewares/Third_Party/FatFs/src/ff.o
 .text.move_window
                0x08006600       0x64 ./Middlewares/Third_Party/FatFs/src/ff.o
 .text.sync_fs  0x08006664      0x17e ./Middlewares/Third_Party/FatFs/src/ff.o
 .text.clust2sect
                0x080067e2       0x48 ./Middlewares/Third_Party/FatFs/src/ff.o
                0x080067e2                clust2sect
 .text.get_fat  0x0800682a      0x1f8 ./Middlewares/Third_Party/FatFs/src/ff.o
                0x0800682a                get_fat
 .text.put_fat  0x08006a22      0x2a6 ./Middlewares/Third_Party/FatFs/src/ff.o
                0x08006a22                put_fat
 .text.remove_chain
                0x08006cc8       0xc2 ./Middlewares/Third_Party/FatFs/src/ff.o
 .text.create_chain
                0x08006d8a      0x150 ./Middlewares/Third_Party/FatFs/src/ff.o
 .text.clmt_clust
                0x08006eda       0x80 ./Middlewares/Third_Party/FatFs/src/ff.o
 .text.dir_sdi  0x08006f5a      0x19c ./Middlewares/Third_Party/FatFs/src/ff.o
 .text.dir_next
                0x080070f6      0x294 ./Middlewares/Third_Party/FatFs/src/ff.o
 .text.dir_alloc
                0x0800738a       0x9c ./Middlewares/Third_Party/FatFs/src/ff.o
 .text.ld_clust
                0x08007426       0x60 ./Middlewares/Third_Party/FatFs/src/ff.o
 .text.st_clust
                0x08007486       0x4c ./Middlewares/Third_Party/FatFs/src/ff.o
 *fill*         0x080074d2        0x2 
 .text.cmp_lfn  0x080074d4       0xdc ./Middlewares/Third_Party/FatFs/src/ff.o
 .text.fit_lfn  0x080075b0       0xe8 ./Middlewares/Third_Party/FatFs/src/ff.o
 .text.gen_numname
                0x08007698      0x11c ./Middlewares/Third_Party/FatFs/src/ff.o
 .text.sum_sfn  0x080077b4       0x40 ./Middlewares/Third_Party/FatFs/src/ff.o
 .text.dir_find
                0x080077f4      0x198 ./Middlewares/Third_Party/FatFs/src/ff.o
 .text.dir_register
                0x0800798c      0x248 ./Middlewares/Third_Party/FatFs/src/ff.o
 .text.create_name
                0x08007bd4      0x37c ./Middlewares/Third_Party/FatFs/src/ff.o
 .text.follow_path
                0x08007f50       0xec ./Middlewares/Third_Party/FatFs/src/ff.o
 .text.get_ldnumber
                0x0800803c       0x86 ./Middlewares/Third_Party/FatFs/src/ff.o
 *fill*         0x080080c2        0x2 
 .text.check_fs
                0x080080c4       0xdc ./Middlewares/Third_Party/FatFs/src/ff.o
 .text.find_volume
                0x080081a0      0x670 ./Middlewares/Third_Party/FatFs/src/ff.o
 .text.validate
                0x08008810       0x76 ./Middlewares/Third_Party/FatFs/src/ff.o
 *fill*         0x08008886        0x2 
 .text.f_mount  0x08008888       0x94 ./Middlewares/Third_Party/FatFs/src/ff.o
                0x08008888                f_mount
 .text.f_open   0x0800891c      0x628 ./Middlewares/Third_Party/FatFs/src/ff.o
                0x0800891c                f_open
 .text.f_write  0x08008f44      0x472 ./Middlewares/Third_Party/FatFs/src/ff.o
                0x08008f44                f_write
 .text.f_sync   0x080093b6      0x19c ./Middlewares/Third_Party/FatFs/src/ff.o
                0x080093b6                f_sync
 .text.f_close  0x08009552       0x56 ./Middlewares/Third_Party/FatFs/src/ff.o
                0x08009552                f_close
 .text.f_lseek  0x080095a8      0x5e2 ./Middlewares/Third_Party/FatFs/src/ff.o
                0x080095a8                f_lseek
 .text.putc_bfd
                0x08009b8a       0x7a ./Middlewares/Third_Party/FatFs/src/ff.o
 .text.f_puts   0x08009c04       0x72 ./Middlewares/Third_Party/FatFs/src/ff.o
                0x08009c04                f_puts
 *fill*         0x08009c76        0x2 
 .text.FATFS_LinkDriverEx
                0x08009c78       0x94 ./Middlewares/Third_Party/FatFs/src/ff_gen_drv.o
                0x08009c78                FATFS_LinkDriverEx
 .text.FATFS_LinkDriver
                0x08009d0c       0x1e ./Middlewares/Third_Party/FatFs/src/ff_gen_drv.o
                0x08009d0c                FATFS_LinkDriver
 *fill*         0x08009d2a        0x2 
 .text.ff_convert
                0x08009d2c       0x74 ./Middlewares/Third_Party/FatFs/src/option/ccsbcs.o
                0x08009d2c                ff_convert
 .text.ff_wtoupper
                0x08009da0       0x5c ./Middlewares/Third_Party/FatFs/src/option/ccsbcs.o
                0x08009da0                ff_wtoupper
 .text.sprintf  0x08009dfc       0x44 C:/ST/STM32CubeIDE_1.19.0/STM32CubeIDE/plugins/com.st.stm32cube.ide.mcu.externaltools.gnu-tools-for-stm32.13.3.rel1.win32_1.0.0.202411081344/tools/bin/../lib/gcc/arm-none-eabi/13.3.1/../../../../arm-none-eabi/lib/thumb/v7-m/nofp\libc_nano.a(libc_a-sprintf.o)
                0x08009dfc                siprintf
                0x08009dfc                sprintf
 .text.memset   0x08009e40       0x10 C:/ST/STM32CubeIDE_1.19.0/STM32CubeIDE/plugins/com.st.stm32cube.ide.mcu.externaltools.gnu-tools-for-stm32.13.3.rel1.win32_1.0.0.202411081344/tools/bin/../lib/gcc/arm-none-eabi/13.3.1/../../../../arm-none-eabi/lib/thumb/v7-m/nofp\libc_nano.a(libc_a-memset.o)
                0x08009e40                memset
 .text.__errno  0x08009e50        0xc C:/ST/STM32CubeIDE_1.19.0/STM32CubeIDE/plugins/com.st.stm32cube.ide.mcu.externaltools.gnu-tools-for-stm32.13.3.rel1.win32_1.0.0.202411081344/tools/bin/../lib/gcc/arm-none-eabi/13.3.1/../../../../arm-none-eabi/lib/thumb/v7-m/nofp\libc_nano.a(libc_a-errno.o)
                0x08009e50                __errno
 .text.__libc_init_array
                0x08009e5c       0x48 C:/ST/STM32CubeIDE_1.19.0/STM32CubeIDE/plugins/com.st.stm32cube.ide.mcu.externaltools.gnu-tools-for-stm32.13.3.rel1.win32_1.0.0.202411081344/tools/bin/../lib/gcc/arm-none-eabi/13.3.1/../../../../arm-none-eabi/lib/thumb/v7-m/nofp\libc_nano.a(libc_a-init.o)
                0x08009e5c                __libc_init_array
 .text.__retarget_lock_acquire_recursive
                0x08009ea4        0x2 C:/ST/STM32CubeIDE_1.19.0/STM32CubeIDE/plugins/com.st.stm32cube.ide.mcu.externaltools.gnu-tools-for-stm32.13.3.rel1.win32_1.0.0.202411081344/tools/bin/../lib/gcc/arm-none-eabi/13.3.1/../../../../arm-none-eabi/lib/thumb/v7-m/nofp\libc_nano.a(libc_a-lock.o)
                0x08009ea4                __retarget_lock_acquire_recursive
 .text.__retarget_lock_release_recursive
                0x08009ea6        0x2 C:/ST/STM32CubeIDE_1.19.0/STM32CubeIDE/plugins/com.st.stm32cube.ide.mcu.externaltools.gnu-tools-for-stm32.13.3.rel1.win32_1.0.0.202411081344/tools/bin/../lib/gcc/arm-none-eabi/13.3.1/../../../../arm-none-eabi/lib/thumb/v7-m/nofp\libc_nano.a(libc_a-lock.o)
                0x08009ea6                __retarget_lock_release_recursive
 .text._free_r  0x08009ea8       0x90 C:/ST/STM32CubeIDE_1.19.0/STM32CubeIDE/plugins/com.st.stm32cube.ide.mcu.externaltools.gnu-tools-for-stm32.13.3.rel1.win32_1.0.0.202411081344/tools/bin/../lib/gcc/arm-none-eabi/13.3.1/../../../../arm-none-eabi/lib/thumb/v7-m/nofp\libc_nano.a(libc_a-freer.o)
                0x08009ea8                _free_r
 .text.sbrk_aligned
                0x08009f38       0x44 C:/ST/STM32CubeIDE_1.19.0/STM32CubeIDE/plugins/com.st.stm32cube.ide.mcu.externaltools.gnu-tools-for-stm32.13.3.rel1.win32_1.0.0.202411081344/tools/bin/../lib/gcc/arm-none-eabi/13.3.1/../../../../arm-none-eabi/lib/thumb/v7-m/nofp\libc_nano.a(libc_a-mallocr.o)
 .text._malloc_r
                0x08009f7c      0x100 C:/ST/STM32CubeIDE_1.19.0/STM32CubeIDE/plugins/com.st.stm32cube.ide.mcu.externaltools.gnu-tools-for-stm32.13.3.rel1.win32_1.0.0.202411081344/tools/bin/../lib/gcc/arm-none-eabi/13.3.1/../../../../arm-none-eabi/lib/thumb/v7-m/nofp\libc_nano.a(libc_a-mallocr.o)
                0x08009f7c                _malloc_r
 .text.__malloc_lock
                0x0800a07c        0xc C:/ST/STM32CubeIDE_1.19.0/STM32CubeIDE/plugins/com.st.stm32cube.ide.mcu.externaltools.gnu-tools-for-stm32.13.3.rel1.win32_1.0.0.202411081344/tools/bin/../lib/gcc/arm-none-eabi/13.3.1/../../../../arm-none-eabi/lib/thumb/v7-m/nofp\libc_nano.a(libc_a-mlock.o)
                0x0800a07c                __malloc_lock
 .text.__malloc_unlock
                0x0800a088        0xc C:/ST/STM32CubeIDE_1.19.0/STM32CubeIDE/plugins/com.st.stm32cube.ide.mcu.externaltools.gnu-tools-for-stm32.13.3.rel1.win32_1.0.0.202411081344/tools/bin/../lib/gcc/arm-none-eabi/13.3.1/../../../../arm-none-eabi/lib/thumb/v7-m/nofp\libc_nano.a(libc_a-mlock.o)
                0x0800a088                __malloc_unlock
 .text.__ssputs_r
                0x0800a094       0xb6 C:/ST/STM32CubeIDE_1.19.0/STM32CubeIDE/plugins/com.st.stm32cube.ide.mcu.externaltools.gnu-tools-for-stm32.13.3.rel1.win32_1.0.0.202411081344/tools/bin/../lib/gcc/arm-none-eabi/13.3.1/../../../../arm-none-eabi/lib/thumb/v7-m/nofp\libc_nano.a(libc_a-nano-svfprintf.o)
                0x0800a094                __ssputs_r
 *fill*         0x0800a14a        0x2 
 .text._svfprintf_r
                0x0800a14c      0x1f8 C:/ST/STM32CubeIDE_1.19.0/STM32CubeIDE/plugins/com.st.stm32cube.ide.mcu.externaltools.gnu-tools-for-stm32.13.3.rel1.win32_1.0.0.202411081344/tools/bin/../lib/gcc/arm-none-eabi/13.3.1/../../../../arm-none-eabi/lib/thumb/v7-m/nofp\libc_nano.a(libc_a-nano-svfprintf.o)
                0x0800a14c                _svfiprintf_r
                0x0800a14c                _svfprintf_r
 .text._printf_common
                0x0800a344       0xe4 C:/ST/STM32CubeIDE_1.19.0/STM32CubeIDE/plugins/com.st.stm32cube.ide.mcu.externaltools.gnu-tools-for-stm32.13.3.rel1.win32_1.0.0.202411081344/tools/bin/../lib/gcc/arm-none-eabi/13.3.1/../../../../arm-none-eabi/lib/thumb/v7-m/nofp\libc_nano.a(libc_a-nano-vfprintf_i.o)
                0x0800a344                _printf_common
 .text._printf_i
                0x0800a428      0x23c C:/ST/STM32CubeIDE_1.19.0/STM32CubeIDE/plugins/com.st.stm32cube.ide.mcu.externaltools.gnu-tools-for-stm32.13.3.rel1.win32_1.0.0.202411081344/tools/bin/../lib/gcc/arm-none-eabi/13.3.1/../../../../arm-none-eabi/lib/thumb/v7-m/nofp\libc_nano.a(libc_a-nano-vfprintf_i.o)
                0x0800a428                _printf_i
 .text.memmove  0x0800a664       0x34 C:/ST/STM32CubeIDE_1.19.0/STM32CubeIDE/plugins/com.st.stm32cube.ide.mcu.externaltools.gnu-tools-for-stm32.13.3.rel1.win32_1.0.0.202411081344/tools/bin/../lib/gcc/arm-none-eabi/13.3.1/../../../../arm-none-eabi/lib/thumb/v7-m/nofp\libc_nano.a(libc_a-memmove.o)
                0x0800a664                memmove
 .text._sbrk_r  0x0800a698       0x20 C:/ST/STM32CubeIDE_1.19.0/STM32CubeIDE/plugins/com.st.stm32cube.ide.mcu.externaltools.gnu-tools-for-stm32.13.3.rel1.win32_1.0.0.202411081344/tools/bin/../lib/gcc/arm-none-eabi/13.3.1/../../../../arm-none-eabi/lib/thumb/v7-m/nofp\libc_nano.a(libc_a-sbrkr.o)
                0x0800a698                _sbrk_r
 .text.memchr   0x0800a6b8       0x1c C:/ST/STM32CubeIDE_1.19.0/STM32CubeIDE/plugins/com.st.stm32cube.ide.mcu.externaltools.gnu-tools-for-stm32.13.3.rel1.win32_1.0.0.202411081344/tools/bin/../lib/gcc/arm-none-eabi/13.3.1/../../../../arm-none-eabi/lib/thumb/v7-m/nofp\libc_nano.a(libc_a-memchr-stub.o)
                0x0800a6b8                memchr
 .text.memcpy   0x0800a6d4       0x1c C:/ST/STM32CubeIDE_1.19.0/STM32CubeIDE/plugins/com.st.stm32cube.ide.mcu.externaltools.gnu-tools-for-stm32.13.3.rel1.win32_1.0.0.202411081344/tools/bin/../lib/gcc/arm-none-eabi/13.3.1/../../../../arm-none-eabi/lib/thumb/v7-m/nofp\libc_nano.a(libc_a-memcpy-stub.o)
                0x0800a6d4                memcpy
 .text._realloc_r
                0x0800a6f0       0x5c C:/ST/STM32CubeIDE_1.19.0/STM32CubeIDE/plugins/com.st.stm32cube.ide.mcu.externaltools.gnu-tools-for-stm32.13.3.rel1.win32_1.0.0.202411081344/tools/bin/../lib/gcc/arm-none-eabi/13.3.1/../../../../arm-none-eabi/lib/thumb/v7-m/nofp\libc_nano.a(libc_a-reallocr.o)
                0x0800a6f0                _realloc_r
 .text._malloc_usable_size_r
                0x0800a74c       0x10 C:/ST/STM32CubeIDE_1.19.0/STM32CubeIDE/plugins/com.st.stm32cube.ide.mcu.externaltools.gnu-tools-for-stm32.13.3.rel1.win32_1.0.0.202411081344/tools/bin/../lib/gcc/arm-none-eabi/13.3.1/../../../../arm-none-eabi/lib/thumb/v7-m/nofp\libc_nano.a(libc_a-msizer.o)
                0x0800a74c                _malloc_usable_size_r
 *(.glue_7)
 .glue_7        0x0800a75c        0x0 linker stubs
 *(.glue_7t)
 .glue_7t       0x0800a75c        0x0 linker stubs
 *(.eh_frame)
 .eh_frame      0x0800a75c        0x0 C:/ST/STM32CubeIDE_1.19.0/STM32CubeIDE/plugins/com.st.stm32cube.ide.mcu.externaltools.gnu-tools-for-stm32.13.3.rel1.win32_1.0.0.202411081344/tools/bin/../lib/gcc/arm-none-eabi/13.3.1/thumb/v7-m/nofp/crtbegin.o
 *(.init)
 .init          0x0800a75c        0x4 C:/ST/STM32CubeIDE_1.19.0/STM32CubeIDE/plugins/com.st.stm32cube.ide.mcu.externaltools.gnu-tools-for-stm32.13.3.rel1.win32_1.0.0.202411081344/tools/bin/../lib/gcc/arm-none-eabi/13.3.1/thumb/v7-m/nofp/crti.o
                0x0800a75c                _init
 .init          0x0800a760        0x8 C:/ST/STM32CubeIDE_1.19.0/STM32CubeIDE/plugins/com.st.stm32cube.ide.mcu.externaltools.gnu-tools-for-stm32.13.3.rel1.win32_1.0.0.202411081344/tools/bin/../lib/gcc/arm-none-eabi/13.3.1/thumb/v7-m/nofp/crtn.o
 *(.fini)
 .fini          0x0800a768        0x4 C:/ST/STM32CubeIDE_1.19.0/STM32CubeIDE/plugins/com.st.stm32cube.ide.mcu.externaltools.gnu-tools-for-stm32.13.3.rel1.win32_1.0.0.202411081344/tools/bin/../lib/gcc/arm-none-eabi/13.3.1/thumb/v7-m/nofp/crti.o
                0x0800a768                _fini
 .fini          0x0800a76c        0x8 C:/ST/STM32CubeIDE_1.19.0/STM32CubeIDE/plugins/com.st.stm32cube.ide.mcu.externaltools.gnu-tools-for-stm32.13.3.rel1.win32_1.0.0.202411081344/tools/bin/../lib/gcc/arm-none-eabi/13.3.1/thumb/v7-m/nofp/crtn.o
                0x0800a774                        . = ALIGN (0x4)
                0x0800a774                        _etext = .

.vfp11_veneer   0x0800a774        0x0
 .vfp11_veneer  0x0800a774        0x0 linker stubs

.v4_bx          0x0800a774        0x0
 .v4_bx         0x0800a774        0x0 linker stubs

.iplt           0x0800a774        0x0
 .iplt          0x0800a774        0x0 C:/ST/STM32CubeIDE_1.19.0/STM32CubeIDE/plugins/com.st.stm32cube.ide.mcu.externaltools.gnu-tools-for-stm32.13.3.rel1.win32_1.0.0.202411081344/tools/bin/../lib/gcc/arm-none-eabi/13.3.1/thumb/v7-m/nofp/crtbegin.o

.rodata         0x0800a774      0x80c
                0x0800a774                        . = ALIGN (0x4)
 *(.rodata)
 .rodata        0x0800a774       0x45 ./Core/Src/main.o
 *fill*         0x0800a7b9        0x3 
 .rodata        0x0800a7bc      0x14b ./Drivers/My_Drivers/Nextion_App/Nextion.o
 *fill*         0x0800a907        0x1 
 .rodata        0x0800a908       0x81 ./Drivers/My_Drivers/Nextion_App/Telemetry_LORA.o
 *fill*         0x0800a989        0x3 
 .rodata        0x0800a98c       0x10 ./Drivers/STM32F1xx_HAL_Driver/Src/stm32f1xx_hal_rcc.o
 .rodata        0x0800a99c       0x48 ./Middlewares/Third_Party/FatFs/src/ff.o
 *(.rodata*)
 .rodata.AHBPrescTable
                0x0800a9e4       0x10 ./Core/Src/system_stm32f1xx.o
                0x0800a9e4                AHBPrescTable
 .rodata.APBPrescTable
                0x0800a9f4        0x8 ./Core/Src/system_stm32f1xx.o
                0x0800a9f4                APBPrescTable
 .rodata.ExCvt  0x0800a9fc       0x80 ./Middlewares/Third_Party/FatFs/src/ff.o
 .rodata.LfnOfs
                0x0800aa7c        0xd ./Middlewares/Third_Party/FatFs/src/ff.o
 *fill*         0x0800aa89        0x3 
 .rodata.Tbl    0x0800aa8c      0x100 ./Middlewares/Third_Party/FatFs/src/option/ccsbcs.o
 .rodata.tbl_lower.1
                0x0800ab8c      0x1e0 ./Middlewares/Third_Party/FatFs/src/option/ccsbcs.o
 .rodata.tbl_upper.0
                0x0800ad6c      0x1e0 ./Middlewares/Third_Party/FatFs/src/option/ccsbcs.o
 .rodata._svfprintf_r.str1.1
                0x0800af4c       0x33 C:/ST/STM32CubeIDE_1.19.0/STM32CubeIDE/plugins/com.st.stm32cube.ide.mcu.externaltools.gnu-tools-for-stm32.13.3.rel1.win32_1.0.0.202411081344/tools/bin/../lib/gcc/arm-none-eabi/13.3.1/../../../../arm-none-eabi/lib/thumb/v7-m/nofp\libc_nano.a(libc_a-nano-svfprintf.o)
                                 0x11 (size before relaxing)
 .rodata._printf_i.str1.1
                0x0800af7f       0x22 C:/ST/STM32CubeIDE_1.19.0/STM32CubeIDE/plugins/com.st.stm32cube.ide.mcu.externaltools.gnu-tools-for-stm32.13.3.rel1.win32_1.0.0.202411081344/tools/bin/../lib/gcc/arm-none-eabi/13.3.1/../../../../arm-none-eabi/lib/thumb/v7-m/nofp\libc_nano.a(libc_a-nano-vfprintf_i.o)
                0x0800afa4                        . = ALIGN (0x4)
 *fill*         0x0800af7f        0x1 

.ARM.extab      0x0800af80        0x0
                0x0800af80                        . = ALIGN (0x4)
 *(.ARM.extab* .gnu.linkonce.armextab.*)
                0x0800af80                        . = ALIGN (0x4)

.ARM            0x0800af80        0x8
                0x0800af80                        . = ALIGN (0x4)
                0x0800af80                        __exidx_start = .
 *(.ARM.exidx*)
 .ARM.exidx     0x0800af80        0x8 C:/ST/STM32CubeIDE_1.19.0/STM32CubeIDE/plugins/com.st.stm32cube.ide.mcu.externaltools.gnu-tools-for-stm32.13.3.rel1.win32_1.0.0.202411081344/tools/bin/../lib/gcc/arm-none-eabi/13.3.1/../../../../arm-none-eabi/lib/thumb/v7-m/nofp\libc_nano.a(libc_a-strlen.o)
                0x0800af88                        __exidx_end = .
                0x0800af88                        . = ALIGN (0x4)

.rel.dyn        0x0800af88        0x0
 .rel.iplt      0x0800af88        0x0 C:/ST/STM32CubeIDE_1.19.0/STM32CubeIDE/plugins/com.st.stm32cube.ide.mcu.externaltools.gnu-tools-for-stm32.13.3.rel1.win32_1.0.0.202411081344/tools/bin/../lib/gcc/arm-none-eabi/13.3.1/thumb/v7-m/nofp/crtbegin.o

.preinit_array  0x0800af88        0x0
                0x0800af88                        . = ALIGN (0x4)
                0x0800af88                        PROVIDE (__preinit_array_start = .)
 *(.preinit_array*)
                0x0800af88                        PROVIDE (__preinit_array_end = .)
                0x0800af88                        . = ALIGN (0x4)

.init_array     0x0800af88        0x4
                0x0800af88                        . = ALIGN (0x4)
                0x0800af88                        PROVIDE (__init_array_start = .)
 *(SORT_BY_NAME(.init_array.*))
 *(.init_array*)
 .init_array    0x0800af88        0x4 C:/ST/STM32CubeIDE_1.19.0/STM32CubeIDE/plugins/com.st.stm32cube.ide.mcu.externaltools.gnu-tools-for-stm32.13.3.rel1.win32_1.0.0.202411081344/tools/bin/../lib/gcc/arm-none-eabi/13.3.1/thumb/v7-m/nofp/crtbegin.o
                0x0800af8c                        PROVIDE (__init_array_end = .)
                0x0800af8c                        . = ALIGN (0x4)

.fini_array     0x0800af8c        0x4
                0x0800af8c                        . = ALIGN (0x4)
                [!provide]                        PROVIDE (__fini_array_start = .)
 *(SORT_BY_NAME(.fini_array.*))
 *(.fini_array*)
 .fini_array    0x0800af8c        0x4 C:/ST/STM32CubeIDE_1.19.0/STM32CubeIDE/plugins/com.st.stm32cube.ide.mcu.externaltools.gnu-tools-for-stm32.13.3.rel1.win32_1.0.0.202411081344/tools/bin/../lib/gcc/arm-none-eabi/13.3.1/thumb/v7-m/nofp/crtbegin.o
                [!provide]                        PROVIDE (__fini_array_end = .)
                0x0800af90                        . = ALIGN (0x4)
                0x0800af90                        _sidata = LOADADDR (.data)

.data           0x20000000       0xe8 load address 0x0800af90
                0x20000000                        . = ALIGN (0x4)
                0x20000000                        _sdata = .
 *(.data)
 *(.data*)
 .data.Stat     0x20000000        0x1 ./Core/Src/fatfs_sd.o
 *fill*         0x20000001        0x3 
 .data.SystemCoreClock
                0x20000004        0x4 ./Core/Src/system_stm32f1xx.o
                0x20000004                SystemCoreClock
 .data.dortlu   0x20000008        0x4 ./Drivers/My_Drivers/Nextion_App/Nextion.o
 .data.uzun_far
                0x2000000c        0x4 ./Drivers/My_Drivers/Nextion_App/Nextion.o
 .data.nex_sol_sinyal
                0x20000010        0x4 ./Drivers/My_Drivers/Nextion_App/Nextion.o
 .data.nex_sag_sinyal
                0x20000014        0x4 ./Drivers/My_Drivers/Nextion_App/Nextion.o
 .data.H_BMS    0x20000018        0x4 ./Drivers/My_Drivers/Nextion_App/Nextion.o
 .data.H_BCM    0x2000001c        0x4 ./Drivers/My_Drivers/Nextion_App/Nextion.o
 .data.H_VCU    0x20000020        0x4 ./Drivers/My_Drivers/Nextion_App/Nextion.o
 .data.Nextion_Speed
                0x20000024        0x4 ./Drivers/My_Drivers/Nextion_App/Nextion.o
 .data.Nextion_Current
                0x20000028        0x4 ./Drivers/My_Drivers/Nextion_App/Nextion.o
 .data.Nextion_Battery_Total_Voltage
                0x2000002c        0x4 ./Drivers/My_Drivers/Nextion_App/Nextion.o
                0x2000002c                Nextion_Battery_Total_Voltage
 .data.Nextion_Battery_SOC
                0x20000030        0x4 ./Drivers/My_Drivers/Nextion_App/Nextion.o
 .data.Nextion_Battery_Max_Temperature
                0x20000034        0x4 ./Drivers/My_Drivers/Nextion_App/Nextion.o
 .data.Nextion_Motor_Temperature
                0x20000038        0x4 ./Drivers/My_Drivers/Nextion_App/Nextion.o
                0x20000038                Nextion_Motor_Temperature
 .data.Nextion_Driver_Temperature
                0x2000003c        0x4 ./Drivers/My_Drivers/Nextion_App/Nextion.o
                0x2000003c                Nextion_Driver_Temperature
 .data.Nextion_Ending
                0x20000040        0x3 ./Drivers/My_Drivers/Nextion_App/Nextion.o
                0x20000040                Nextion_Ending
 *fill*         0x20000043        0x1 
 .data.LORA_BCM_Buffer
                0x20000044       0x19 ./Drivers/My_Drivers/Nextion_App/Telemetry_LORA.o
                0x20000044                LORA_BCM_Buffer
 *fill*         0x2000005d        0x3 
 .data.LORA_SPEED_Buffer
                0x20000060        0xa ./Drivers/My_Drivers/Nextion_App/Telemetry_LORA.o
                0x20000060                LORA_SPEED_Buffer
 *fill*         0x2000006a        0x2 
 .data.LORA_CURRENT_Buffer
                0x2000006c        0xa ./Drivers/My_Drivers/Nextion_App/Telemetry_LORA.o
                0x2000006c                LORA_CURRENT_Buffer
 *fill*         0x20000076        0x2 
 .data.xchar    0x20000078        0x2 ./Drivers/My_Drivers/Nextion_App/Telemetry_LORA.o
                0x20000078                xchar
 *fill*         0x2000007a        0x2 
 .data.uwTickPrio
                0x2000007c        0x4 ./Drivers/STM32F1xx_HAL_Driver/Src/stm32f1xx_hal.o
                0x2000007c                uwTickPrio
 .data.uwTickFreq
                0x20000080        0x1 ./Drivers/STM32F1xx_HAL_Driver/Src/stm32f1xx_hal.o
                0x20000080                uwTickFreq
 *fill*         0x20000081        0x3 
 .data.USER_Driver
                0x20000084       0x14 ./FATFS/Target/user_diskio.o
                0x20000084                USER_Driver
 .data._impure_ptr
                0x20000098        0x4 C:/ST/STM32CubeIDE_1.19.0/STM32CubeIDE/plugins/com.st.stm32cube.ide.mcu.externaltools.gnu-tools-for-stm32.13.3.rel1.win32_1.0.0.202411081344/tools/bin/../lib/gcc/arm-none-eabi/13.3.1/../../../../arm-none-eabi/lib/thumb/v7-m/nofp\libc_nano.a(libc_a-impure.o)
                0x20000098                _impure_ptr
 .data._impure_data
                0x2000009c       0x4c C:/ST/STM32CubeIDE_1.19.0/STM32CubeIDE/plugins/com.st.stm32cube.ide.mcu.externaltools.gnu-tools-for-stm32.13.3.rel1.win32_1.0.0.202411081344/tools/bin/../lib/gcc/arm-none-eabi/13.3.1/../../../../arm-none-eabi/lib/thumb/v7-m/nofp\libc_nano.a(libc_a-impure.o)
                0x2000009c                _impure_data
 *(.RamFunc)
 *(.RamFunc*)
                0x200000e8                        . = ALIGN (0x4)
                0x200000e8                        _edata = .

.igot.plt       0x200000e8        0x0 load address 0x0800b078
 .igot.plt      0x200000e8        0x0 C:/ST/STM32CubeIDE_1.19.0/STM32CubeIDE/plugins/com.st.stm32cube.ide.mcu.externaltools.gnu-tools-for-stm32.13.3.rel1.win32_1.0.0.202411081344/tools/bin/../lib/gcc/arm-none-eabi/13.3.1/thumb/v7-m/nofp/crtbegin.o
                0x200000e8                        . = ALIGN (0x4)

.bss            0x200000e8     0x28fc load address 0x0800b078
                0x200000e8                        _sbss = .
                0x200000e8                        __bss_start__ = _sbss
 *(.bss)
 .bss           0x200000e8       0x1c C:/ST/STM32CubeIDE_1.19.0/STM32CubeIDE/plugins/com.st.stm32cube.ide.mcu.externaltools.gnu-tools-for-stm32.13.3.rel1.win32_1.0.0.202411081344/tools/bin/../lib/gcc/arm-none-eabi/13.3.1/thumb/v7-m/nofp/crtbegin.o
 *(.bss*)
 .bss.EraseInitStruct.0
                0x20000104       0x10 ./Core/Src/FlASH_PAGE_F1.o
 .bss.Timer1    0x20000114        0x2 ./Core/Src/fatfs_sd.o
                0x20000114                Timer1
 .bss.Timer2    0x20000116        0x2 ./Core/Src/fatfs_sd.o
                0x20000116                Timer2
 .bss.CardType  0x20000118        0x1 ./Core/Src/fatfs_sd.o
 .bss.PowerFlag
                0x20000119        0x1 ./Core/Src/fatfs_sd.o
 *fill*         0x2000011a        0x2 
 .bss.hcan      0x2000011c       0x28 ./Core/Src/main.o
                0x2000011c                hcan
 .bss.hspi1     0x20000144       0x58 ./Core/Src/main.o
                0x20000144                hspi1
 .bss.htim2     0x2000019c       0x48 ./Core/Src/main.o
                0x2000019c                htim2
 .bss.htim3     0x200001e4       0x48 ./Core/Src/main.o
                0x200001e4                htim3
 .bss.huart1    0x2000022c       0x44 ./Core/Src/main.o
                0x2000022c                huart1
 .bss.huart2    0x20000270       0x44 ./Core/Src/main.o
                0x20000270                huart2
 .bss.WriteSD   0x200002b4        0x1 ./Core/Src/main.o
                0x200002b4                WriteSD
 *fill*         0x200002b5        0x3 
 .bss.fs        0x200002b8     0x1030 ./Core/Src/main.o
                0x200002b8                fs
 .bss.fil       0x200012e8     0x102c ./Core/Src/main.o
                0x200012e8                fil
 .bss.fresult   0x20002314        0x1 ./Core/Src/main.o
                0x20002314                fresult
 *fill*         0x20002315        0x3 
 .bss.buffer_file
                0x20002318       0x1e ./Core/Src/main.o
                0x20002318                buffer_file
 *fill*         0x20002336        0x2 
 .bss.buffer    0x20002338       0x1e ./Core/Src/main.o
                0x20002338                buffer
 *fill*         0x20002356        0x2 
 .bss.SD_count  0x20002358        0x4 ./Core/Src/main.o
                0x20002358                SD_count
 .bss.sd_card   0x2000235c       0x14 ./Core/Src/main.o
                0x2000235c                sd_card
 .bss.Hata_sayac
                0x20002370        0x4 ./Core/Src/main.o
                0x20002370                Hata_sayac
 .bss.__sbrk_heap_end
                0x20002374        0x4 ./Core/Src/sysmem.o
 .bss.TxHeader  0x20002378       0x18 ./Drivers/My_Drivers/Canbus_App/Canbus.o
                0x20002378                TxHeader
 .bss.RxHeader  0x20002390       0x1c ./Drivers/My_Drivers/Canbus_App/Canbus.o
                0x20002390                RxHeader
 .bss.Canfil    0x200023ac       0x28 ./Drivers/My_Drivers/Canbus_App/Canbus.o
                0x200023ac                Canfil
 .bss.CAN_ID    0x200023d4        0x1 ./Drivers/My_Drivers/Canbus_App/Canbus.o
                0x200023d4                CAN_ID
 *fill*         0x200023d5        0x3 
 .bss.CanRX     0x200023d8        0x8 ./Drivers/My_Drivers/Canbus_App/Canbus.o
                0x200023d8                CanRX
 .bss.far_stat  0x200023e0        0x1 ./Drivers/My_Drivers/Nextion_App/Nextion.o
                0x200023e0                far_stat
 .bss.dortlu_stat
                0x200023e1        0x1 ./Drivers/My_Drivers/Nextion_App/Nextion.o
                0x200023e1                dortlu_stat
 .bss.sinyal_stat
                0x200023e2        0x1 ./Drivers/My_Drivers/Nextion_App/Nextion.o
                0x200023e2                sinyal_stat
 *fill*         0x200023e3        0x1 
 .bss.Nextion_Buffer
                0x200023e4        0x8 ./Drivers/My_Drivers/Nextion_App/Nextion.o
                0x200023e4                Nextion_Buffer
 .bss.Nextion_BMS_Buffer
                0x200023ec       0x21 ./Drivers/My_Drivers/Nextion_App/Nextion.o
                0x200023ec                Nextion_BMS_Buffer
 .bss.speed     0x2000240d        0x1 ./Drivers/My_Drivers/Nextion_App/Nextion.o
                0x2000240d                speed
 *fill*         0x2000240e        0x2 
 .bss.current   0x20002410        0x4 ./Drivers/My_Drivers/Nextion_App/Nextion.o
                0x20002410                current
 .bss.Sending_Buffer_For_Nextion
                0x20002414       0x32 ./Drivers/My_Drivers/Nextion_App/Nextion.o
                0x20002414                Sending_Buffer_For_Nextion
 *fill*         0x20002446        0x2 
 .bss.fault     0x20002448        0x6 ./Drivers/My_Drivers/Nextion_App/Nextion.o
                0x20002448                fault
 *fill*         0x2000244e        0x2 
 .bss.LORA_Instant_Buffer
                0x20002450       0xc8 ./Drivers/My_Drivers/Nextion_App/Telemetry_LORA.o
                0x20002450                LORA_Instant_Buffer
 .bss.LORA_BMS_Buffer
                0x20002518       0x64 ./Drivers/My_Drivers/Nextion_App/Telemetry_LORA.o
                0x20002518                LORA_BMS_Buffer
 .bss.LORA_Sending_Buffer
                0x2000257c       0xc8 ./Drivers/My_Drivers/Nextion_App/Telemetry_LORA.o
                0x2000257c                LORA_Sending_Buffer
 .bss.uwTick    0x20002644        0x4 ./Drivers/STM32F1xx_HAL_Driver/Src/stm32f1xx_hal.o
                0x20002644                uwTick
 .bss.pFlash    0x20002648       0x20 ./Drivers/STM32F1xx_HAL_Driver/Src/stm32f1xx_hal_flash.o
                0x20002648                pFlash
 .bss.retUSER   0x20002668        0x1 ./FATFS/App/fatfs.o
                0x20002668                retUSER
 *fill*         0x20002669        0x3 
 .bss.USERPath  0x2000266c        0x4 ./FATFS/App/fatfs.o
                0x2000266c                USERPath
 .bss.FatFs     0x20002670        0x4 ./Middlewares/Third_Party/FatFs/src/ff.o
 .bss.Fsid      0x20002674        0x2 ./Middlewares/Third_Party/FatFs/src/ff.o
 *fill*         0x20002676        0x2 
 .bss.Files     0x20002678       0x18 ./Middlewares/Third_Party/FatFs/src/ff.o
 .bss.LfnBuf    0x20002690      0x200 ./Middlewares/Third_Party/FatFs/src/ff.o
 .bss.disk      0x20002890        0xc ./Middlewares/Third_Party/FatFs/src/ff_gen_drv.o
                0x20002890                disk
 .bss.__sf      0x2000289c      0x138 C:/ST/STM32CubeIDE_1.19.0/STM32CubeIDE/plugins/com.st.stm32cube.ide.mcu.externaltools.gnu-tools-for-stm32.13.3.rel1.win32_1.0.0.202411081344/tools/bin/../lib/gcc/arm-none-eabi/13.3.1/../../../../arm-none-eabi/lib/thumb/v7-m/nofp\libc_nano.a(libc_a-findfp.o)
                0x2000289c                __sf
 .bss.errno     0x200029d4        0x4 C:/ST/STM32CubeIDE_1.19.0/STM32CubeIDE/plugins/com.st.stm32cube.ide.mcu.externaltools.gnu-tools-for-stm32.13.3.rel1.win32_1.0.0.202411081344/tools/bin/../lib/gcc/arm-none-eabi/13.3.1/../../../../arm-none-eabi/lib/thumb/v7-m/nofp\libc_nano.a(libc_a-reent.o)
                0x200029d4                errno
 .bss.__lock___malloc_recursive_mutex
                0x200029d8        0x1 C:/ST/STM32CubeIDE_1.19.0/STM32CubeIDE/plugins/com.st.stm32cube.ide.mcu.externaltools.gnu-tools-for-stm32.13.3.rel1.win32_1.0.0.202411081344/tools/bin/../lib/gcc/arm-none-eabi/13.3.1/../../../../arm-none-eabi/lib/thumb/v7-m/nofp\libc_nano.a(libc_a-lock.o)
                0x200029d8                __lock___malloc_recursive_mutex
 *fill*         0x200029d9        0x3 
 .bss.__malloc_sbrk_start
                0x200029dc        0x4 C:/ST/STM32CubeIDE_1.19.0/STM32CubeIDE/plugins/com.st.stm32cube.ide.mcu.externaltools.gnu-tools-for-stm32.13.3.rel1.win32_1.0.0.202411081344/tools/bin/../lib/gcc/arm-none-eabi/13.3.1/../../../../arm-none-eabi/lib/thumb/v7-m/nofp\libc_nano.a(libc_a-mallocr.o)
                0x200029dc                __malloc_sbrk_start
 .bss.__malloc_free_list
                0x200029e0        0x4 C:/ST/STM32CubeIDE_1.19.0/STM32CubeIDE/plugins/com.st.stm32cube.ide.mcu.externaltools.gnu-tools-for-stm32.13.3.rel1.win32_1.0.0.202411081344/tools/bin/../lib/gcc/arm-none-eabi/13.3.1/../../../../arm-none-eabi/lib/thumb/v7-m/nofp\libc_nano.a(libc_a-mallocr.o)
                0x200029e0                __malloc_free_list
 *(COMMON)
                0x200029e4                        . = ALIGN (0x4)
                0x200029e4                        _ebss = .
                0x200029e4                        __bss_end__ = _ebss

._user_heap_stack
                0x200029e4      0x604 load address 0x0800b078
                0x200029e8                        . = ALIGN (0x8)
 *fill*         0x200029e4        0x4 
                [!provide]                        PROVIDE (end = .)
                0x200029e8                        PROVIDE (_end = .)
                0x20002be8                        . = (. + _Min_Heap_Size)
 *fill*         0x200029e8      0x200 
                0x20002fe8                        . = (. + _Min_Stack_Size)
 *fill*         0x20002be8      0x400 
                0x20002fe8                        . = ALIGN (0x8)

/DISCARD/
 libc.a(*)
 libm.a(*)
 libgcc.a(*)

.ARM.attributes
                0x00000000       0x29
 *(.ARM.attributes)
 .ARM.attributes
                0x00000000       0x1d C:/ST/STM32CubeIDE_1.19.0/STM32CubeIDE/plugins/com.st.stm32cube.ide.mcu.externaltools.gnu-tools-for-stm32.13.3.rel1.win32_1.0.0.202411081344/tools/bin/../lib/gcc/arm-none-eabi/13.3.1/thumb/v7-m/nofp/crti.o
 .ARM.attributes
                0x0000001d       0x2d C:/ST/STM32CubeIDE_1.19.0/STM32CubeIDE/plugins/com.st.stm32cube.ide.mcu.externaltools.gnu-tools-for-stm32.13.3.rel1.win32_1.0.0.202411081344/tools/bin/../lib/gcc/arm-none-eabi/13.3.1/thumb/v7-m/nofp/crtbegin.o
 .ARM.attributes
                0x0000004a       0x2d ./Core/Src/FlASH_PAGE_F1.o
 .ARM.attributes
                0x00000077       0x2d ./Core/Src/fatfs_sd.o
 .ARM.attributes
                0x000000a4       0x2d ./Core/Src/main.o
 .ARM.attributes
                0x000000d1       0x2d ./Core/Src/stm32f1xx_hal_msp.o
 .ARM.attributes
                0x000000fe       0x2d ./Core/Src/stm32f1xx_it.o
 .ARM.attributes
                0x0000012b       0x2d ./Core/Src/sysmem.o
 .ARM.attributes
                0x00000158       0x2d ./Core/Src/system_stm32f1xx.o
 .ARM.attributes
                0x00000185       0x21 ./Core/Startup/startup_stm32f103c8tx.o
 .ARM.attributes
                0x000001a6       0x2d ./Drivers/My_Drivers/Canbus_App/Canbus.o
 .ARM.attributes
                0x000001d3       0x2d ./Drivers/My_Drivers/Nextion_App/Nextion.o
 .ARM.attributes
                0x00000200       0x2d ./Drivers/My_Drivers/Nextion_App/Telemetry_LORA.o
 .ARM.attributes
                0x0000022d       0x2d ./Drivers/STM32F1xx_HAL_Driver/Src/stm32f1xx_hal.o
 .ARM.attributes
                0x0000025a       0x2d ./Drivers/STM32F1xx_HAL_Driver/Src/stm32f1xx_hal_can.o
 .ARM.attributes
                0x00000287       0x2d ./Drivers/STM32F1xx_HAL_Driver/Src/stm32f1xx_hal_cortex.o
 .ARM.attributes
                0x000002b4       0x2d ./Drivers/STM32F1xx_HAL_Driver/Src/stm32f1xx_hal_dma.o
 .ARM.attributes
                0x000002e1       0x2d ./Drivers/STM32F1xx_HAL_Driver/Src/stm32f1xx_hal_flash.o
 .ARM.attributes
                0x0000030e       0x2d ./Drivers/STM32F1xx_HAL_Driver/Src/stm32f1xx_hal_flash_ex.o
 .ARM.attributes
                0x0000033b       0x2d ./Drivers/STM32F1xx_HAL_Driver/Src/stm32f1xx_hal_gpio.o
 .ARM.attributes
                0x00000368       0x2d ./Drivers/STM32F1xx_HAL_Driver/Src/stm32f1xx_hal_rcc.o
 .ARM.attributes
                0x00000395       0x2d ./Drivers/STM32F1xx_HAL_Driver/Src/stm32f1xx_hal_spi.o
 .ARM.attributes
                0x000003c2       0x2d ./Drivers/STM32F1xx_HAL_Driver/Src/stm32f1xx_hal_tim.o
 .ARM.attributes
                0x000003ef       0x2d ./Drivers/STM32F1xx_HAL_Driver/Src/stm32f1xx_hal_tim_ex.o
 .ARM.attributes
                0x0000041c       0x2d ./Drivers/STM32F1xx_HAL_Driver/Src/stm32f1xx_hal_uart.o
 .ARM.attributes
                0x00000449       0x2d ./FATFS/App/fatfs.o
 .ARM.attributes
                0x00000476       0x2d ./FATFS/Target/user_diskio.o
 .ARM.attributes
                0x000004a3       0x2d ./Middlewares/Third_Party/FatFs/src/diskio.o
 .ARM.attributes
                0x000004d0       0x2d ./Middlewares/Third_Party/FatFs/src/ff.o
 .ARM.attributes
                0x000004fd       0x2d ./Middlewares/Third_Party/FatFs/src/ff_gen_drv.o
 .ARM.attributes
                0x0000052a       0x2d ./Middlewares/Third_Party/FatFs/src/option/ccsbcs.o
 .ARM.attributes
                0x00000557       0x2d C:/ST/STM32CubeIDE_1.19.0/STM32CubeIDE/plugins/com.st.stm32cube.ide.mcu.externaltools.gnu-tools-for-stm32.13.3.rel1.win32_1.0.0.202411081344/tools/bin/../lib/gcc/arm-none-eabi/13.3.1/../../../../arm-none-eabi/lib/thumb/v7-m/nofp\libc_nano.a(libc_a-findfp.o)
 .ARM.attributes
                0x00000584       0x2d C:/ST/STM32CubeIDE_1.19.0/STM32CubeIDE/plugins/com.st.stm32cube.ide.mcu.externaltools.gnu-tools-for-stm32.13.3.rel1.win32_1.0.0.202411081344/tools/bin/../lib/gcc/arm-none-eabi/13.3.1/../../../../arm-none-eabi/lib/thumb/v7-m/nofp\libc_nano.a(libc_a-sprintf.o)
 .ARM.attributes
                0x000005b1       0x2d C:/ST/STM32CubeIDE_1.19.0/STM32CubeIDE/plugins/com.st.stm32cube.ide.mcu.externaltools.gnu-tools-for-stm32.13.3.rel1.win32_1.0.0.202411081344/tools/bin/../lib/gcc/arm-none-eabi/13.3.1/../../../../arm-none-eabi/lib/thumb/v7-m/nofp\libc_nano.a(libc_a-memset.o)
 .ARM.attributes
                0x000005de       0x2d C:/ST/STM32CubeIDE_1.19.0/STM32CubeIDE/plugins/com.st.stm32cube.ide.mcu.externaltools.gnu-tools-for-stm32.13.3.rel1.win32_1.0.0.202411081344/tools/bin/../lib/gcc/arm-none-eabi/13.3.1/../../../../arm-none-eabi/lib/thumb/v7-m/nofp\libc_nano.a(libc_a-reent.o)
 .ARM.attributes
                0x0000060b       0x2d C:/ST/STM32CubeIDE_1.19.0/STM32CubeIDE/plugins/com.st.stm32cube.ide.mcu.externaltools.gnu-tools-for-stm32.13.3.rel1.win32_1.0.0.202411081344/tools/bin/../lib/gcc/arm-none-eabi/13.3.1/../../../../arm-none-eabi/lib/thumb/v7-m/nofp\libc_nano.a(libc_a-impure.o)
 .ARM.attributes
                0x00000638       0x2d C:/ST/STM32CubeIDE_1.19.0/STM32CubeIDE/plugins/com.st.stm32cube.ide.mcu.externaltools.gnu-tools-for-stm32.13.3.rel1.win32_1.0.0.202411081344/tools/bin/../lib/gcc/arm-none-eabi/13.3.1/../../../../arm-none-eabi/lib/thumb/v7-m/nofp\libc_nano.a(libc_a-errno.o)
 .ARM.attributes
                0x00000665       0x2d C:/ST/STM32CubeIDE_1.19.0/STM32CubeIDE/plugins/com.st.stm32cube.ide.mcu.externaltools.gnu-tools-for-stm32.13.3.rel1.win32_1.0.0.202411081344/tools/bin/../lib/gcc/arm-none-eabi/13.3.1/../../../../arm-none-eabi/lib/thumb/v7-m/nofp\libc_nano.a(libc_a-init.o)
 .ARM.attributes
                0x00000692       0x2d C:/ST/STM32CubeIDE_1.19.0/STM32CubeIDE/plugins/com.st.stm32cube.ide.mcu.externaltools.gnu-tools-for-stm32.13.3.rel1.win32_1.0.0.202411081344/tools/bin/../lib/gcc/arm-none-eabi/13.3.1/../../../../arm-none-eabi/lib/thumb/v7-m/nofp\libc_nano.a(libc_a-lock.o)
 .ARM.attributes
                0x000006bf       0x17 C:/ST/STM32CubeIDE_1.19.0/STM32CubeIDE/plugins/com.st.stm32cube.ide.mcu.externaltools.gnu-tools-for-stm32.13.3.rel1.win32_1.0.0.202411081344/tools/bin/../lib/gcc/arm-none-eabi/13.3.1/../../../../arm-none-eabi/lib/thumb/v7-m/nofp\libc_nano.a(libc_a-strlen.o)
 .ARM.attributes
                0x000006d6       0x2d C:/ST/STM32CubeIDE_1.19.0/STM32CubeIDE/plugins/com.st.stm32cube.ide.mcu.externaltools.gnu-tools-for-stm32.13.3.rel1.win32_1.0.0.202411081344/tools/bin/../lib/gcc/arm-none-eabi/13.3.1/../../../../arm-none-eabi/lib/thumb/v7-m/nofp\libc_nano.a(libc_a-freer.o)
 .ARM.attributes
                0x00000703       0x2d C:/ST/STM32CubeIDE_1.19.0/STM32CubeIDE/plugins/com.st.stm32cube.ide.mcu.externaltools.gnu-tools-for-stm32.13.3.rel1.win32_1.0.0.202411081344/tools/bin/../lib/gcc/arm-none-eabi/13.3.1/../../../../arm-none-eabi/lib/thumb/v7-m/nofp\libc_nano.a(libc_a-mallocr.o)
 .ARM.attributes
                0x00000730       0x2d C:/ST/STM32CubeIDE_1.19.0/STM32CubeIDE/plugins/com.st.stm32cube.ide.mcu.externaltools.gnu-tools-for-stm32.13.3.rel1.win32_1.0.0.202411081344/tools/bin/../lib/gcc/arm-none-eabi/13.3.1/../../../../arm-none-eabi/lib/thumb/v7-m/nofp\libc_nano.a(libc_a-mlock.o)
 .ARM.attributes
                0x0000075d       0x2d C:/ST/STM32CubeIDE_1.19.0/STM32CubeIDE/plugins/com.st.stm32cube.ide.mcu.externaltools.gnu-tools-for-stm32.13.3.rel1.win32_1.0.0.202411081344/tools/bin/../lib/gcc/arm-none-eabi/13.3.1/../../../../arm-none-eabi/lib/thumb/v7-m/nofp\libc_nano.a(libc_a-nano-svfprintf.o)
 .ARM.attributes
                0x0000078a       0x2d C:/ST/STM32CubeIDE_1.19.0/STM32CubeIDE/plugins/com.st.stm32cube.ide.mcu.externaltools.gnu-tools-for-stm32.13.3.rel1.win32_1.0.0.202411081344/tools/bin/../lib/gcc/arm-none-eabi/13.3.1/../../../../arm-none-eabi/lib/thumb/v7-m/nofp\libc_nano.a(libc_a-nano-vfprintf_i.o)
 .ARM.attributes
                0x000007b7       0x2d C:/ST/STM32CubeIDE_1.19.0/STM32CubeIDE/plugins/com.st.stm32cube.ide.mcu.externaltools.gnu-tools-for-stm32.13.3.rel1.win32_1.0.0.202411081344/tools/bin/../lib/gcc/arm-none-eabi/13.3.1/../../../../arm-none-eabi/lib/thumb/v7-m/nofp\libc_nano.a(libc_a-memmove.o)
 .ARM.attributes
                0x000007e4       0x2d C:/ST/STM32CubeIDE_1.19.0/STM32CubeIDE/plugins/com.st.stm32cube.ide.mcu.externaltools.gnu-tools-for-stm32.13.3.rel1.win32_1.0.0.202411081344/tools/bin/../lib/gcc/arm-none-eabi/13.3.1/../../../../arm-none-eabi/lib/thumb/v7-m/nofp\libc_nano.a(libc_a-sbrkr.o)
 .ARM.attributes
                0x00000811       0x2d C:/ST/STM32CubeIDE_1.19.0/STM32CubeIDE/plugins/com.st.stm32cube.ide.mcu.externaltools.gnu-tools-for-stm32.13.3.rel1.win32_1.0.0.202411081344/tools/bin/../lib/gcc/arm-none-eabi/13.3.1/../../../../arm-none-eabi/lib/thumb/v7-m/nofp\libc_nano.a(libc_a-memchr-stub.o)
 .ARM.attributes
                0x0000083e       0x2d C:/ST/STM32CubeIDE_1.19.0/STM32CubeIDE/plugins/com.st.stm32cube.ide.mcu.externaltools.gnu-tools-for-stm32.13.3.rel1.win32_1.0.0.202411081344/tools/bin/../lib/gcc/arm-none-eabi/13.3.1/../../../../arm-none-eabi/lib/thumb/v7-m/nofp\libc_nano.a(libc_a-memcpy-stub.o)
 .ARM.attributes
                0x0000086b       0x2d C:/ST/STM32CubeIDE_1.19.0/STM32CubeIDE/plugins/com.st.stm32cube.ide.mcu.externaltools.gnu-tools-for-stm32.13.3.rel1.win32_1.0.0.202411081344/tools/bin/../lib/gcc/arm-none-eabi/13.3.1/../../../../arm-none-eabi/lib/thumb/v7-m/nofp\libc_nano.a(libc_a-reallocr.o)
 .ARM.attributes
                0x00000898       0x2d C:/ST/STM32CubeIDE_1.19.0/STM32CubeIDE/plugins/com.st.stm32cube.ide.mcu.externaltools.gnu-tools-for-stm32.13.3.rel1.win32_1.0.0.202411081344/tools/bin/../lib/gcc/arm-none-eabi/13.3.1/../../../../arm-none-eabi/lib/thumb/v7-m/nofp\libc_nano.a(libc_a-msizer.o)
 .ARM.attributes
                0x000008c5       0x1d C:/ST/STM32CubeIDE_1.19.0/STM32CubeIDE/plugins/com.st.stm32cube.ide.mcu.externaltools.gnu-tools-for-stm32.13.3.rel1.win32_1.0.0.202411081344/tools/bin/../lib/gcc/arm-none-eabi/13.3.1/thumb/v7-m/nofp/crtn.o
OUTPUT(FW_TM_VCU2023_Voptimization.elf elf32-littlearm)
LOAD linker stubs
LOAD C:/ST/STM32CubeIDE_1.19.0/STM32CubeIDE/plugins/com.st.stm32cube.ide.mcu.externaltools.gnu-tools-for-stm32.13.3.rel1.win32_1.0.0.202411081344/tools/bin/../lib/gcc/arm-none-eabi/13.3.1/../../../../arm-none-eabi/lib/thumb/v7-m/nofp\libc.a
LOAD C:/ST/STM32CubeIDE_1.19.0/STM32CubeIDE/plugins/com.st.stm32cube.ide.mcu.externaltools.gnu-tools-for-stm32.13.3.rel1.win32_1.0.0.202411081344/tools/bin/../lib/gcc/arm-none-eabi/13.3.1/../../../../arm-none-eabi/lib/thumb/v7-m/nofp\libm.a
LOAD C:/ST/STM32CubeIDE_1.19.0/STM32CubeIDE/plugins/com.st.stm32cube.ide.mcu.externaltools.gnu-tools-for-stm32.13.3.rel1.win32_1.0.0.202411081344/tools/bin/../lib/gcc/arm-none-eabi/13.3.1/thumb/v7-m/nofp\libgcc.a

.debug_info     0x00000000    0x1496a
 .debug_info    0x00000000      0x4dd ./Core/Src/FlASH_PAGE_F1.o
 .debug_info    0x000004dd      0xba9 ./Core/Src/fatfs_sd.o
 .debug_info    0x00001086     0x1bf6 ./Core/Src/main.o
 .debug_info    0x00002c7c     0x1494 ./Core/Src/stm32f1xx_hal_msp.o
 .debug_info    0x00004110      0xe34 ./Core/Src/stm32f1xx_it.o
 .debug_info    0x00004f44      0x164 ./Core/Src/sysmem.o
 .debug_info    0x000050a8      0x21e ./Core/Src/system_stm32f1xx.o
 .debug_info    0x000052c6       0x30 ./Core/Startup/startup_stm32f103c8tx.o
 .debug_info    0x000052f6      0x845 ./Drivers/My_Drivers/Canbus_App/Canbus.o
 .debug_info    0x00005b3b      0x986 ./Drivers/My_Drivers/Nextion_App/Nextion.o
 .debug_info    0x000064c1      0x851 ./Drivers/My_Drivers/Nextion_App/Telemetry_LORA.o
 .debug_info    0x00006d12      0x700 ./Drivers/STM32F1xx_HAL_Driver/Src/stm32f1xx_hal.o
 .debug_info    0x00007412      0xf06 ./Drivers/STM32F1xx_HAL_Driver/Src/stm32f1xx_hal_can.o
 .debug_info    0x00008318      0xa83 ./Drivers/STM32F1xx_HAL_Driver/Src/stm32f1xx_hal_cortex.o
 .debug_info    0x00008d9b      0x6c9 ./Drivers/STM32F1xx_HAL_Driver/Src/stm32f1xx_hal_dma.o
 .debug_info    0x00009464      0x4f4 ./Drivers/STM32F1xx_HAL_Driver/Src/stm32f1xx_hal_flash.o
 .debug_info    0x00009958      0x773 ./Drivers/STM32F1xx_HAL_Driver/Src/stm32f1xx_hal_flash_ex.o
 .debug_info    0x0000a0cb      0x5a7 ./Drivers/STM32F1xx_HAL_Driver/Src/stm32f1xx_hal_gpio.o
 .debug_info    0x0000a672      0x7e5 ./Drivers/STM32F1xx_HAL_Driver/Src/stm32f1xx_hal_rcc.o
 .debug_info    0x0000ae57     0x14fa ./Drivers/STM32F1xx_HAL_Driver/Src/stm32f1xx_hal_spi.o
 .debug_info    0x0000c351     0x2785 ./Drivers/STM32F1xx_HAL_Driver/Src/stm32f1xx_hal_tim.o
 .debug_info    0x0000ead6     0x13ed ./Drivers/STM32F1xx_HAL_Driver/Src/stm32f1xx_hal_tim_ex.o
 .debug_info    0x0000fec3     0x148f ./Drivers/STM32F1xx_HAL_Driver/Src/stm32f1xx_hal_uart.o
 .debug_info    0x00011352      0x4d9 ./FATFS/App/fatfs.o
 .debug_info    0x0001182b      0x3ab ./FATFS/Target/user_diskio.o
 .debug_info    0x00011bd6      0x3d6 ./Middlewares/Third_Party/FatFs/src/diskio.o
 .debug_info    0x00011fac     0x24d9 ./Middlewares/Third_Party/FatFs/src/ff.o
 .debug_info    0x00014485      0x376 ./Middlewares/Third_Party/FatFs/src/ff_gen_drv.o
 .debug_info    0x000147fb      0x16f ./Middlewares/Third_Party/FatFs/src/option/ccsbcs.o

.debug_abbrev   0x00000000     0x3bed
 .debug_abbrev  0x00000000      0x20b ./Core/Src/FlASH_PAGE_F1.o
 .debug_abbrev  0x0000020b      0x300 ./Core/Src/fatfs_sd.o
 .debug_abbrev  0x0000050b      0x391 ./Core/Src/main.o
 .debug_abbrev  0x0000089c      0x259 ./Core/Src/stm32f1xx_hal_msp.o
 .debug_abbrev  0x00000af5      0x260 ./Core/Src/stm32f1xx_it.o
 .debug_abbrev  0x00000d55       0xba ./Core/Src/sysmem.o
 .debug_abbrev  0x00000e0f      0x13d ./Core/Src/system_stm32f1xx.o
 .debug_abbrev  0x00000f4c       0x24 ./Core/Startup/startup_stm32f103c8tx.o
 .debug_abbrev  0x00000f70      0x21c ./Drivers/My_Drivers/Canbus_App/Canbus.o
 .debug_abbrev  0x0000118c      0x26a ./Drivers/My_Drivers/Nextion_App/Nextion.o
 .debug_abbrev  0x000013f6      0x206 ./Drivers/My_Drivers/Nextion_App/Telemetry_LORA.o
 .debug_abbrev  0x000015fc      0x1ff ./Drivers/STM32F1xx_HAL_Driver/Src/stm32f1xx_hal.o
 .debug_abbrev  0x000017fb      0x224 ./Drivers/STM32F1xx_HAL_Driver/Src/stm32f1xx_hal_can.o
 .debug_abbrev  0x00001a1f      0x2f6 ./Drivers/STM32F1xx_HAL_Driver/Src/stm32f1xx_hal_cortex.o
 .debug_abbrev  0x00001d15      0x209 ./Drivers/STM32F1xx_HAL_Driver/Src/stm32f1xx_hal_dma.o
 .debug_abbrev  0x00001f1e      0x24e ./Drivers/STM32F1xx_HAL_Driver/Src/stm32f1xx_hal_flash.o
 .debug_abbrev  0x0000216c      0x245 ./Drivers/STM32F1xx_HAL_Driver/Src/stm32f1xx_hal_flash_ex.o
 .debug_abbrev  0x000023b1      0x1c8 ./Drivers/STM32F1xx_HAL_Driver/Src/stm32f1xx_hal_gpio.o
 .debug_abbrev  0x00002579      0x2af ./Drivers/STM32F1xx_HAL_Driver/Src/stm32f1xx_hal_rcc.o
 .debug_abbrev  0x00002828      0x282 ./Drivers/STM32F1xx_HAL_Driver/Src/stm32f1xx_hal_spi.o
 .debug_abbrev  0x00002aaa      0x26e ./Drivers/STM32F1xx_HAL_Driver/Src/stm32f1xx_hal_tim.o
 .debug_abbrev  0x00002d18      0x279 ./Drivers/STM32F1xx_HAL_Driver/Src/stm32f1xx_hal_tim_ex.o
 .debug_abbrev  0x00002f91      0x28b ./Drivers/STM32F1xx_HAL_Driver/Src/stm32f1xx_hal_uart.o
 .debug_abbrev  0x0000321c      0x1a6 ./FATFS/App/fatfs.o
 .debug_abbrev  0x000033c2      0x158 ./FATFS/Target/user_diskio.o
 .debug_abbrev  0x0000351a      0x17f ./Middlewares/Third_Party/FatFs/src/diskio.o
 .debug_abbrev  0x00003699      0x2e4 ./Middlewares/Third_Party/FatFs/src/ff.o
 .debug_abbrev  0x0000397d      0x19d ./Middlewares/Third_Party/FatFs/src/ff_gen_drv.o
 .debug_abbrev  0x00003b1a       0xd3 ./Middlewares/Third_Party/FatFs/src/option/ccsbcs.o

.debug_aranges  0x00000000     0x1598
 .debug_aranges
                0x00000000       0x58 ./Core/Src/FlASH_PAGE_F1.o
 .debug_aranges
                0x00000058       0xa8 ./Core/Src/fatfs_sd.o
 .debug_aranges
                0x00000100       0x80 ./Core/Src/main.o
 .debug_aranges
                0x00000180       0x60 ./Core/Src/stm32f1xx_hal_msp.o
 .debug_aranges
                0x000001e0       0x88 ./Core/Src/stm32f1xx_it.o
 .debug_aranges
                0x00000268       0x20 ./Core/Src/sysmem.o
 .debug_aranges
                0x00000288       0x28 ./Core/Src/system_stm32f1xx.o
 .debug_aranges
                0x000002b0       0x28 ./Core/Startup/startup_stm32f103c8tx.o
 .debug_aranges
                0x000002d8       0x30 ./Drivers/My_Drivers/Canbus_App/Canbus.o
 .debug_aranges
                0x00000308       0x78 ./Drivers/My_Drivers/Nextion_App/Nextion.o
 .debug_aranges
                0x00000380       0x48 ./Drivers/My_Drivers/Nextion_App/Telemetry_LORA.o
 .debug_aranges
                0x000003c8       0xe0 ./Drivers/STM32F1xx_HAL_Driver/Src/stm32f1xx_hal.o
 .debug_aranges
                0x000004a8      0x138 ./Drivers/STM32F1xx_HAL_Driver/Src/stm32f1xx_hal_can.o
 .debug_aranges
                0x000005e0      0x100 ./Drivers/STM32F1xx_HAL_Driver/Src/stm32f1xx_hal_cortex.o
 .debug_aranges
                0x000006e0       0x80 ./Drivers/STM32F1xx_HAL_Driver/Src/stm32f1xx_hal_dma.o
 .debug_aranges
                0x00000760       0x88 ./Drivers/STM32F1xx_HAL_Driver/Src/stm32f1xx_hal_flash.o
 .debug_aranges
                0x000007e8       0x98 ./Drivers/STM32F1xx_HAL_Driver/Src/stm32f1xx_hal_flash_ex.o
 .debug_aranges
                0x00000880       0x58 ./Drivers/STM32F1xx_HAL_Driver/Src/stm32f1xx_hal_gpio.o
 .debug_aranges
                0x000008d8       0x90 ./Drivers/STM32F1xx_HAL_Driver/Src/stm32f1xx_hal_rcc.o
 .debug_aranges
                0x00000968      0x1d0 ./Drivers/STM32F1xx_HAL_Driver/Src/stm32f1xx_hal_spi.o
 .debug_aranges
                0x00000b38      0x3d0 ./Drivers/STM32F1xx_HAL_Driver/Src/stm32f1xx_hal_tim.o
 .debug_aranges
                0x00000f08      0x168 ./Drivers/STM32F1xx_HAL_Driver/Src/stm32f1xx_hal_tim_ex.o
 .debug_aranges
                0x00001070      0x200 ./Drivers/STM32F1xx_HAL_Driver/Src/stm32f1xx_hal_uart.o
 .debug_aranges
                0x00001270       0x28 ./FATFS/App/fatfs.o
 .debug_aranges
                0x00001298       0x40 ./FATFS/Target/user_diskio.o
 .debug_aranges
                0x000012d8       0x48 ./Middlewares/Third_Party/FatFs/src/diskio.o
 .debug_aranges
                0x00001320      0x210 ./Middlewares/Third_Party/FatFs/src/ff.o
 .debug_aranges
                0x00001530       0x40 ./Middlewares/Third_Party/FatFs/src/ff_gen_drv.o
 .debug_aranges
                0x00001570       0x28 ./Middlewares/Third_Party/FatFs/src/option/ccsbcs.o

.debug_rnglists
                0x00000000     0x10bf
 .debug_rnglists
                0x00000000       0x3f ./Core/Src/FlASH_PAGE_F1.o
 .debug_rnglists
                0x0000003f       0x80 ./Core/Src/fatfs_sd.o
 .debug_rnglists
                0x000000bf       0x60 ./Core/Src/main.o
 .debug_rnglists
                0x0000011f       0x47 ./Core/Src/stm32f1xx_hal_msp.o
 .debug_rnglists
                0x00000166       0x62 ./Core/Src/stm32f1xx_it.o
 .debug_rnglists
                0x000001c8       0x13 ./Core/Src/sysmem.o
 .debug_rnglists
                0x000001db       0x1a ./Core/Src/system_stm32f1xx.o
 .debug_rnglists
                0x000001f5       0x19 ./Core/Startup/startup_stm32f103c8tx.o
 .debug_rnglists
                0x0000020e       0x1f ./Drivers/My_Drivers/Canbus_App/Canbus.o
 .debug_rnglists
                0x0000022d       0x5b ./Drivers/My_Drivers/Nextion_App/Nextion.o
 .debug_rnglists
                0x00000288       0x33 ./Drivers/My_Drivers/Nextion_App/Telemetry_LORA.o
 .debug_rnglists
                0x000002bb       0xa3 ./Drivers/STM32F1xx_HAL_Driver/Src/stm32f1xx_hal.o
 .debug_rnglists
                0x0000035e       0xee ./Drivers/STM32F1xx_HAL_Driver/Src/stm32f1xx_hal_can.o
 .debug_rnglists
                0x0000044c       0xbb ./Drivers/STM32F1xx_HAL_Driver/Src/stm32f1xx_hal_cortex.o
 .debug_rnglists
                0x00000507       0x64 ./Drivers/STM32F1xx_HAL_Driver/Src/stm32f1xx_hal_dma.o
 .debug_rnglists
                0x0000056b       0x66 ./Drivers/STM32F1xx_HAL_Driver/Src/stm32f1xx_hal_flash.o
 .debug_rnglists
                0x000005d1       0x74 ./Drivers/STM32F1xx_HAL_Driver/Src/stm32f1xx_hal_flash_ex.o
 .debug_rnglists
                0x00000645       0x3f ./Drivers/STM32F1xx_HAL_Driver/Src/stm32f1xx_hal_gpio.o
 .debug_rnglists
                0x00000684       0x6c ./Drivers/STM32F1xx_HAL_Driver/Src/stm32f1xx_hal_rcc.o
 .debug_rnglists
                0x000006f0      0x16e ./Drivers/STM32F1xx_HAL_Driver/Src/stm32f1xx_hal_spi.o
 .debug_rnglists
                0x0000085e      0x31a ./Drivers/STM32F1xx_HAL_Driver/Src/stm32f1xx_hal_tim.o
 .debug_rnglists
                0x00000b78      0x125 ./Drivers/STM32F1xx_HAL_Driver/Src/stm32f1xx_hal_tim_ex.o
 .debug_rnglists
                0x00000c9d      0x1b4 ./Drivers/STM32F1xx_HAL_Driver/Src/stm32f1xx_hal_uart.o
 .debug_rnglists
                0x00000e51       0x19 ./FATFS/App/fatfs.o
 .debug_rnglists
                0x00000e6a       0x2b ./FATFS/Target/user_diskio.o
 .debug_rnglists
                0x00000e95       0x31 ./Middlewares/Third_Party/FatFs/src/diskio.o
 .debug_rnglists
                0x00000ec6      0x1b4 ./Middlewares/Third_Party/FatFs/src/ff.o
 .debug_rnglists
                0x0000107a       0x2c ./Middlewares/Third_Party/FatFs/src/ff_gen_drv.o
 .debug_rnglists
                0x000010a6       0x19 ./Middlewares/Third_Party/FatFs/src/option/ccsbcs.o

.debug_line     0x00000000    0x1339a
 .debug_line    0x00000000      0x62e ./Core/Src/FlASH_PAGE_F1.o
 .debug_line    0x0000062e      0xa72 ./Core/Src/fatfs_sd.o
 .debug_line    0x000010a0      0x9aa ./Core/Src/main.o
 .debug_line    0x00001a4a      0x4fb ./Core/Src/stm32f1xx_hal_msp.o
 .debug_line    0x00001f45      0x56d ./Core/Src/stm32f1xx_it.o
 .debug_line    0x000024b2      0x32d ./Core/Src/sysmem.o
 .debug_line    0x000027df      0x323 ./Core/Src/system_stm32f1xx.o
 .debug_line    0x00002b02       0x79 ./Core/Startup/startup_stm32f103c8tx.o
 .debug_line    0x00002b7b      0x49c ./Drivers/My_Drivers/Canbus_App/Canbus.o
 .debug_line    0x00003017      0x8e8 ./Drivers/My_Drivers/Nextion_App/Nextion.o
 .debug_line    0x000038ff      0x7e4 ./Drivers/My_Drivers/Nextion_App/Telemetry_LORA.o
 .debug_line    0x000040e3      0x5d4 ./Drivers/STM32F1xx_HAL_Driver/Src/stm32f1xx_hal.o
 .debug_line    0x000046b7      0xdc4 ./Drivers/STM32F1xx_HAL_Driver/Src/stm32f1xx_hal_can.o
 .debug_line    0x0000547b      0x72f ./Drivers/STM32F1xx_HAL_Driver/Src/stm32f1xx_hal_cortex.o
 .debug_line    0x00005baa      0x9ac ./Drivers/STM32F1xx_HAL_Driver/Src/stm32f1xx_hal_dma.o
 .debug_line    0x00006556      0x682 ./Drivers/STM32F1xx_HAL_Driver/Src/stm32f1xx_hal_flash.o
 .debug_line    0x00006bd8      0x776 ./Drivers/STM32F1xx_HAL_Driver/Src/stm32f1xx_hal_flash_ex.o
 .debug_line    0x0000734e      0x5dd ./Drivers/STM32F1xx_HAL_Driver/Src/stm32f1xx_hal_gpio.o
 .debug_line    0x0000792b      0xaa6 ./Drivers/STM32F1xx_HAL_Driver/Src/stm32f1xx_hal_rcc.o
 .debug_line    0x000083d1     0x18bd ./Drivers/STM32F1xx_HAL_Driver/Src/stm32f1xx_hal_spi.o
 .debug_line    0x00009c8e     0x2f5e ./Drivers/STM32F1xx_HAL_Driver/Src/stm32f1xx_hal_tim.o
 .debug_line    0x0000cbec     0x145e ./Drivers/STM32F1xx_HAL_Driver/Src/stm32f1xx_hal_tim_ex.o
 .debug_line    0x0000e04a     0x1581 ./Drivers/STM32F1xx_HAL_Driver/Src/stm32f1xx_hal_uart.o
 .debug_line    0x0000f5cb      0x2cb ./FATFS/App/fatfs.o