Archive member included to satisfy reference by file (symbol)

c:/st/stm32cubeide_1.12.0/stm32cubeide/plugins/com.st.stm32cube.ide.mcu.externaltools.gnu-tools-for-stm32.10.3-2021.10.win32_1.0.200.202301161003/tools/bin/../lib/gcc/arm-none-eabi/10.3.1/../../../../arm-none-eabi/lib/thumb/v7-m/nofp\libc_nano.a(lib_a-errno.o)
                              ./Core/Src/syscalls.o (__errno)
c:/st/stm32cubeide_1.12.0/stm32cubeide/plugins/com.st.stm32cube.ide.mcu.externaltools.gnu-tools-for-stm32.10.3-2021.10.win32_1.0.200.202301161003/tools/bin/../lib/gcc/arm-none-eabi/10.3.1/../../../../arm-none-eabi/lib/thumb/v7-m/nofp\libc_nano.a(lib_a-exit.o)
                              c:/st/stm32cubeide_1.12.0/stm32cubeide/plugins/com.st.stm32cube.ide.mcu.externaltools.gnu-tools-for-stm32.10.3-2021.10.win32_1.0.200.202301161003/tools/bin/../lib/gcc/arm-none-eabi/10.3.1/../../../../arm-none-eabi/lib/thumb/v7-m/nofp/crt0.o (exit)
c:/st/stm32cubeide_1.12.0/stm32cubeide/plugins/com.st.stm32cube.ide.mcu.externaltools.gnu-tools-for-stm32.10.3-2021.10.win32_1.0.200.202301161003/tools/bin/../lib/gcc/arm-none-eabi/10.3.1/../../../../arm-none-eabi/lib/thumb/v7-m/nofp\libc_nano.a(lib_a-impure.o)
                              c:/st/stm32cubeide_1.12.0/stm32cubeide/plugins/com.st.stm32cube.ide.mcu.externaltools.gnu-tools-for-stm32.10.3-2021.10.win32_1.0.200.202301161003/tools/bin/../lib/gcc/arm-none-eabi/10.3.1/../../../../arm-none-eabi/lib/thumb/v7-m/nofp\libc_nano.a(lib_a-exit.o) (_global_impure_ptr)
c:/st/stm32cubeide_1.12.0/stm32cubeide/plugins/com.st.stm32cube.ide.mcu.externaltools.gnu-tools-for-stm32.10.3-2021.10.win32_1.0.200.202301161003/tools/bin/../lib/gcc/arm-none-eabi/10.3.1/../../../../arm-none-eabi/lib/thumb/v7-m/nofp\libc_nano.a(lib_a-init.o)
                              c:/st/stm32cubeide_1.12.0/stm32cubeide/plugins/com.st.stm32cube.ide.mcu.externaltools.gnu-tools-for-stm32.10.3-2021.10.win32_1.0.200.202301161003/tools/bin/../lib/gcc/arm-none-eabi/10.3.1/../../../../arm-none-eabi/lib/thumb/v7-m/nofp/crt0.o (__libc_init_array)
c:/st/stm32cubeide_1.12.0/stm32cubeide/plugins/com.st.stm32cube.ide.mcu.externaltools.gnu-tools-for-stm32.10.3-2021.10.win32_1.0.200.202301161003/tools/bin/../lib/gcc/arm-none-eabi/10.3.1/../../../../arm-none-eabi/lib/thumb/v7-m/nofp\libc_nano.a(lib_a-memset.o)
                              c:/st/stm32cubeide_1.12.0/stm32cubeide/plugins/com.st.stm32cube.ide.mcu.externaltools.gnu-tools-for-stm32.10.3-2021.10.win32_1.0.200.202301161003/tools/bin/../lib/gcc/arm-none-eabi/10.3.1/../../../../arm-none-eabi/lib/thumb/v7-m/nofp/crt0.o (memset)
c:/st/stm32cubeide_1.12.0/stm32cubeide/plugins/com.st.stm32cube.ide.mcu.externaltools.gnu-tools-for-stm32.10.3-2021.10.win32_1.0.200.202301161003/tools/bin/../lib/gcc/arm-none-eabi/10.3.1/../../../../arm-none-eabi/lib/thumb/v7-m/nofp\libc_nano.a(lib_a-sprintf.o)
                              ./Core/Src/main.o (sprintf)
c:/st/stm32cubeide_1.12.0/stm32cubeide/plugins/com.st.stm32cube.ide.mcu.externaltools.gnu-tools-for-stm32.10.3-2021.10.win32_1.0.200.202301161003/tools/bin/../lib/gcc/arm-none-eabi/10.3.1/../../../../arm-none-eabi/lib/thumb/v7-m/nofp\libc_nano.a(lib_a-strlen.o)
                              ./Core/Src/FlASH_PAGE_F1.o (strlen)
c:/st/stm32cubeide_1.12.0/stm32cubeide/plugins/com.st.stm32cube.ide.mcu.externaltools.gnu-tools-for-stm32.10.3-2021.10.win32_1.0.200.202301161003/tools/bin/../lib/gcc/arm-none-eabi/10.3.1/../../../../arm-none-eabi/lib/thumb/v7-m/nofp\libc_nano.a(lib_a-nano-svfprintf.o)
                              c:/st/stm32cubeide_1.12.0/stm32cubeide/plugins/com.st.stm32cube.ide.mcu.externaltools.gnu-tools-for-stm32.10.3-2021.10.win32_1.0.200.202301161003/tools/bin/../lib/gcc/arm-none-eabi/10.3.1/../../../../arm-none-eabi/lib/thumb/v7-m/nofp\libc_nano.a(lib_a-sprintf.o) (_svfprintf_r)
c:/st/stm32cubeide_1.12.0/stm32cubeide/plugins/com.st.stm32cube.ide.mcu.externaltools.gnu-tools-for-stm32.10.3-2021.10.win32_1.0.200.202301161003/tools/bin/../lib/gcc/arm-none-eabi/10.3.1/../../../../arm-none-eabi/lib/thumb/v7-m/nofp\libc_nano.a(lib_a-nano-vfprintf_i.o)
                              c:/st/stm32cubeide_1.12.0/stm32cubeide/plugins/com.st.stm32cube.ide.mcu.externaltools.gnu-tools-for-stm32.10.3-2021.10.win32_1.0.200.202301161003/tools/bin/../lib/gcc/arm-none-eabi/10.3.1/../../../../arm-none-eabi/lib/thumb/v7-m/nofp\libc_nano.a(lib_a-nano-svfprintf.o) (_printf_i)
c:/st/stm32cubeide_1.12.0/stm32cubeide/plugins/com.st.stm32cube.ide.mcu.externaltools.gnu-tools-for-stm32.10.3-2021.10.win32_1.0.200.202301161003/tools/bin/../lib/gcc/arm-none-eabi/10.3.1/../../../../arm-none-eabi/lib/thumb/v7-m/nofp\libc_nano.a(lib_a-memchr-stub.o)
                              c:/st/stm32cubeide_1.12.0/stm32cubeide/plugins/com.st.stm32cube.ide.mcu.externaltools.gnu-tools-for-stm32.10.3-2021.10.win32_1.0.200.202301161003/tools/bin/../lib/gcc/arm-none-eabi/10.3.1/../../../../arm-none-eabi/lib/thumb/v7-m/nofp\libc_nano.a(lib_a-nano-svfprintf.o) (memchr)
[...]
Memory Configuration

Name             Origin             Length             Attributes
RAM              0x0000000020000000 0x0000000000005000 xrw
FLASH            0x0000000008000000 0x0000000000010000 xr
*default*        0x0000000000000000 0xffffffffffffffff

Linker script and memory map

LOAD c:/st/stm32cubeide_1.12.0/stm32cubeide/plugins/com.st.stm32cube.ide.mcu.externaltools.gnu-tools-for-stm32.10.3-2021.10.win32_1.0.200.202301161003/tools/bin/../lib/gcc/arm-none-eabi/10.3.1/thumb/v7-m/nofp/crti.o
LOAD c:/st/stm32cubeide_1.12.0/stm32cubeide/plugins/com.st.stm32cube.ide.mcu.externaltools.gnu-tools-for-stm32.10.3-2021.10.win32_1.0.200.202301161003/tools/bin/../lib/gcc/arm-none-eabi/10.3.1/thumb/v7-m/nofp/crtbegin.o
LOAD c:/st/stm32cubeide_1.12.0/stm32cubeide/plugins/com.st.stm32cube.ide.mcu.externaltools.gnu-tools-for-stm32.10.3-2021.10.win32_1.0.200.202301161003/tools/bin/../lib/gcc/arm-none-eabi/10.3.1/../../../../arm-none-eabi/lib/thumb/v7-m/nofp/crt0.o
LOAD ./Core/Src/FlASH_PAGE_F1.o
LOAD ./Core/Src/fatfs_sd.o
LOAD ./Core/Src/main.o
LOAD ./Core/Src/stm32f1xx_hal_msp.o
LOAD ./Core/Src/stm32f1xx_it.o
LOAD ./Core/Src/syscalls.o
LOAD ./Core/Src/sysmem.o
LOAD ./Core/Src/system_stm32f1xx.o
LOAD ./Core/Startup/startup_stm32f103c8tx.o
LOAD ./Drivers/My_Drivers/Canbus_App/Canbus.o
LOAD ./Drivers/My_Drivers/Nextion_App/Nextion.o
LOAD ./Drivers/My_Drivers/Nextion_App/Telemetry_LORA.o
LOAD ./Drivers/STM32F1xx_HAL_Driver/Src/stm32f1xx_hal.o
LOAD ./Drivers/STM32F1xx_HAL_Driver/Src/stm32f1xx_hal_can.o
LOAD ./Drivers/STM32F1xx_HAL_Driver/Src/stm32f1xx_hal_cortex.o
LOAD ./Drivers/STM32F1xx_HAL_Driver/Src/stm32f1xx_hal_dma.o
LOAD ./Drivers/STM32F1xx_HAL_Driver/Src/stm32f1xx_hal_exti.o
LOAD ./Drivers/STM32F1xx_HAL_Driver/Src/stm32f1xx_hal_flash.o
LOAD ./Drivers/STM32F1xx_HAL_Driver/Src/stm32f1xx_hal_flash_ex.o
LOAD ./Drivers/STM32F1xx_HAL_Driver/Src/stm32f1xx_hal_gpio.o
LOAD ./Drivers/STM32F1xx_HAL_Driver/Src/stm32f1xx_hal_gpio_ex.o
LOAD ./Drivers/STM32F1xx_HAL_Driver/Src/stm32f1xx_hal_pwr.o
LOAD ./Drivers/STM32F1xx_HAL_Driver/Src/stm32f1xx_hal_rcc.o
LOAD ./Drivers/STM32F1xx_HAL_Driver/Src/stm32f1xx_hal_rcc_ex.o
LOAD ./Drivers/STM32F1xx_HAL_Driver/Src/stm32f1xx_hal_spi.o
LOAD ./Drivers/STM32F1xx_HAL_Driver/Src/stm32f1xx_hal_tim.o
LOAD ./Drivers/STM32F1xx_HAL_Driver/Src/stm32f1xx_hal_tim_ex.o
LOAD ./Drivers/STM32F1xx_HAL_Driver/Src/stm32f1xx_hal_uart.o
LOAD ./FATFS/App/fatfs.o
LOAD ./FATFS/Target/user_diskio.o
LOAD ./Middlewares/Third_Party/FatFs/src/diskio.o
LOAD ./Middlewares/Third_Party/FatFs/src/ff.o
LOAD ./Middlewares/Third_Party/FatFs/src/ff_gen_drv.o
LOAD ./Middlewares/Third_Party/FatFs/src/option/ccsbcs.o
LOAD ./Middlewares/Third_Party/FatFs/src/option/syscall.o
START GROUP
LOAD c:/st/stm32cubeide_1.12.0/stm32cubeide/plugins/com.st.stm32cube.ide.mcu.externaltools.gnu-tools-for-stm32.10.3-2021.10.win32_1.0.200.202301161003/tools/bin/../lib/gcc/arm-none-eabi/10.3.1/../../../../arm-none-eabi/lib/thumb/v7-m/nofp\libc_nano.a
LOAD c:/st/stm32cubeide_1.12.0/stm32cubeide/plugins/com.st.stm32cube.ide.mcu.externaltools.gnu-tools-for-stm32.10.3-2021.10.win32_1.0.200.202301161003/tools/bin/../lib/gcc/arm-none-eabi/10.3.1/../../../../arm-none-eabi/lib/thumb/v7-m/nofp\libm.a
END GROUP
START GROUP
LOAD c:/st/stm32cubeide_1.12.0/stm32cubeide/plugins/com.st.stm32cube.ide.mcu.externaltools.gnu-tools-for-stm32.10.3-2021.10.win32_1.0.200.202301161003/tools/bin/../lib/gcc/arm-none-eabi/10.3.1/thumb/v7-m/nofp\libgcc.a
LOAD c:/st/stm32cubeide_1.12.0/stm32cubeide/plugins/com.st.stm32cube.ide.mcu.externaltools.gnu-tools-for-stm32.10.3-2021.10.win32_1.0.200.202301161003/tools/bin/../lib/gcc/arm-none-eabi/10.3.1/../../../../arm-none-eabi/lib/thumb/v7-m/nofp\libc_nano.a
END GROUP
START GROUP
LOAD c:/st/stm32cubeide_1.12.0/stm32cubeide/plugins/com.st.stm32cube.ide.mcu.externaltools.gnu-tools-for-stm32.10.3-2021.10.win32_1.0.200.202301161003/tools/bin/../lib/gcc/arm-none-eabi/10.3.1/thumb/v7-m/nofp\libgcc.a
LOAD c:/st/stm32cubeide_1.12.0/stm32cubeide/plugins/com.st.stm32cube.ide.mcu.externaltools.gnu-tools-for-stm32.10.3-2021.10.win32_1.0.200.202301161003/tools/bin/../lib/gcc/arm-none-eabi/10.3.1/../../../../arm-none-eabi/lib/thumb/v7-m/nofp\libc_nano.a
LOAD c:/st/stm32cubeide_1.12.0/stm32cubeide/plugins/com.st.stm32cube.ide.mcu.externaltools.gnu-tools-for-stm32.10.3-2021.10.win32_1.0.200.202301161003/tools/bin/../lib/gcc/arm-none-eabi/10.3.1/../../../../arm-none-eabi/lib/thumb/v7-m/nofp\libnosys.a
END GROUP
START GROUP
LOAD c:/st/stm32cubeide_1.12.0/stm32cubeide/plugins/com.st.stm32cube.ide.mcu.externaltools.gnu-tools-for-stm32.10.3-2021.10.win32_1.0.200.202301161003/tools/bin/../lib/gcc/arm-none-eabi/10.3.1/thumb/v7-m/nofp\libgcc.a
LOAD c:/st/stm32cubeide_1.12.0/stm32cubeide/plugins/com.st.stm32cube.ide.mcu.externaltools.gnu-tools-for-stm32.10.3-2021.10.win32_1.0.200.202301161003/tools/bin/../lib/gcc/arm-none-eabi/10.3.1/../../../../arm-none-eabi/lib/thumb/v7-m/nofp\libc_nano.a
LOAD c:/st/stm32cubeide_1.12.0/stm32cubeide/plugins/com.st.stm32cube.ide.mcu.externaltools.gnu-tools-for-stm32.10.3-2021.10.win32_1.0.200.202301161003/tools/bin/../lib/gcc/arm-none-eabi/10.3.1/../../../../arm-none-eabi/lib/thumb/v7-m/nofp\libnosys.a
END GROUP
LOAD c:/st/stm32cubeide_1.12.0/stm32cubeide/plugins/com.st.stm32cube.ide.mcu.externaltools.gnu-tools-for-stm32.10.3-2021.10.win32_1.0.200.202301161003/tools/bin/../lib/gcc/arm-none-eabi/10.3.1/thumb/v7-m/nofp/crtend.o
LOAD c:/st/stm32cubeide_1.12.0/stm32cubeide/plugins/com.st.stm32cube.ide.mcu.externaltools.gnu-tools-for-stm32.10.3-2021.10.win32_1.0.200.202301161003/tools/bin/../lib/gcc/arm-none-eabi/10.3.1/thumb/v7-m/nofp/crtn.o
                0x0000000020005000                _estack = (ORIGIN (RAM) + LENGTH (RAM))
                0x0000000000000200                _Min_Heap_Size = 0x200
                0x0000000000000400                _Min_Stack_Size = 0x400

.isr_vector     0x0000000008000000      0x10c
                0x0000000008000000                . = ALIGN (0x4)
 *(.isr_vector)
 .isr_vector    0x0000000008000000      0x10c ./Core/Startup/startup_stm32f103c8tx.o
                0x0000000008000000                g_pfnVectors
                0x000000000800010c                . = ALIGN (0x4)

.text           0x000000000800010c     0xa65c
                0x000000000800010c                . = ALIGN (0x4)
 *(.text)
 .text          0x000000000800010c       0x40 c:/st/stm32cubeide_1.12.0/stm32cubeide/plugins/com.st.stm32cube.ide.mcu.externaltools.gnu-tools-for-stm32.10.3-2021.10.win32_1.0.200.202301161003/tools/bin/../lib/gcc/arm-none-eabi/10.3.1/thumb/v7-m/nofp/crtbegin.o
 .text          0x000000000800014c       0x10 c:/st/stm32cubeide_1.12.0/stm32cubeide/plugins/com.st.stm32cube.ide.mcu.externaltools.gnu-tools-for-stm32.10.3-2021.10.win32_1.0.200.202301161003/tools/bin/../lib/gcc/arm-none-eabi/10.3.1/../../../../arm-none-eabi/lib/thumb/v7-m/nofp\libc_nano.a(lib_a-strlen.o)
                0x000000000800014c                strlen
 *(.text*)
 .text.GetPage  0x000000000800015c       0x4e ./Core/Src/FlASH_PAGE_F1.o
 *fill*         0x00000000080001aa        0x2 
 .text.Flash_Write_Data
                0x00000000080001ac       0xb8 ./Core/Src/FlASH_PAGE_F1.o
                0x00000000080001ac                Flash_Write_Data
 .text.Flash_Read_Data
                0x0000000008000264       0x3a ./Core/Src/FlASH_PAGE_F1.o
                0x0000000008000264                Flash_Read_Data
 *fill*         0x000000000800029e        0x2 
 .text.SELECT   0x00000000080002a0       0x1c ./Core/Src/fatfs_sd.o
 .text.DESELECT
                0x00000000080002bc       0x1c ./Core/Src/fatfs_sd.o
 .text.SPI_TxByte
                0x00000000080002d8       0x34 ./Core/Src/fatfs_sd.o
 .text.SPI_TxBuffer
                0x000000000800030c       0x34 ./Core/Src/fatfs_sd.o
 .text.SPI_RxByte
                0x0000000008000340       0x38 ./Core/Src/fatfs_sd.o
 .text.SPI_RxBytePtr
                0x0000000008000378       0x1c ./Core/Src/fatfs_sd.o
 .text.SD_ReadyWait
                0x0000000008000394       0x34 ./Core/Src/fatfs_sd.o
 .text.SD_PowerOn
                0x00000000080003c8       0x84 ./Core/Src/fatfs_sd.o
 .text.SD_PowerOff
                0x000000000800044c       0x18 ./Core/Src/fatfs_sd.o
 .text.SD_CheckPower
                0x0000000008000464       0x14 ./Core/Src/fatfs_sd.o
 .text.SD_RxDataBlock
                0x0000000008000478       0x5c ./Core/Src/fatfs_sd.o
 .text.SD_TxDataBlock
                0x00000000080004d4       0x86 ./Core/Src/fatfs_sd.o
 .text.SD_SendCmd
                0x000000000800055a       0xa8 ./Core/Src/fatfs_sd.o
 *fill*         0x0000000008000602        0x2 
 .text.SD_disk_initialize
                0x0000000008000604      0x1cc ./Core/Src/fatfs_sd.o
                0x0000000008000604                SD_disk_initialize
 .text.SD_disk_status
                0x00000000080007d0       0x28 ./Core/Src/fatfs_sd.o
                0x00000000080007d0                SD_disk_status
 .text.SD_disk_read
                0x00000000080007f8       0xd4 ./Core/Src/fatfs_sd.o
                0x00000000080007f8                SD_disk_read
 .text.SD_disk_write
                0x00000000080008cc      0x108 ./Core/Src/fatfs_sd.o
                0x00000000080008cc                SD_disk_write
 .text.SD_disk_ioctl
                0x00000000080009d4      0x258 ./Core/Src/fatfs_sd.o
                0x00000000080009d4                SD_disk_ioctl
 .text.clear_buffer
                0x0000000008000c2c       0x34 ./Core/Src/main.o
                0x0000000008000c2c                clear_buffer
 .text.HAL_UART_RxCpltCallback
                0x0000000008000c60       0x24 ./Core/Src/main.o
                0x0000000008000c60                HAL_UART_RxCpltCallback
 .text.HAL_TIM_PeriodElapsedCallback
                0x0000000008000c84      0x114 ./Core/Src/main.o
                0x0000000008000c84                HAL_TIM_PeriodElapsedCallback
 .text.main     0x0000000008000d98       0x98 ./Core/Src/main.o
                0x0000000008000d98                main
 .text.SystemClock_Config
                0x0000000008000e30       0x8a ./Core/Src/main.o
                0x0000000008000e30                SystemClock_Config
 *fill*         0x0000000008000eba        0x2 
 .text.MX_CAN_Init
                0x0000000008000ebc       0x6c ./Core/Src/main.o
 .text.MX_SPI1_Init
                0x0000000008000f28       0x6c ./Core/Src/main.o
 .text.MX_TIM2_Init
                0x0000000008000f94       0x9c ./Core/Src/main.o
 .text.MX_TIM3_Init
                0x0000000008001030       0x9c ./Core/Src/main.o
 .text.MX_USART1_UART_Init
                0x00000000080010cc       0x54 ./Core/Src/main.o
 .text.MX_USART2_UART_Init
                0x0000000008001120       0x54 ./Core/Src/main.o
 .text.MX_GPIO_Init
                0x0000000008001174      0x120 ./Core/Src/main.o
 .text.Error_Handler
                0x0000000008001294        0xa ./Core/Src/main.o
                0x0000000008001294                Error_Handler
 *fill*         0x000000000800129e        0x2 
 .text.HAL_MspInit
                0x00000000080012a0       0x64 ./Core/Src/stm32f1xx_hal_msp.o
                0x00000000080012a0                HAL_MspInit
 .text.HAL_CAN_MspInit
                0x0000000008001304       0xa8 ./Core/Src/stm32f1xx_hal_msp.o
                0x0000000008001304                HAL_CAN_MspInit
 .text.HAL_SPI_MspInit
                0x00000000080013ac       0x94 ./Core/Src/stm32f1xx_hal_msp.o
                0x00000000080013ac                HAL_SPI_MspInit
 .text.HAL_TIM_Base_MspInit
                0x0000000008001440       0x80 ./Core/Src/stm32f1xx_hal_msp.o
                0x0000000008001440                HAL_TIM_Base_MspInit
 .text.HAL_UART_MspInit
                0x00000000080014c0      0x118 ./Core/Src/stm32f1xx_hal_msp.o
                0x00000000080014c0                HAL_UART_MspInit
 .text.NMI_Handler
                0x00000000080015d8        0x6 ./Core/Src/stm32f1xx_it.o
                0x00000000080015d8                NMI_Handler
 .text.HardFault_Handler
                0x00000000080015de        0x6 ./Core/Src/stm32f1xx_it.o
                0x00000000080015de                HardFault_Handler
 .text.MemManage_Handler
                0x00000000080015e4        0x6 ./Core/Src/stm32f1xx_it.o
                0x00000000080015e4                MemManage_Handler
 .text.BusFault_Handler
                0x00000000080015ea        0x6 ./Core/Src/stm32f1xx_it.o
                0x00000000080015ea                BusFault_Handler
 .text.UsageFault_Handler
                0x00000000080015f0        0x6 ./Core/Src/stm32f1xx_it.o
                0x00000000080015f0                UsageFault_Handler
 .text.SVC_Handler
                0x00000000080015f6        0xc ./Core/Src/stm32f1xx_it.o
                0x00000000080015f6                SVC_Handler
 .text.DebugMon_Handler
                0x0000000008001602        0xc ./Core/Src/stm32f1xx_it.o
                0x0000000008001602                DebugMon_Handler
 .text.PendSV_Handler
                0x000000000800160e        0xc ./Core/Src/stm32f1xx_it.o
                0x000000000800160e                PendSV_Handler
 *fill*         0x000000000800161a        0x2 
 .text.SysTick_Handler
                0x000000000800161c       0x3c ./Core/Src/stm32f1xx_it.o
                0x000000000800161c                SysTick_Handler
 .text.USB_LP_CAN1_RX0_IRQHandler
                0x0000000008001658       0x14 ./Core/Src/stm32f1xx_it.o
                0x0000000008001658                USB_LP_CAN1_RX0_IRQHandler
 .text.TIM2_IRQHandler
                0x000000000800166c       0xb8 ./Core/Src/stm32f1xx_it.o
                0x000000000800166c                TIM2_IRQHandler
 .text.TIM3_IRQHandler
                0x0000000008001724       0x14 ./Core/Src/stm32f1xx_it.o
                0x0000000008001724                TIM3_IRQHandler
 .text.USART1_IRQHandler
                0x0000000008001738       0x14 ./Core/Src/stm32f1xx_it.o
                0x0000000008001738                USART1_IRQHandler
 .text._sbrk    0x000000000800174c       0x6c ./Core/Src/sysmem.o
                0x000000000800174c                _sbrk
 .text.SystemInit
                0x00000000080017b8        0xc ./Core/Src/system_stm32f1xx.o
                0x00000000080017b8                SystemInit
 .text.Reset_Handler
                0x00000000080017c4       0x48 ./Core/Startup/startup_stm32f103c8tx.o
                0x00000000080017c4                Reset_Handler
 .text.Default_Handler
                0x000000000800180c        0x2 ./Core/Startup/startup_stm32f103c8tx.o
                0x000000000800180c                RTC_Alarm_IRQHandler
                0x000000000800180c                EXTI2_IRQHandler
                0x000000000800180c                TIM1_CC_IRQHandler
                0x000000000800180c                PVD_IRQHandler
                0x000000000800180c                EXTI3_IRQHandler
                0x000000000800180c                EXTI0_IRQHandler
                0x000000000800180c                I2C2_EV_IRQHandler
                0x000000000800180c                ADC1_2_IRQHandler
                0x000000000800180c                SPI1_IRQHandler
                0x000000000800180c                TAMPER_IRQHandler
                0x000000000800180c                DMA1_Channel4_IRQHandler
                0x000000000800180c                USART3_IRQHandler
                0x000000000800180c                RTC_IRQHandler
                0x000000000800180c                DMA1_Channel7_IRQHandler
                0x000000000800180c                CAN1_RX1_IRQHandler
                0x000000000800180c                TIM4_IRQHandler
                0x000000000800180c                I2C1_EV_IRQHandler
                0x000000000800180c                DMA1_Channel6_IRQHandler
                0x000000000800180c                RCC_IRQHandler
                0x000000000800180c                TIM1_TRG_COM_IRQHandler
                0x000000000800180c                DMA1_Channel1_IRQHandler
                0x000000000800180c                Default_Handler
                0x000000000800180c                EXTI15_10_IRQHandler
                0x000000000800180c                EXTI9_5_IRQHandler
                0x000000000800180c                SPI2_IRQHandler
                0x000000000800180c                DMA1_Channel5_IRQHandler
                0x000000000800180c                EXTI4_IRQHandler
                0x000000000800180c                USB_HP_CAN1_TX_IRQHandler
                0x000000000800180c                DMA1_Channel3_IRQHandler
                0x000000000800180c                TIM1_UP_IRQHandler
                0x000000000800180c                WWDG_IRQHandler
                0x000000000800180c                TIM1_BRK_IRQHandler
                0x000000000800180c                EXTI1_IRQHandler
                0x000000000800180c                USART2_IRQHandler
                0x000000000800180c                I2C2_ER_IRQHandler
                0x000000000800180c                DMA1_Channel2_IRQHandler
                0x000000000800180c                CAN1_SCE_IRQHandler
                0x000000000800180c                FLASH_IRQHandler
                0x000000000800180c                I2C1_ER_IRQHandler
                0x000000000800180c                USBWakeUp_IRQHandler
 *fill*         0x000000000800180e        0x2 
 .text.CANBUS_ConfigFilter_Init
                0x0000000008001810       0x70 ./Drivers/My_Drivers/Canbus_App/Canbus.o
                0x0000000008001810                CANBUS_ConfigFilter_Init
 .text.CANBUS_Init
                0x0000000008001880       0x20 ./Drivers/My_Drivers/Canbus_App/Canbus.o
                0x0000000008001880                CANBUS_Init
 .text.HAL_CAN_RxFifo0MsgPendingCallback
                0x00000000080018a0       0x78 ./Drivers/My_Drivers/Canbus_App/Canbus.o
                0x00000000080018a0                HAL_CAN_RxFifo0MsgPendingCallback
 .text.Send_BMSMsgPacket_To_Nextion
                0x0000000008001918      0x2b4 ./Drivers/My_Drivers/Nextion_App/Nextion.o
                0x0000000008001918                Send_BMSMsgPacket_To_Nextion
 .text.Create_BMSMsgPacket_For_Nextion
                0x0000000008001bcc      0x11c ./Drivers/My_Drivers/Nextion_App/Nextion.o
                0x0000000008001bcc                Create_BMSMsgPacket_For_Nextion
 .text.nextion_uzunlar
                0x0000000008001ce8       0x38 ./Drivers/My_Drivers/Nextion_App/Nextion.o
                0x0000000008001ce8                nextion_uzunlar
 .text.nextion_dortlu
                0x0000000008001d20       0x50 ./Drivers/My_Drivers/Nextion_App/Nextion.o
                0x0000000008001d20                nextion_dortlu
 .text.nextion_sol_sinyal
                0x0000000008001d70       0x50 ./Drivers/My_Drivers/Nextion_App/Nextion.o
                0x0000000008001d70                nextion_sol_sinyal
 .text.nextion_sag_sinyal
                0x0000000008001dc0       0x50 ./Drivers/My_Drivers/Nextion_App/Nextion.o
                0x0000000008001dc0                nextion_sag_sinyal
 .text.Create_BCM_MsgPacket_For_Nextion
                0x0000000008001e10       0xd4 ./Drivers/My_Drivers/Nextion_App/Nextion.o
                0x0000000008001e10                Create_BCM_MsgPacket_For_Nextion
 .text.Create_SPEED_MsgPacket_For_Nextion
                0x0000000008001ee4       0x6c ./Drivers/My_Drivers/Nextion_App/Nextion.o
                0x0000000008001ee4                Create_SPEED_MsgPacket_For_Nextion
 .text.Create_CURRENT_MsgPacket_For_Nextion
                0x0000000008001f50       0x90 ./Drivers/My_Drivers/Nextion_App/Nextion.o
                0x0000000008001f50                Create_CURRENT_MsgPacket_For_Nextion
 .text.Nextion_Fault
                0x0000000008001fe0      0x100 ./Drivers/My_Drivers/Nextion_App/Nextion.o
                0x0000000008001fe0                Nextion_Fault
 .text.Nextion_Incomming_Packet_ID_From_CANBUS
                0x00000000080020e0       0xa0 ./Drivers/My_Drivers/Nextion_App/Nextion.o
                0x00000000080020e0                Nextion_Incomming_Packet_ID_From_CANBUS
 .text.Create_BMS_MsgPacket_For_LORA
                0x0000000008002180      0x210 ./Drivers/My_Drivers/Nextion_App/Telemetry_LORA.o
                0x0000000008002180                Create_BMS_MsgPacket_For_LORA
 .text.Create_BCM_MsgPacket_For_LORA
                0x0000000008002390       0x68 ./Drivers/My_Drivers/Nextion_App/Telemetry_LORA.o
                0x0000000008002390                Create_BCM_MsgPacket_For_LORA
 .text.Create_SPEED_MsgPacket_For_LORA
                0x00000000080023f8       0x30 ./Drivers/My_Drivers/Nextion_App/Telemetry_LORA.o
                0x00000000080023f8                Create_SPEED_MsgPacket_For_LORA
 .text.Create_CURRENT_MsgPacket_For_LORA
                0x0000000008002428       0x5c ./Drivers/My_Drivers/Nextion_App/Telemetry_LORA.o
                0x0000000008002428                Create_CURRENT_MsgPacket_For_LORA
 .text.LORA_Incomming_Packet_ID_From_CANBUS
                0x0000000008002484       0x44 ./Drivers/My_Drivers/Nextion_App/Telemetry_LORA.o
                0x0000000008002484                LORA_Incomming_Packet_ID_From_CANBUS
 .text.LORA_Send_Together_DATAS
                0x00000000080024c8       0x94 ./Drivers/My_Drivers/Nextion_App/Telemetry_LORA.o
                0x00000000080024c8                LORA_Send_Together_DATAS
 .text.HAL_Init
                0x000000000800255c       0x2c ./Drivers/STM32F1xx_HAL_Driver/Src/stm32f1xx_hal.o
                0x000000000800255c                HAL_Init
 .text.HAL_InitTick
                0x0000000008002588       0x60 ./Drivers/STM32F1xx_HAL_Driver/Src/stm32f1xx_hal.o
                0x0000000008002588                HAL_InitTick
 .text.HAL_IncTick
                0x00000000080025e8       0x24 ./Drivers/STM32F1xx_HAL_Driver/Src/stm32f1xx_hal.o
                0x00000000080025e8                HAL_IncTick
 .text.HAL_GetTick
                0x000000000800260c       0x14 ./Drivers/STM32F1xx_HAL_Driver/Src/stm32f1xx_hal.o
                0x000000000800260c                HAL_GetTick
 .text.HAL_Delay
                0x0000000008002620       0x48 ./Drivers/STM32F1xx_HAL_Driver/Src/stm32f1xx_hal.o
                0x0000000008002620                HAL_Delay
 .text.HAL_CAN_Init
                0x0000000008002668      0x1f6 ./Drivers/STM32F1xx_HAL_Driver/Src/stm32f1xx_hal_can.o
                0x0000000008002668                HAL_CAN_Init
 .text.HAL_CAN_ConfigFilter
                0x000000000800285e      0x192 ./Drivers/STM32F1xx_HAL_Driver/Src/stm32f1xx_hal_can.o
                0x000000000800285e                HAL_CAN_ConfigFilter
 .text.HAL_CAN_Start
                0x00000000080029f0       0x88 ./Drivers/STM32F1xx_HAL_Driver/Src/stm32f1xx_hal_can.o
                0x00000000080029f0                HAL_CAN_Start
 .text.HAL_CAN_GetRxMessage
                0x0000000008002a78      0x222 ./Drivers/STM32F1xx_HAL_Driver/Src/stm32f1xx_hal_can.o
                0x0000000008002a78                HAL_CAN_GetRxMessage
 .text.HAL_CAN_ActivateNotification
                0x0000000008002c9a       0x4a ./Drivers/STM32F1xx_HAL_Driver/Src/stm32f1xx_hal_can.o
                0x0000000008002c9a                HAL_CAN_ActivateNotification
 .text.HAL_CAN_IRQHandler
                0x0000000008002ce4      0x36e ./Drivers/STM32F1xx_HAL_Driver/Src/stm32f1xx_hal_can.o
                0x0000000008002ce4                HAL_CAN_IRQHandler
 .text.HAL_CAN_TxMailbox0CompleteCallback
                0x0000000008003052       0x12 ./Drivers/STM32F1xx_HAL_Driver/Src/stm32f1xx_hal_can.o
                0x0000000008003052                HAL_CAN_TxMailbox0CompleteCallback
 .text.HAL_CAN_TxMailbox1CompleteCallback
                0x0000000008003064       0x12 ./Drivers/STM32F1xx_HAL_Driver/Src/stm32f1xx_hal_can.o
                0x0000000008003064                HAL_CAN_TxMailbox1CompleteCallback
 .text.HAL_CAN_TxMailbox2CompleteCallback
                0x0000000008003076       0x12 ./Drivers/STM32F1xx_HAL_Driver/Src/stm32f1xx_hal_can.o
                0x0000000008003076                HAL_CAN_TxMailbox2CompleteCallback
 .text.HAL_CAN_TxMailbox0AbortCallback
                0x0000000008003088       0x12 ./Drivers/STM32F1xx_HAL_Driver/Src/stm32f1xx_hal_can.o
                0x0000000008003088                HAL_CAN_TxMailbox0AbortCallback
 .text.HAL_CAN_TxMailbox1AbortCallback
                0x000000000800309a       0x12 ./Drivers/STM32F1xx_HAL_Driver/Src/stm32f1xx_hal_can.o
                0x000000000800309a                HAL_CAN_TxMailbox1AbortCallback
 .text.HAL_CAN_TxMailbox2AbortCallback
                0x00000000080030ac       0x12 ./Drivers/STM32F1xx_HAL_Driver/Src/stm32f1xx_hal_can.o
                0x00000000080030ac                HAL_CAN_TxMailbox2AbortCallback
 .text.HAL_CAN_RxFifo0FullCallback
                0x00000000080030be       0x12 ./Drivers/STM32F1xx_HAL_Driver/Src/stm32f1xx_hal_can.o
                0x00000000080030be                HAL_CAN_RxFifo0FullCallback
 .text.HAL_CAN_RxFifo1MsgPendingCallback
                0x00000000080030d0       0x12 ./Drivers/STM32F1xx_HAL_Driver/Src/stm32f1xx_hal_can.o
                0x00000000080030d0                HAL_CAN_RxFifo1MsgPendingCallback
 .text.HAL_CAN_RxFifo1FullCallback
                0x00000000080030e2       0x12 ./Drivers/STM32F1xx_HAL_Driver/Src/stm32f1xx_hal_can.o
                0x00000000080030e2                HAL_CAN_RxFifo1FullCallback
 .text.HAL_CAN_SleepCallback
                0x00000000080030f4       0x12 ./Drivers/STM32F1xx_HAL_Driver/Src/stm32f1xx_hal_can.o
                0x00000000080030f4                HAL_CAN_SleepCallback
 .text.HAL_CAN_WakeUpFromRxMsgCallback
                0x0000000008003106       0x12 ./Drivers/STM32F1xx_HAL_Driver/Src/stm32f1xx_hal_can.o
                0x0000000008003106                HAL_CAN_WakeUpFromRxMsgCallback
 .text.HAL_CAN_ErrorCallback
                0x0000000008003118       0x12 ./Drivers/STM32F1xx_HAL_Driver/Src/stm32f1xx_hal_can.o
                0x0000000008003118                HAL_CAN_ErrorCallback
 *fill*         0x000000000800312a        0x2 
 .text.__NVIC_SetPriorityGrouping
                0x000000000800312c       0x48 ./Drivers/STM32F1xx_HAL_Driver/Src/stm32f1xx_hal_cortex.o
 .text.__NVIC_GetPriorityGrouping
                0x0000000008003174       0x1c ./Drivers/STM32F1xx_HAL_Driver/Src/stm32f1xx_hal_cortex.o
 .text.__NVIC_EnableIRQ
                0x0000000008003190       0x38 ./Drivers/STM32F1xx_HAL_Driver/Src/stm32f1xx_hal_cortex.o
 .text.__NVIC_SetPriority
                0x00000000080031c8       0x54 ./Drivers/STM32F1xx_HAL_Driver/Src/stm32f1xx_hal_cortex.o
 .text.NVIC_EncodePriority
                0x000000000800321c       0x64 ./Drivers/STM32F1xx_HAL_Driver/Src/stm32f1xx_hal_cortex.o
 .text.SysTick_Config
                0x0000000008003280       0x44 ./Drivers/STM32F1xx_HAL_Driver/Src/stm32f1xx_hal_cortex.o
 .text.HAL_NVIC_SetPriorityGrouping
                0x00000000080032c4       0x16 ./Drivers/STM32F1xx_HAL_Driver/Src/stm32f1xx_hal_cortex.o
                0x00000000080032c4                HAL_NVIC_SetPriorityGrouping
 .text.HAL_NVIC_SetPriority
                0x00000000080032da       0x38 ./Drivers/STM32F1xx_HAL_Driver/Src/stm32f1xx_hal_cortex.o
                0x00000000080032da                HAL_NVIC_SetPriority
 .text.HAL_NVIC_EnableIRQ
                0x0000000008003312       0x1c ./Drivers/STM32F1xx_HAL_Driver/Src/stm32f1xx_hal_cortex.o
                0x0000000008003312                HAL_NVIC_EnableIRQ
 .text.HAL_SYSTICK_Config
                0x000000000800332e       0x18 ./Drivers/STM32F1xx_HAL_Driver/Src/stm32f1xx_hal_cortex.o
                0x000000000800332e                HAL_SYSTICK_Config
 .text.HAL_DMA_Abort
                0x0000000008003346       0x74 ./Drivers/STM32F1xx_HAL_Driver/Src/stm32f1xx_hal_dma.o
                0x0000000008003346                HAL_DMA_Abort
 *fill*         0x00000000080033ba        0x2 
 .text.HAL_DMA_Abort_IT
                0x00000000080033bc       0xec ./Drivers/STM32F1xx_HAL_Driver/Src/stm32f1xx_hal_dma.o
                0x00000000080033bc                HAL_DMA_Abort_IT
 .text.HAL_FLASH_Program
                0x00000000080034a8       0xe0 ./Drivers/STM32F1xx_HAL_Driver/Src/stm32f1xx_hal_flash.o
                0x00000000080034a8                HAL_FLASH_Program
 .text.HAL_FLASH_Unlock
                0x0000000008003588       0x4c ./Drivers/STM32F1xx_HAL_Driver/Src/stm32f1xx_hal_flash.o
                0x0000000008003588                HAL_FLASH_Unlock
 .text.HAL_FLASH_Lock
                0x00000000080035d4       0x20 ./Drivers/STM32F1xx_HAL_Driver/Src/stm32f1xx_hal_flash.o
                0x00000000080035d4                HAL_FLASH_Lock
 .text.HAL_FLASH_GetError
                0x00000000080035f4       0x14 ./Drivers/STM32F1xx_HAL_Driver/Src/stm32f1xx_hal_flash.o
                0x00000000080035f4                HAL_FLASH_GetError
 .text.FLASH_Program_HalfWord
                0x0000000008003608       0x38 ./Drivers/STM32F1xx_HAL_Driver/Src/stm32f1xx_hal_flash.o
 .text.FLASH_WaitForLastOperation
                0x0000000008003640       0x8c ./Drivers/STM32F1xx_HAL_Driver/Src/stm32f1xx_hal_flash.o
                0x0000000008003640                FLASH_WaitForLastOperation
 .text.FLASH_SetErrorCode
                0x00000000080036cc       0xa0 ./Drivers/STM32F1xx_HAL_Driver/Src/stm32f1xx_hal_flash.o
 .text.HAL_FLASHEx_Erase
                0x000000000800376c       0xd8 ./Drivers/STM32F1xx_HAL_Driver/Src/stm32f1xx_hal_flash_ex.o
                0x000000000800376c                HAL_FLASHEx_Erase
 .text.FLASH_MassErase
                0x0000000008003844       0x38 ./Drivers/STM32F1xx_HAL_Driver/Src/stm32f1xx_hal_flash_ex.o
 .text.FLASH_PageErase
                0x000000000800387c       0x40 ./Drivers/STM32F1xx_HAL_Driver/Src/stm32f1xx_hal_flash_ex.o
                0x000000000800387c                FLASH_PageErase
 .text.HAL_GPIO_Init
                0x00000000080038bc      0x308 ./Drivers/STM32F1xx_HAL_Driver/Src/stm32f1xx_hal_gpio.o
                0x00000000080038bc                HAL_GPIO_Init
 .text.HAL_GPIO_WritePin
                0x0000000008003bc4       0x30 ./Drivers/STM32F1xx_HAL_Driver/Src/stm32f1xx_hal_gpio.o
                0x0000000008003bc4                HAL_GPIO_WritePin
 .text.HAL_GPIO_TogglePin
                0x0000000008003bf4       0x32 ./Drivers/STM32F1xx_HAL_Driver/Src/stm32f1xx_hal_gpio.o
                0x0000000008003bf4                HAL_GPIO_TogglePin
 *fill*         0x0000000008003c26        0x2 
 .text.HAL_RCC_OscConfig
                0x0000000008003c28      0x504 ./Drivers/STM32F1xx_HAL_Driver/Src/stm32f1xx_hal_rcc.o
                0x0000000008003c28                HAL_RCC_OscConfig
 .text.HAL_RCC_ClockConfig
                0x000000000800412c      0x1d4 ./Drivers/STM32F1xx_HAL_Driver/Src/stm32f1xx_hal_rcc.o
                0x000000000800412c                HAL_RCC_ClockConfig
 .text.HAL_RCC_GetSysClockFreq
                0x0000000008004300       0xbc ./Drivers/STM32F1xx_HAL_Driver/Src/stm32f1xx_hal_rcc.o
                0x0000000008004300                HAL_RCC_GetSysClockFreq
 .text.HAL_RCC_GetHCLKFreq
                0x00000000080043bc       0x14 ./Drivers/STM32F1xx_HAL_Driver/Src/stm32f1xx_hal_rcc.o
                0x00000000080043bc                HAL_RCC_GetHCLKFreq
 .text.HAL_RCC_GetPCLK1Freq
                0x00000000080043d0       0x28 ./Drivers/STM32F1xx_HAL_Driver/Src/stm32f1xx_hal_rcc.o
                0x00000000080043d0                HAL_RCC_GetPCLK1Freq
 .text.HAL_RCC_GetPCLK2Freq
                0x00000000080043f8       0x28 ./Drivers/STM32F1xx_HAL_Driver/Src/stm32f1xx_hal_rcc.o
                0x00000000080043f8                HAL_RCC_GetPCLK2Freq
 .text.RCC_Delay
                0x0000000008004420       0x3c ./Drivers/STM32F1xx_HAL_Driver/Src/stm32f1xx_hal_rcc.o
 .text.HAL_SPI_Init
                0x000000000800445c      0x108 ./Drivers/STM32F1xx_HAL_Driver/Src/stm32f1xx_hal_spi.o
                0x000000000800445c                HAL_SPI_Init
 .text.HAL_SPI_Transmit
                0x0000000008004564      0x278 ./Drivers/STM32F1xx_HAL_Driver/Src/stm32f1xx_hal_spi.o
                0x0000000008004564                HAL_SPI_Transmit
 .text.HAL_SPI_TransmitReceive
                0x00000000080047dc      0x344 ./Drivers/STM32F1xx_HAL_Driver/Src/stm32f1xx_hal_spi.o
                0x00000000080047dc                HAL_SPI_TransmitReceive
 .text.SPI_WaitFlagStateUntilTimeout
                0x0000000008004b20      0x110 ./Drivers/STM32F1xx_HAL_Driver/Src/stm32f1xx_hal_spi.o
 .text.SPI_EndRxTxTransaction
                0x0000000008004c30       0x3c ./Drivers/STM32F1xx_HAL_Driver/Src/stm32f1xx_hal_spi.o
 .text.HAL_TIM_Base_Init
                0x0000000008004c6c       0x9e ./Drivers/STM32F1xx_HAL_Driver/Src/stm32f1xx_hal_tim.o
                0x0000000008004c6c                HAL_TIM_Base_Init
 *fill*         0x0000000008004d0a        0x2 
 .text.HAL_TIM_Base_Start_IT
                0x0000000008004d0c       0xa4 ./Drivers/STM32F1xx_HAL_Driver/Src/stm32f1xx_hal_tim.o
                0x0000000008004d0c                HAL_TIM_Base_Start_IT
 .text.HAL_TIM_IRQHandler
                0x0000000008004db0      0x210 ./Drivers/STM32F1xx_HAL_Driver/Src/stm32f1xx_hal_tim.o
                0x0000000008004db0                HAL_TIM_IRQHandler
 .text.HAL_TIM_ConfigClockSource
                0x0000000008004fc0      0x188 ./Drivers/STM32F1xx_HAL_Driver/Src/stm32f1xx_hal_tim.o
                0x0000000008004fc0                HAL_TIM_ConfigClockSource
 .text.HAL_TIM_OC_DelayElapsedCallback
                0x0000000008005148       0x12 ./Drivers/STM32F1xx_HAL_Driver/Src/stm32f1xx_hal_tim.o
                0x0000000008005148                HAL_TIM_OC_DelayElapsedCallback
 .text.HAL_TIM_IC_CaptureCallback
                0x000000000800515a       0x12 ./Drivers/STM32F1xx_HAL_Driver/Src/stm32f1xx_hal_tim.o
                0x000000000800515a                HAL_TIM_IC_CaptureCallback
 .text.HAL_TIM_PWM_PulseFinishedCallback
                0x000000000800516c       0x12 ./Drivers/STM32F1xx_HAL_Driver/Src/stm32f1xx_hal_tim.o
                0x000000000800516c                HAL_TIM_PWM_PulseFinishedCallback
 .text.HAL_TIM_TriggerCallback
                0x000000000800517e       0x12 ./Drivers/STM32F1xx_HAL_Driver/Src/stm32f1xx_hal_tim.o
                0x000000000800517e                HAL_TIM_TriggerCallback
 .text.TIM_Base_SetConfig
                0x0000000008005190       0xc4 ./Drivers/STM32F1xx_HAL_Driver/Src/stm32f1xx_hal_tim.o
                0x0000000008005190                TIM_Base_SetConfig
 .text.TIM_TI1_ConfigInputStage
                0x0000000008005254       0x5c ./Drivers/STM32F1xx_HAL_Driver/Src/stm32f1xx_hal_tim.o
 .text.TIM_TI2_ConfigInputStage
                0x00000000080052b0       0x5e ./Drivers/STM32F1xx_HAL_Driver/Src/stm32f1xx_hal_tim.o
 .text.TIM_ITRx_SetConfig
                0x000000000800530e       0x34 ./Drivers/STM32F1xx_HAL_Driver/Src/stm32f1xx_hal_tim.o
 .text.TIM_ETR_SetConfig
                0x0000000008005342       0x3e ./Drivers/STM32F1xx_HAL_Driver/Src/stm32f1xx_hal_tim.o
                0x0000000008005342                TIM_ETR_SetConfig
 .text.HAL_TIMEx_MasterConfigSynchronization
                0x0000000008005380       0xbc ./Drivers/STM32F1xx_HAL_Driver/Src/stm32f1xx_hal_tim_ex.o
                0x0000000008005380                HAL_TIMEx_MasterConfigSynchronization
 .text.HAL_TIMEx_CommutCallback
                0x000000000800543c       0x12 ./Drivers/STM32F1xx_HAL_Driver/Src/stm32f1xx_hal_tim_ex.o
                0x000000000800543c                HAL_TIMEx_CommutCallback
 .text.HAL_TIMEx_BreakCallback
                0x000000000800544e       0x12 ./Drivers/STM32F1xx_HAL_Driver/Src/stm32f1xx_hal_tim_ex.o
                0x000000000800544e                HAL_TIMEx_BreakCallback
 .text.HAL_UART_Init
                0x0000000008005460       0x9a ./Drivers/STM32F1xx_HAL_Driver/Src/stm32f1xx_hal_uart.o
                0x0000000008005460                HAL_UART_Init
 .text.HAL_UART_Transmit
                0x00000000080054fa      0x124 ./Drivers/STM32F1xx_HAL_Driver/Src/stm32f1xx_hal_uart.o
                0x00000000080054fa                HAL_UART_Transmit
 .text.HAL_UART_Receive_IT
                0x000000000800561e       0x60 ./Drivers/STM32F1xx_HAL_Driver/Src/stm32f1xx_hal_uart.o
                0x000000000800561e                HAL_UART_Receive_IT
 *fill*         0x000000000800567e        0x2 
 .text.HAL_UART_IRQHandler
                0x0000000008005680      0x354 ./Drivers/STM32F1xx_HAL_Driver/Src/stm32f1xx_hal_uart.o
                0x0000000008005680                HAL_UART_IRQHandler
 .text.HAL_UART_TxCpltCallback
                0x00000000080059d4       0x12 ./Drivers/STM32F1xx_HAL_Driver/Src/stm32f1xx_hal_uart.o
                0x00000000080059d4                HAL_UART_TxCpltCallback
 .text.HAL_UART_ErrorCallback
                0x00000000080059e6       0x12 ./Drivers/STM32F1xx_HAL_Driver/Src/stm32f1xx_hal_uart.o
                0x00000000080059e6                HAL_UART_ErrorCallback
 .text.HAL_UARTEx_RxEventCallback
                0x00000000080059f8       0x16 ./Drivers/STM32F1xx_HAL_Driver/Src/stm32f1xx_hal_uart.o
                0x00000000080059f8                HAL_UARTEx_RxEventCallback
 .text.UART_WaitOnFlagUntilTimeout
                0x0000000008005a0e       0x94 ./Drivers/STM32F1xx_HAL_Driver/Src/stm32f1xx_hal_uart.o
 .text.UART_Start_Receive_IT
                0x0000000008005aa2       0x72 ./Drivers/STM32F1xx_HAL_Driver/Src/stm32f1xx_hal_uart.o
                0x0000000008005aa2                UART_Start_Receive_IT
 .text.UART_EndRxTransfer
                0x0000000008005b14       0x58 ./Drivers/STM32F1xx_HAL_Driver/Src/stm32f1xx_hal_uart.o
 .text.UART_DMAAbortOnError
                0x0000000008005b6c       0x28 ./Drivers/STM32F1xx_HAL_Driver/Src/stm32f1xx_hal_uart.o
 .text.UART_Transmit_IT
                0x0000000008005b94       0x9e ./Drivers/STM32F1xx_HAL_Driver/Src/stm32f1xx_hal_uart.o
 .text.UART_EndTransmit_IT
                0x0000000008005c32       0x30 ./Drivers/STM32F1xx_HAL_Driver/Src/stm32f1xx_hal_uart.o
 .text.UART_Receive_IT
                0x0000000008005c62      0x152 ./Drivers/STM32F1xx_HAL_Driver/Src/stm32f1xx_hal_uart.o
 .text.UART_SetConfig
                0x0000000008005db4      0x11c ./Drivers/STM32F1xx_HAL_Driver/Src/stm32f1xx_hal_uart.o
 .text.MX_FATFS_Init
                0x0000000008005ed0       0x24 ./FATFS/App/fatfs.o
                0x0000000008005ed0                MX_FATFS_Init
 .text.get_fattime
                0x0000000008005ef4        0xe ./FATFS/App/fatfs.o
                0x0000000008005ef4                get_fattime
 .text.USER_initialize
                0x0000000008005f02       0x1e ./FATFS/Target/user_diskio.o
                0x0000000008005f02                USER_initialize
 .text.USER_status
                0x0000000008005f20       0x1e ./FATFS/Target/user_diskio.o
                0x0000000008005f20                USER_status
 .text.USER_read
                0x0000000008005f3e       0x28 ./FATFS/Target/user_diskio.o
                0x0000000008005f3e                USER_read
 .text.USER_write
                0x0000000008005f66       0x28 ./FATFS/Target/user_diskio.o
                0x0000000008005f66                USER_write
 .text.USER_ioctl
                0x0000000008005f8e       0x28 ./FATFS/Target/user_diskio.o
                0x0000000008005f8e                USER_ioctl
 *fill*         0x0000000008005fb6        0x2 
 .text.disk_status
                0x0000000008005fb8       0x34 ./Middlewares/Third_Party/FatFs/src/diskio.o
                0x0000000008005fb8                disk_status
 .text.disk_initialize
                0x0000000008005fec       0x4c ./Middlewares/Third_Party/FatFs/src/diskio.o
                0x0000000008005fec                disk_initialize
 .text.disk_read
                0x0000000008006038       0x40 ./Middlewares/Third_Party/FatFs/src/diskio.o
                0x0000000008006038                disk_read
 .text.disk_write
                0x0000000008006078       0x40 ./Middlewares/Third_Party/FatFs/src/diskio.o
                0x0000000008006078                disk_write
 .text.disk_ioctl
                0x00000000080060b8       0x3c ./Middlewares/Third_Party/FatFs/src/diskio.o
                0x00000000080060b8                disk_ioctl
 .text.mem_cpy  0x00000000080060f4       0x3c ./Middlewares/Third_Party/FatFs/src/ff.o
 .text.mem_set  0x0000000008006130       0x34 ./Middlewares/Third_Party/FatFs/src/ff.o
 .text.mem_cmp  0x0000000008006164       0x4c ./Middlewares/Third_Party/FatFs/src/ff.o
 .text.chk_chr  0x00000000080061b0       0x34 ./Middlewares/Third_Party/FatFs/src/ff.o
 .text.chk_lock
                0x00000000080061e4       0xe0 ./Middlewares/Third_Party/FatFs/src/ff.o
 .text.enq_lock
                0x00000000080062c4       0x48 ./Middlewares/Third_Party/FatFs/src/ff.o
 .text.inc_lock
                0x000000000800630c      0x178 ./Middlewares/Third_Party/FatFs/src/ff.o
 .text.dec_lock
                0x0000000008006484       0x88 ./Middlewares/Third_Party/FatFs/src/ff.o
 .text.clear_lock
                0x000000000800650c       0x54 ./Middlewares/Third_Party/FatFs/src/ff.o
 .text.sync_window
                0x0000000008006560       0xa4 ./Middlewares/Third_Party/FatFs/src/ff.o
 .text.move_window
                0x0000000008006604       0x64 ./Middlewares/Third_Party/FatFs/src/ff.o
 .text.sync_fs  0x0000000008006668      0x17e ./Middlewares/Third_Party/FatFs/src/ff.o
 .text.clust2sect
                0x00000000080067e6       0x48 ./Middlewares/Third_Party/FatFs/src/ff.o
                0x00000000080067e6                clust2sect
 .text.get_fat  0x000000000800682e      0x1f8 ./Middlewares/Third_Party/FatFs/src/ff.o
                0x000000000800682e                get_fat
 .text.put_fat  0x0000000008006a26      0x2a6 ./Middlewares/Third_Party/FatFs/src/ff.o
                0x0000000008006a26                put_fat
 .text.remove_chain
                0x0000000008006ccc       0xc2 ./Middlewares/Third_Party/FatFs/src/ff.o
 .text.create_chain
                0x0000000008006d8e      0x150 ./Middlewares/Third_Party/FatFs/src/ff.o
 .text.clmt_clust
                0x0000000008006ede       0x80 ./Middlewares/Third_Party/FatFs/src/ff.o
 .text.dir_sdi  0x0000000008006f5e      0x19c ./Middlewares/Third_Party/FatFs/src/ff.o
 .text.dir_next
                0x00000000080070fa      0x294 ./Middlewares/Third_Party/FatFs/src/ff.o
 .text.dir_alloc
                0x000000000800738e       0x9c ./Middlewares/Third_Party/FatFs/src/ff.o
 .text.ld_clust
                0x000000000800742a       0x5c ./Middlewares/Third_Party/FatFs/src/ff.o
 .text.st_clust
                0x0000000008007486       0x4c ./Middlewares/Third_Party/FatFs/src/ff.o
 *fill*         0x00000000080074d2        0x2 
 .text.cmp_lfn  0x00000000080074d4       0xdc ./Middlewares/Third_Party/FatFs/src/ff.o
 .text.fit_lfn  0x00000000080075b0       0xe8 ./Middlewares/Third_Party/FatFs/src/ff.o
 .text.gen_numname
                0x0000000008007698      0x11c ./Middlewares/Third_Party/FatFs/src/ff.o
 .text.sum_sfn  0x00000000080077b4       0x40 ./Middlewares/Third_Party/FatFs/src/ff.o
 .text.dir_find
                0x00000000080077f4      0x198 ./Middlewares/Third_Party/FatFs/src/ff.o
 .text.dir_register
                0x000000000800798c      0x248 ./Middlewares/Third_Party/FatFs/src/ff.o
 .text.create_name
                0x0000000008007bd4      0x37c ./Middlewares/Third_Party/FatFs/src/ff.o
 .text.follow_path
                0x0000000008007f50       0xec ./Middlewares/Third_Party/FatFs/src/ff.o
 .text.get_ldnumber
                0x000000000800803c       0x86 ./Middlewares/Third_Party/FatFs/src/ff.o
 *fill*         0x00000000080080c2        0x2 
 .text.check_fs
                0x00000000080080c4       0xdc ./Middlewares/Third_Party/FatFs/src/ff.o
 .text.find_volume
                0x00000000080081a0      0x664 ./Middlewares/Third_Party/FatFs/src/ff.o
 .text.validate
                0x0000000008008804       0x76 ./Middlewares/Third_Party/FatFs/src/ff.o
 *fill*         0x000000000800887a        0x2 
 .text.f_mount  0x000000000800887c       0x94 ./Middlewares/Third_Party/FatFs/src/ff.o
                0x000000000800887c                f_mount
 .text.f_open   0x0000000008008910      0x630 ./Middlewares/Third_Party/FatFs/src/ff.o
                0x0000000008008910                f_open
 .text.f_write  0x0000000008008f40      0x472 ./Middlewares/Third_Party/FatFs/src/ff.o
                0x0000000008008f40                f_write
 .text.f_sync   0x00000000080093b2      0x19c ./Middlewares/Third_Party/FatFs/src/ff.o
                0x00000000080093b2                f_sync
 .text.f_close  0x000000000800954e       0x56 ./Middlewares/Third_Party/FatFs/src/ff.o
                0x000000000800954e                f_close
 .text.f_lseek  0x00000000080095a4      0x5e2 ./Middlewares/Third_Party/FatFs/src/ff.o
                0x00000000080095a4                f_lseek
 .text.putc_bfd
                0x0000000008009b86       0x7a ./Middlewares/Third_Party/FatFs/src/ff.o
 .text.f_puts   0x0000000008009c00       0x72 ./Middlewares/Third_Party/FatFs/src/ff.o
                0x0000000008009c00                f_puts
 *fill*         0x0000000008009c72        0x2 
 .text.FATFS_LinkDriverEx
                0x0000000008009c74       0x94 ./Middlewares/Third_Party/FatFs/src/ff_gen_drv.o
                0x0000000008009c74                FATFS_LinkDriverEx
 .text.FATFS_LinkDriver
                0x0000000008009d08       0x1e ./Middlewares/Third_Party/FatFs/src/ff_gen_drv.o
                0x0000000008009d08                FATFS_LinkDriver
 *fill*         0x0000000008009d26        0x2 
 .text.ff_convert
                0x0000000008009d28       0x74 ./Middlewares/Third_Party/FatFs/src/option/ccsbcs.o
                0x0000000008009d28                ff_convert
 .text.ff_wtoupper
                0x0000000008009d9c       0x5c ./Middlewares/Third_Party/FatFs/src/option/ccsbcs.o
                0x0000000008009d9c                ff_wtoupper
 .text.__errno  0x0000000008009df8        0xc c:/st/stm32cubeide_1.12.0/stm32cubeide/plugins/com.st.stm32cube.ide.mcu.externaltools.gnu-tools-for-stm32.10.3-2021.10.win32_1.0.200.202301161003/tools/bin/../lib/gcc/arm-none-eabi/10.3.1/../../../../arm-none-eabi/lib/thumb/v7-m/nofp\libc_nano.a(lib_a-errno.o)
                0x0000000008009df8                __errno
 .text.__libc_init_array
                0x0000000008009e04       0x48 c:/st/stm32cubeide_1.12.0/stm32cubeide/plugins/com.st.stm32cube.ide.mcu.externaltools.gnu-tools-for-stm32.10.3-2021.10.win32_1.0.200.202301161003/tools/bin/../lib/gcc/arm-none-eabi/10.3.1/../../../../arm-none-eabi/lib/thumb/v7-m/nofp\libc_nano.a(lib_a-init.o)
                0x0000000008009e04                __libc_init_array
 .text.memset   0x0000000008009e4c       0x10 c:/st/stm32cubeide_1.12.0/stm32cubeide/plugins/com.st.stm32cube.ide.mcu.externaltools.gnu-tools-for-stm32.10.3-2021.10.win32_1.0.200.202301161003/tools/bin/../lib/gcc/arm-none-eabi/10.3.1/../../../../arm-none-eabi/lib/thumb/v7-m/nofp\libc_nano.a(lib_a-memset.o)
                0x0000000008009e4c                memset
 .text.sprintf  0x0000000008009e5c       0x40 c:/st/stm32cubeide_1.12.0/stm32cubeide/plugins/com.st.stm32cube.ide.mcu.externaltools.gnu-tools-for-stm32.10.3-2021.10.win32_1.0.200.202301161003/tools/bin/../lib/gcc/arm-none-eabi/10.3.1/../../../../arm-none-eabi/lib/thumb/v7-m/nofp\libc_nano.a(lib_a-sprintf.o)
                0x0000000008009e5c                siprintf
                0x0000000008009e5c                sprintf
 .text.__ssputs_r
                0x0000000008009e9c       0xb6 c:/st/stm32cubeide_1.12.0/stm32cubeide/plugins/com.st.stm32cube.ide.mcu.externaltools.gnu-tools-for-stm32.10.3-2021.10.win32_1.0.200.202301161003/tools/bin/../lib/gcc/arm-none-eabi/10.3.1/../../../../arm-none-eabi/lib/thumb/v7-m/nofp\libc_nano.a(lib_a-nano-svfprintf.o)
                0x0000000008009e9c                __ssputs_r
 *fill*         0x0000000008009f52        0x2 
 .text._svfprintf_r
                0x0000000008009f54      0x200 c:/st/stm32cubeide_1.12.0/stm32cubeide/plugins/com.st.stm32cube.ide.mcu.externaltools.gnu-tools-for-stm32.10.3-2021.10.win32_1.0.200.202301161003/tools/bin/../lib/gcc/arm-none-eabi/10.3.1/../../../../arm-none-eabi/lib/thumb/v7-m/nofp\libc_nano.a(lib_a-nano-svfprintf.o)
                0x0000000008009f54                _svfiprintf_r
                0x0000000008009f54                _svfprintf_r
 .text._printf_common
                0x000000000800a154       0xde c:/st/stm32cubeide_1.12.0/stm32cubeide/plugins/com.st.stm32cube.ide.mcu.externaltools.gnu-tools-for-stm32.10.3-2021.10.win32_1.0.200.202301161003/tools/bin/../lib/gcc/arm-none-eabi/10.3.1/../../../../arm-none-eabi/lib/thumb/v7-m/nofp\libc_nano.a(lib_a-nano-vfprintf_i.o)
                0x000000000800a154                _printf_common
 *fill*         0x000000000800a232        0x2 
 .text._printf_i
                0x000000000800a234      0x24c c:/st/stm32cubeide_1.12.0/stm32cubeide/plugins/com.st.stm32cube.ide.mcu.externaltools.gnu-tools-for-stm32.10.3-2021.10.win32_1.0.200.202301161003/tools/bin/../lib/gcc/arm-none-eabi/10.3.1/../../../../arm-none-eabi/lib/thumb/v7-m/nofp\libc_nano.a(lib_a-nano-vfprintf_i.o)
                0x000000000800a234                _printf_i
 .text.memchr   0x000000000800a480       0x1c c:/st/stm32cubeide_1.12.0/stm32cubeide/plugins/com.st.stm32cube.ide.mcu.externaltools.gnu-tools-for-stm32.10.3-2021.10.win32_1.0.200.202301161003/tools/bin/../lib/gcc/arm-none-eabi/10.3.1/../../../../arm-none-eabi/lib/thumb/v7-m/nofp\libc_nano.a(lib_a-memchr-stub.o)
                0x000000000800a480                memchr
 .text.memcpy   0x000000000800a49c       0x1c c:/st/stm32cubeide_1.12.0/stm32cubeide/plugins/com.st.stm32cube.ide.mcu.externaltools.gnu-tools-for-stm32.10.3-2021.10.win32_1.0.200.202301161003/tools/bin/../lib/gcc/arm-none-eabi/10.3.1/../../../../arm-none-eabi/lib/thumb/v7-m/nofp\libc_nano.a(lib_a-memcpy-stub.o)
                0x000000000800a49c                memcpy
 .text.memmove  0x000000000800a4b8       0x34 c:/st/stm32cubeide_1.12.0/stm32cubeide/plugins/com.st.stm32cube.ide.mcu.externaltools.gnu-tools-for-stm32.10.3-2021.10.win32_1.0.200.202301161003/tools/bin/../lib/gcc/arm-none-eabi/10.3.1/../../../../arm-none-eabi/lib/thumb/v7-m/nofp\libc_nano.a(lib_a-memmove.o)
                0x000000000800a4b8                memmove
 .text._free_r  0x000000000800a4ec       0x90 c:/st/stm32cubeide_1.12.0/stm32cubeide/plugins/com.st.stm32cube.ide.mcu.externaltools.gnu-tools-for-stm32.10.3-2021.10.win32_1.0.200.202301161003/tools/bin/../lib/gcc/arm-none-eabi/10.3.1/../../../../arm-none-eabi/lib/thumb/v7-m/nofp\libc_nano.a(lib_a-nano-freer.o)
                0x000000000800a4ec                _free_r
 .text.sbrk_aligned
                0x000000000800a57c       0x40 c:/st/stm32cubeide_1.12.0/stm32cubeide/plugins/com.st.stm32cube.ide.mcu.externaltools.gnu-tools-for-stm32.10.3-2021.10.win32_1.0.200.202301161003/tools/bin/../lib/gcc/arm-none-eabi/10.3.1/../../../../arm-none-eabi/lib/thumb/v7-m/nofp\libc_nano.a(lib_a-nano-mallocr.o)
 .text._malloc_r
                0x000000000800a5bc       0xe8 c:/st/stm32cubeide_1.12.0/stm32cubeide/plugins/com.st.stm32cube.ide.mcu.externaltools.gnu-tools-for-stm32.10.3-2021.10.win32_1.0.200.202301161003/tools/bin/../lib/gcc/arm-none-eabi/10.3.1/../../../../arm-none-eabi/lib/thumb/v7-m/nofp\libc_nano.a(lib_a-nano-mallocr.o)
                0x000000000800a5bc                _malloc_r
 .text._realloc_r
                0x000000000800a6a4       0x5e c:/st/stm32cubeide_1.12.0/stm32cubeide/plugins/com.st.stm32cube.ide.mcu.externaltools.gnu-tools-for-stm32.10.3-2021.10.win32_1.0.200.202301161003/tools/bin/../lib/gcc/arm-none-eabi/10.3.1/../../../../arm-none-eabi/lib/thumb/v7-m/nofp\libc_nano.a(lib_a-nano-reallocr.o)
                0x000000000800a6a4                _realloc_r
 *fill*         0x000000000800a702        0x2 
 .text._sbrk_r  0x000000000800a704       0x20 c:/st/stm32cubeide_1.12.0/stm32cubeide/plugins/com.st.stm32cube.ide.mcu.externaltools.gnu-tools-for-stm32.10.3-2021.10.win32_1.0.200.202301161003/tools/bin/../lib/gcc/arm-none-eabi/10.3.1/../../../../arm-none-eabi/lib/thumb/v7-m/nofp\libc_nano.a(lib_a-sbrkr.o)
                0x000000000800a704                _sbrk_r
 .text.__malloc_lock
                0x000000000800a724        0xc c:/st/stm32cubeide_1.12.0/stm32cubeide/plugins/com.st.stm32cube.ide.mcu.externaltools.gnu-tools-for-stm32.10.3-2021.10.win32_1.0.200.202301161003/tools/bin/../lib/gcc/arm-none-eabi/10.3.1/../../../../arm-none-eabi/lib/thumb/v7-m/nofp\libc_nano.a(lib_a-mlock.o)
                0x000000000800a724                __malloc_lock
 .text.__malloc_unlock
                0x000000000800a730        0xc c:/st/stm32cubeide_1.12.0/stm32cubeide/plugins/com.st.stm32cube.ide.mcu.externaltools.gnu-tools-for-stm32.10.3-2021.10.win32_1.0.200.202301161003/tools/bin/../lib/gcc/arm-none-eabi/10.3.1/../../../../arm-none-eabi/lib/thumb/v7-m/nofp\libc_nano.a(lib_a-mlock.o)
                0x000000000800a730                __malloc_unlock
 .text._malloc_usable_size_r
                0x000000000800a73c       0x10 c:/st/stm32cubeide_1.12.0/stm32cubeide/plugins/com.st.stm32cube.ide.mcu.externaltools.gnu-tools-for-stm32.10.3-2021.10.win32_1.0.200.202301161003/tools/bin/../lib/gcc/arm-none-eabi/10.3.1/../../../../arm-none-eabi/lib/thumb/v7-m/nofp\libc_nano.a(lib_a-nano-msizer.o)
                0x000000000800a73c                _malloc_usable_size_r
 .text.__retarget_lock_acquire_recursive
                0x000000000800a74c        0x2 c:/st/stm32cubeide_1.12.0/stm32cubeide/plugins/com.st.stm32cube.ide.mcu.externaltools.gnu-tools-for-stm32.10.3-2021.10.win32_1.0.200.202301161003/tools/bin/../lib/gcc/arm-none-eabi/10.3.1/../../../../arm-none-eabi/lib/thumb/v7-m/nofp\libc_nano.a(lib_a-lock.o)
                0x000000000800a74c                __retarget_lock_acquire_recursive
 .text.__retarget_lock_release_recursive
                0x000000000800a74e        0x2 c:/st/stm32cubeide_1.12.0/stm32cubeide/plugins/com.st.stm32cube.ide.mcu.externaltools.gnu-tools-for-stm32.10.3-2021.10.win32_1.0.200.202301161003/tools/bin/../lib/gcc/arm-none-eabi/10.3.1/../../../../arm-none-eabi/lib/thumb/v7-m/nofp\libc_nano.a(lib_a-lock.o)
                0x000000000800a74e                __retarget_lock_release_recursive
 *(.glue_7)
 .glue_7        0x000000000800a750        0x0 linker stubs
 *(.glue_7t)
 .glue_7t       0x000000000800a750        0x0 linker stubs
 *(.eh_frame)
 .eh_frame      0x000000000800a750        0x0 c:/st/stm32cubeide_1.12.0/stm32cubeide/plugins/com.st.stm32cube.ide.mcu.externaltools.gnu-tools-for-stm32.10.3-2021.10.win32_1.0.200.202301161003/tools/bin/../lib/gcc/arm-none-eabi/10.3.1/thumb/v7-m/nofp/crtbegin.o
 *(.init)
 .init          0x000000000800a750        0x4 c:/st/stm32cubeide_1.12.0/stm32cubeide/plugins/com.st.stm32cube.ide.mcu.externaltools.gnu-tools-for-stm32.10.3-2021.10.win32_1.0.200.202301161003/tools/bin/../lib/gcc/arm-none-eabi/10.3.1/thumb/v7-m/nofp/crti.o
                0x000000000800a750                _init
 .init          0x000000000800a754        0x8 c:/st/stm32cubeide_1.12.0/stm32cubeide/plugins/com.st.stm32cube.ide.mcu.externaltools.gnu-tools-for-stm32.10.3-2021.10.win32_1.0.200.202301161003/tools/bin/../lib/gcc/arm-none-eabi/10.3.1/thumb/v7-m/nofp/crtn.o
 *(.fini)
 .fini          0x000000000800a75c        0x4 c:/st/stm32cubeide_1.12.0/stm32cubeide/plugins/com.st.stm32cube.ide.mcu.externaltools.gnu-tools-for-stm32.10.3-2021.10.win32_1.0.200.202301161003/tools/bin/../lib/gcc/arm-none-eabi/10.3.1/thumb/v7-m/nofp/crti.o
                0x000000000800a75c                _fini
 .fini          0x000000000800a760        0x8 c:/st/stm32cubeide_1.12.0/stm32cubeide/plugins/com.st.stm32cube.ide.mcu.externaltools.gnu-tools-for-stm32.10.3-2021.10.win32_1.0.200.202301161003/tools/bin/../lib/gcc/arm-none-eabi/10.3.1/thumb/v7-m/nofp/crtn.o
                0x000000000800a768                . = ALIGN (0x4)
                0x000000000800a768                _etext = .

.vfp11_veneer   0x000000000800a768        0x0
 .vfp11_veneer  0x000000000800a768        0x0 linker stubs

.v4_bx          0x000000000800a768        0x0
 .v4_bx         0x000000000800a768        0x0 linker stubs

.iplt           0x000000000800a768        0x0
 .iplt          0x000000000800a768        0x0 c:/st/stm32cubeide_1.12.0/stm32cubeide/plugins/com.st.stm32cube.ide.mcu.externaltools.gnu-tools-for-stm32.10.3-2021.10.win32_1.0.200.202301161003/tools/bin/../lib/gcc/arm-none-eabi/10.3.1/thumb/v7-m/nofp/crtbegin.o

.rodata         0x000000000800a768      0x810
                0x000000000800a768                . = ALIGN (0x4)
 *(.rodata)
 .rodata        0x000000000800a768       0x45 ./Core/Src/main.o
 *fill*         0x000000000800a7ad        0x3 
 .rodata        0x000000000800a7b0      0x14b ./Drivers/My_Drivers/Nextion_App/Nextion.o
 *fill*         0x000000000800a8fb        0x1 
 .rodata        0x000000000800a8fc       0x87 ./Drivers/My_Drivers/Nextion_App/Telemetry_LORA.o
 *fill*         0x000000000800a983        0x1 
 .rodata        0x000000000800a984       0x10 ./Drivers/STM32F1xx_HAL_Driver/Src/stm32f1xx_hal_rcc.o
 .rodata        0x000000000800a994       0x48 ./Middlewares/Third_Party/FatFs/src/ff.o
 *(.rodata*)
 .rodata.AHBPrescTable
                0x000000000800a9dc       0x10 ./Core/Src/system_stm32f1xx.o
                0x000000000800a9dc                AHBPrescTable
 .rodata.APBPrescTable
                0x000000000800a9ec        0x8 ./Core/Src/system_stm32f1xx.o
                0x000000000800a9ec                APBPrescTable
 .rodata.ExCvt  0x000000000800a9f4       0x80 ./Middlewares/Third_Party/FatFs/src/ff.o
 .rodata.LfnOfs
                0x000000000800aa74        0xd ./Middlewares/Third_Party/FatFs/src/ff.o
 *fill*         0x000000000800aa81        0x3 
 .rodata.Tbl    0x000000000800aa84      0x100 ./Middlewares/Third_Party/FatFs/src/option/ccsbcs.o
 .rodata.tbl_lower.1
                0x000000000800ab84      0x1e0 ./Middlewares/Third_Party/FatFs/src/option/ccsbcs.o
 .rodata.tbl_upper.0
                0x000000000800ad64      0x1e0 ./Middlewares/Third_Party/FatFs/src/option/ccsbcs.o
 .rodata._svfprintf_r.str1.1
                0x000000000800af44       0x11 c:/st/stm32cubeide_1.12.0/stm32cubeide/plugins/com.st.stm32cube.ide.mcu.externaltools.gnu-tools-for-stm32.10.3-2021.10.win32_1.0.200.202301161003/tools/bin/../lib/gcc/arm-none-eabi/10.3.1/../../../../arm-none-eabi/lib/thumb/v7-m/nofp\libc_nano.a(lib_a-nano-svfprintf.o)
 .rodata._printf_i.str1.1
                0x000000000800af55       0x22 c:/st/stm32cubeide_1.12.0/stm32cubeide/plugins/com.st.stm32cube.ide.mcu.externaltools.gnu-tools-for-stm32.10.3-2021.10.win32_1.0.200.202301161003/tools/bin/../lib/gcc/arm-none-eabi/10.3.1/../../../../arm-none-eabi/lib/thumb/v7-m/nofp\libc_nano.a(lib_a-nano-vfprintf_i.o)
                0x000000000800af78                . = ALIGN (0x4)
 *fill*         0x000000000800af77        0x1 

.rel.dyn        0x000000000800af78        0x0
 .rel.iplt      0x000000000800af78        0x0 c:/st/stm32cubeide_1.12.0/stm32cubeide/plugins/com.st.stm32cube.ide.mcu.externaltools.gnu-tools-for-stm32.10.3-2021.10.win32_1.0.200.202301161003/tools/bin/../lib/gcc/arm-none-eabi/10.3.1/thumb/v7-m/nofp/crtbegin.o

.ARM.extab      0x000000000800af78        0x0
                0x000000000800af78                . = ALIGN (0x4)
 *(.ARM.extab* .gnu.linkonce.armextab.*)
                0x000000000800af78                . = ALIGN (0x4)

.ARM            0x000000000800af78        0x0
                0x000000000800af78                . = ALIGN (0x4)
                0x000000000800af78                __exidx_start = .
 *(.ARM.exidx*)
                0x000000000800af78                __exidx_end = .
                0x000000000800af78                . = ALIGN (0x4)

.preinit_array  0x000000000800af78        0x0
                0x000000000800af78                . = ALIGN (0x4)
                0x000000000800af78                PROVIDE (__preinit_array_start = .)
 *(.preinit_array*)
                0x000000000800af78                PROVIDE (__preinit_array_end = .)
                0x000000000800af78                . = ALIGN (0x4)

.init_array     0x000000000800af78        0x4
                0x000000000800af78                . = ALIGN (0x4)
                0x000000000800af78                PROVIDE (__init_array_start = .)
 *(SORT_BY_NAME(.init_array.*))
 *(.init_array*)
 .init_array    0x000000000800af78        0x4 c:/st/stm32cubeide_1.12.0/stm32cubeide/plugins/com.st.stm32cube.ide.mcu.externaltools.gnu-tools-for-stm32.10.3-2021.10.win32_1.0.200.202301161003/tools/bin/../lib/gcc/arm-none-eabi/10.3.1/thumb/v7-m/nofp/crtbegin.o
                0x000000000800af7c                PROVIDE (__init_array_end = .)
                0x000000000800af7c                . = ALIGN (0x4)

.fini_array     0x000000000800af7c        0x4
                0x000000000800af7c                . = ALIGN (0x4)
                [!provide]                        PROVIDE (__fini_array_start = .)
 *(SORT_BY_NAME(.fini_array.*))
 *(.fini_array*)
 .fini_array    0x000000000800af7c        0x4 c:/st/stm32cubeide_1.12.0/stm32cubeide/plugins/com.st.stm32cube.ide.mcu.externaltools.gnu-tools-for-stm32.10.3-2021.10.win32_1.0.200.202301161003/tools/bin/../lib/gcc/arm-none-eabi/10.3.1/thumb/v7-m/nofp/crtbegin.o
                [!provide]                        PROVIDE (__fini_array_end = .)
                0x000000000800af80                . = ALIGN (0x4)
                0x000000000800af80                _sidata = LOADADDR (.data)

.data           0x0000000020000000       0xfc load address 0x000000000800af80
                0x0000000020000000                . = ALIGN (0x4)
                0x0000000020000000                _sdata = .
 *(.data)
 *(.data*)
 .data.Stat     0x0000000020000000        0x1 ./Core/Src/fatfs_sd.o
 *fill*         0x0000000020000001        0x3 
 .data.SystemCoreClock
                0x0000000020000004        0x4 ./Core/Src/system_stm32f1xx.o
                0x0000000020000004                SystemCoreClock
 .data.dortlu   0x0000000020000008        0x4 ./Drivers/My_Drivers/Nextion_App/Nextion.o
 .data.uzun_far
                0x000000002000000c        0x4 ./Drivers/My_Drivers/Nextion_App/Nextion.o
 .data.nex_sol_sinyal
                0x0000000020000010        0x4 ./Drivers/My_Drivers/Nextion_App/Nextion.o
 .data.nex_sag_sinyal
                0x0000000020000014        0x4 ./Drivers/My_Drivers/Nextion_App/Nextion.o
 .data.H_BMS    0x0000000020000018        0x4 ./Drivers/My_Drivers/Nextion_App/Nextion.o
 .data.H_BCM    0x000000002000001c        0x4 ./Drivers/My_Drivers/Nextion_App/Nextion.o
 .data.H_VCU    0x0000000020000020        0x4 ./Drivers/My_Drivers/Nextion_App/Nextion.o
 .data.Nextion_Speed
                0x0000000020000024        0x4 ./Drivers/My_Drivers/Nextion_App/Nextion.o
 .data.Nextion_Current
                0x0000000020000028        0x4 ./Drivers/My_Drivers/Nextion_App/Nextion.o
 .data.Nextion_Battery_Total_Voltage
                0x000000002000002c        0x4 ./Drivers/My_Drivers/Nextion_App/Nextion.o
                0x000000002000002c                Nextion_Battery_Total_Voltage
 .data.Nextion_Battery_SOC
                0x0000000020000030        0x4 ./Drivers/My_Drivers/Nextion_App/Nextion.o
 .data.Nextion_Battery_Max_Temperature
                0x0000000020000034        0x4 ./Drivers/My_Drivers/Nextion_App/Nextion.o
 .data.Nextion_Motor_Temperature
                0x0000000020000038        0x4 ./Drivers/My_Drivers/Nextion_App/Nextion.o
                0x0000000020000038                Nextion_Motor_Temperature
 .data.Nextion_Driver_Temperature
                0x000000002000003c        0x4 ./Drivers/My_Drivers/Nextion_App/Nextion.o
                0x000000002000003c                Nextion_Driver_Temperature
 .data.Nextion_Ending
                0x0000000020000040        0x3 ./Drivers/My_Drivers/Nextion_App/Nextion.o
                0x0000000020000040                Nextion_Ending
 *fill*         0x0000000020000043        0x1 
 .data.LORA_BCM_Buffer
                0x0000000020000044       0x19 ./Drivers/My_Drivers/Nextion_App/Telemetry_LORA.o
                0x0000000020000044                LORA_BCM_Buffer
 *fill*         0x000000002000005d        0x3 
 .data.LORA_SPEED_Buffer
                0x0000000020000060        0xa ./Drivers/My_Drivers/Nextion_App/Telemetry_LORA.o
                0x0000000020000060                LORA_SPEED_Buffer
 *fill*         0x000000002000006a        0x2 
 .data.LORA_CURRENT_Buffer
                0x000000002000006c        0xa ./Drivers/My_Drivers/Nextion_App/Telemetry_LORA.o
                0x000000002000006c                LORA_CURRENT_Buffer
 *fill*         0x0000000020000076        0x2 
 .data.xchar    0x0000000020000078        0x2 ./Drivers/My_Drivers/Nextion_App/Telemetry_LORA.o
                0x0000000020000078                xchar
 *fill*         0x000000002000007a        0x2 
 .data.uwTickPrio
                0x000000002000007c        0x4 ./Drivers/STM32F1xx_HAL_Driver/Src/stm32f1xx_hal.o
                0x000000002000007c                uwTickPrio
 .data.uwTickFreq
                0x0000000020000080        0x1 ./Drivers/STM32F1xx_HAL_Driver/Src/stm32f1xx_hal.o
                0x0000000020000080                uwTickFreq
 *fill*         0x0000000020000081        0x3 
 .data.USER_Driver
                0x0000000020000084       0x14 ./FATFS/Target/user_diskio.o
                0x0000000020000084                USER_Driver
 .data._impure_ptr
                0x0000000020000098        0x4 c:/st/stm32cubeide_1.12.0/stm32cubeide/plugins/com.st.stm32cube.ide.mcu.externaltools.gnu-tools-for-stm32.10.3-2021.10.win32_1.0.200.202301161003/tools/bin/../lib/gcc/arm-none-eabi/10.3.1/../../../../arm-none-eabi/lib/thumb/v7-m/nofp\libc_nano.a(lib_a-impure.o)
                0x0000000020000098                _impure_ptr
 .data.impure_data
                0x000000002000009c       0x60 c:/st/stm32cubeide_1.12.0/stm32cubeide/plugins/com.st.stm32cube.ide.mcu.externaltools.gnu-tools-for-stm32.10.3-2021.10.win32_1.0.200.202301161003/tools/bin/../lib/gcc/arm-none-eabi/10.3.1/../../../../arm-none-eabi/lib/thumb/v7-m/nofp\libc_nano.a(lib_a-impure.o)
 *(.RamFunc)
 *(.RamFunc*)
                0x00000000200000fc                . = ALIGN (0x4)
                0x00000000200000fc                _edata = .

.igot.plt       0x00000000200000fc        0x0 load address 0x000000000800b07c
 .igot.plt      0x00000000200000fc        0x0 c:/st/stm32cubeide_1.12.0/stm32cubeide/plugins/com.st.stm32cube.ide.mcu.externaltools.gnu-tools-for-stm32.10.3-2021.10.win32_1.0.200.202301161003/tools/bin/../lib/gcc/arm-none-eabi/10.3.1/thumb/v7-m/nofp/crtbegin.o
                0x00000000200000fc                . = ALIGN (0x4)

.bss            0x0000000020000100     0x27c4 load address 0x000000000800b07c
                0x0000000020000100                _sbss = .
                0x0000000020000100                __bss_start__ = _sbss
 *(.bss)
 .bss           0x0000000020000100       0x1c c:/st/stm32cubeide_1.12.0/stm32cubeide/plugins/com.st.stm32cube.ide.mcu.externaltools.gnu-tools-for-stm32.10.3-2021.10.win32_1.0.200.202301161003/tools/bin/../lib/gcc/arm-none-eabi/10.3.1/thumb/v7-m/nofp/crtbegin.o
 *(.bss*)
 .bss.EraseInitStruct.0
                0x000000002000011c       0x10 ./Core/Src/FlASH_PAGE_F1.o
 .bss.Timer1    0x000000002000012c        0x2 ./Core/Src/fatfs_sd.o
                0x000000002000012c                Timer1
 .bss.Timer2    0x000000002000012e        0x2 ./Core/Src/fatfs_sd.o
                0x000000002000012e                Timer2
 .bss.CardType  0x0000000020000130        0x1 ./Core/Src/fatfs_sd.o
 .bss.PowerFlag
                0x0000000020000131        0x1 ./Core/Src/fatfs_sd.o
 *fill*         0x0000000020000132        0x2 
 .bss.hcan      0x0000000020000134       0x28 ./Core/Src/main.o
                0x0000000020000134                hcan
 .bss.hspi1     0x000000002000015c       0x58 ./Core/Src/main.o
                0x000000002000015c                hspi1
 .bss.htim2     0x00000000200001b4       0x48 ./Core/Src/main.o
                0x00000000200001b4                htim2
 .bss.htim3     0x00000000200001fc       0x48 ./Core/Src/main.o
                0x00000000200001fc                htim3
 .bss.huart1    0x0000000020000244       0x44 ./Core/Src/main.o
                0x0000000020000244                huart1
 .bss.huart2    0x0000000020000288       0x44 ./Core/Src/main.o
                0x0000000020000288                huart2
 .bss.fs        0x00000000200002cc     0x1030 ./Core/Src/main.o
                0x00000000200002cc                fs
 .bss.fil       0x00000000200012fc     0x102c ./Core/Src/main.o
                0x00000000200012fc                fil
 .bss.fresult   0x0000000020002328        0x1 ./Core/Src/main.o
                0x0000000020002328                fresult
 *fill*         0x0000000020002329        0x3 
 .bss.buffer_file
                0x000000002000232c       0x1e ./Core/Src/main.o
                0x000000002000232c                buffer_file
 *fill*         0x000000002000234a        0x2 
 .bss.buffer    0x000000002000234c       0x1e ./Core/Src/main.o
                0x000000002000234c                buffer
 *fill*         0x000000002000236a        0x2 
 .bss.SD_count  0x000000002000236c        0x4 ./Core/Src/main.o
                0x000000002000236c                SD_count
 .bss.sd_card   0x0000000020002370       0x14 ./Core/Src/main.o
                0x0000000020002370                sd_card
 .bss.Hata_sayac
                0x0000000020002384        0x4 ./Core/Src/main.o
                0x0000000020002384                Hata_sayac
 .bss.__sbrk_heap_end
                0x0000000020002388        0x4 ./Core/Src/sysmem.o
 .bss.TxHeader  0x000000002000238c       0x18 ./Drivers/My_Drivers/Canbus_App/Canbus.o
                0x000000002000238c                TxHeader
 .bss.RxHeader  0x00000000200023a4       0x1c ./Drivers/My_Drivers/Canbus_App/Canbus.o
                0x00000000200023a4                RxHeader
 .bss.Canfil    0x00000000200023c0       0x28 ./Drivers/My_Drivers/Canbus_App/Canbus.o
                0x00000000200023c0                Canfil
 .bss.CAN_ID    0x00000000200023e8        0x1 ./Drivers/My_Drivers/Canbus_App/Canbus.o
                0x00000000200023e8                CAN_ID
 *fill*         0x00000000200023e9        0x3 
 .bss.CanRX     0x00000000200023ec        0x8 ./Drivers/My_Drivers/Canbus_App/Canbus.o
                0x00000000200023ec                CanRX
 .bss.far_stat  0x00000000200023f4        0x1 ./Drivers/My_Drivers/Nextion_App/Nextion.o
                0x00000000200023f4                far_stat
 .bss.dortlu_stat
                0x00000000200023f5        0x1 ./Drivers/My_Drivers/Nextion_App/Nextion.o
                0x00000000200023f5                dortlu_stat
 .bss.sinyal_stat
                0x00000000200023f6        0x1 ./Drivers/My_Drivers/Nextion_App/Nextion.o
                0x00000000200023f6                sinyal_stat
 *fill*         0x00000000200023f7        0x1 
 .bss.Nextion_Buffer
                0x00000000200023f8        0x8 ./Drivers/My_Drivers/Nextion_App/Nextion.o
                0x00000000200023f8                Nextion_Buffer
 .bss.Nextion_BMS_Buffer
                0x0000000020002400       0x21 ./Drivers/My_Drivers/Nextion_App/Nextion.o
                0x0000000020002400                Nextion_BMS_Buffer
 .bss.speed     0x0000000020002421        0x1 ./Drivers/My_Drivers/Nextion_App/Nextion.o
                0x0000000020002421                speed
 *fill*         0x0000000020002422        0x2 
 .bss.current   0x0000000020002424        0x4 ./Drivers/My_Drivers/Nextion_App/Nextion.o
                0x0000000020002424                current
 .bss.Sending_Buffer_For_Nextion
                0x0000000020002428       0x32 ./Drivers/My_Drivers/Nextion_App/Nextion.o
                0x0000000020002428                Sending_Buffer_For_Nextion
 *fill*         0x000000002000245a        0x2 
 .bss.fault     0x000000002000245c        0x6 ./Drivers/My_Drivers/Nextion_App/Nextion.o
                0x000000002000245c                fault
 *fill*         0x0000000020002462        0x2 
 .bss.LORA_Instant_Buffer
                0x0000000020002464       0xc8 ./Drivers/My_Drivers/Nextion_App/Telemetry_LORA.o
                0x0000000020002464                LORA_Instant_Buffer
 .bss.LORA_BMS_Buffer
                0x000000002000252c       0x64 ./Drivers/My_Drivers/Nextion_App/Telemetry_LORA.o
                0x000000002000252c                LORA_BMS_Buffer
 .bss.LORA_Sending_Buffer
                0x0000000020002590       0xc8 ./Drivers/My_Drivers/Nextion_App/Telemetry_LORA.o
                0x0000000020002590                LORA_Sending_Buffer
 .bss.uwTick    0x0000000020002658        0x4 ./Drivers/STM32F1xx_HAL_Driver/Src/stm32f1xx_hal.o
                0x0000000020002658                uwTick
 *fill*         0x000000002000265c        0x4 
 .bss.pFlash    0x0000000020002660       0x20 ./Drivers/STM32F1xx_HAL_Driver/Src/stm32f1xx_hal_flash.o
                0x0000000020002660                pFlash
 .bss.retUSER   0x0000000020002680        0x1 ./FATFS/App/fatfs.o
                0x0000000020002680                retUSER
 *fill*         0x0000000020002681        0x3 
 .bss.USERPath  0x0000000020002684        0x4 ./FATFS/App/fatfs.o
                0x0000000020002684                USERPath
 .bss.FatFs     0x0000000020002688        0x4 ./Middlewares/Third_Party/FatFs/src/ff.o
 .bss.Fsid      0x000000002000268c        0x2 ./Middlewares/Third_Party/FatFs/src/ff.o
 *fill*         0x000000002000268e        0x2 
 .bss.Files     0x0000000020002690       0x18 ./Middlewares/Third_Party/FatFs/src/ff.o
 .bss.LfnBuf    0x00000000200026a8      0x200 ./Middlewares/Third_Party/FatFs/src/ff.o
 .bss.disk      0x00000000200028a8        0xc ./Middlewares/Third_Party/FatFs/src/ff_gen_drv.o
                0x00000000200028a8                disk
 .bss.__malloc_free_list
                0x00000000200028b4        0x4 c:/st/stm32cubeide_1.12.0/stm32cubeide/plugins/com.st.stm32cube.ide.mcu.externaltools.gnu-tools-for-stm32.10.3-2021.10.win32_1.0.200.202301161003/tools/bin/../lib/gcc/arm-none-eabi/10.3.1/../../../../arm-none-eabi/lib/thumb/v7-m/nofp\libc_nano.a(lib_a-nano-mallocr.o)
                0x00000000200028b4                __malloc_free_list
 .bss.__malloc_sbrk_start
                0x00000000200028b8        0x4 c:/st/stm32cubeide_1.12.0/stm32cubeide/plugins/com.st.stm32cube.ide.mcu.externaltools.gnu-tools-for-stm32.10.3-2021.10.win32_1.0.200.202301161003/tools/bin/../lib/gcc/arm-none-eabi/10.3.1/../../../../arm-none-eabi/lib/thumb/v7-m/nofp\libc_nano.a(lib_a-nano-mallocr.o)
                0x00000000200028b8                __malloc_sbrk_start
 .bss.errno     0x00000000200028bc        0x4 c:/st/stm32cubeide_1.12.0/stm32cubeide/plugins/com.st.stm32cube.ide.mcu.externaltools.gnu-tools-for-stm32.10.3-2021.10.win32_1.0.200.202301161003/tools/bin/../lib/gcc/arm-none-eabi/10.3.1/../../../../arm-none-eabi/lib/thumb/v7-m/nofp\libc_nano.a(lib_a-reent.o)
                0x00000000200028bc                errno
 .bss.__lock___malloc_recursive_mutex
                0x00000000200028c0        0x1 c:/st/stm32cubeide_1.12.0/stm32cubeide/plugins/com.st.stm32cube.ide.mcu.externaltools.gnu-tools-for-stm32.10.3-2021.10.win32_1.0.200.202301161003/tools/bin/../lib/gcc/arm-none-eabi/10.3.1/../../../../arm-none-eabi/lib/thumb/v7-m/nofp\libc_nano.a(lib_a-lock.o)
                0x00000000200028c0                __lock___malloc_recursive_mutex
 *(COMMON)
                0x00000000200028c4                . = ALIGN (0x4)
 *fill*         0x00000000200028c1        0x3 
                0x00000000200028c4                _ebss = .
                0x00000000200028c4                __bss_end__ = _ebss

._user_heap_stack
                0x00000000200028c4      0x604 load address 0x000000000800b07c
                0x00000000200028c8                . = ALIGN (0x8)
 *fill*         0x00000000200028c4        0x4 
                [!provide]                        PROVIDE (end = .)
                0x00000000200028c8                PROVIDE (_end = .)
                0x0000000020002ac8                . = (. + _Min_Heap_Size)
 *fill*         0x00000000200028c8      0x200 
                0x0000000020002ec8                . = (. + _Min_Stack_Size)
 *fill*         0x0000000020002ac8      0x400 
                0x0000000020002ec8                . = ALIGN (0x8)

/DISCARD/
 libc.a(*)
 libm.a(*)
 libgcc.a(*)

.ARM.attributes
                0x0000000000000000       0x29
 *(.ARM.attributes)
 .ARM.attributes
                0x0000000000000000       0x1d c:/st/stm32cubeide_1.12.0/stm32cubeide/plugins/com.st.stm32cube.ide.mcu.externaltools.gnu-tools-for-stm32.10.3-2021.10.win32_1.0.200.202301161003/tools/bin/../lib/gcc/arm-none-eabi/10.3.1/thumb/v7-m/nofp/crti.o
 .ARM.attributes
                0x000000000000001d       0x2d c:/st/stm32cubeide_1.12.0/stm32cubeide/plugins/com.st.stm32cube.ide.mcu.externaltools.gnu-tools-for-stm32.10.3-2021.10.win32_1.0.200.202301161003/tools/bin/../lib/gcc/arm-none-eabi/10.3.1/thumb/v7-m/nofp/crtbegin.o
 .ARM.attributes
                0x000000000000004a       0x2d ./Core/Src/FlASH_PAGE_F1.o
 .ARM.attributes
                0x0000000000000077       0x2d ./Core/Src/fatfs_sd.o
 .ARM.attributes
                0x00000000000000a4       0x2d ./Core/Src/main.o
 .ARM.attributes
                0x00000000000000d1       0x2d ./Core/Src/stm32f1xx_hal_msp.o
 .ARM.attributes
                0x00000000000000fe       0x2d ./Core/Src/stm32f1xx_it.o
 .ARM.attributes
                0x000000000000012b       0x2d ./Core/Src/sysmem.o
 .ARM.attributes
                0x0000000000000158       0x2d ./Core/Src/system_stm32f1xx.o
 .ARM.attributes
                0x0000000000000185       0x21 ./Core/Startup/startup_stm32f103c8tx.o
 .ARM.attributes
                0x00000000000001a6       0x2d ./Drivers/My_Drivers/Canbus_App/Canbus.o
 .ARM.attributes
                0x00000000000001d3       0x2d ./Drivers/My_Drivers/Nextion_App/Nextion.o
 .ARM.attributes
                0x0000000000000200       0x2d ./Drivers/My_Drivers/Nextion_App/Telemetry_LORA.o
 .ARM.attributes
                0x000000000000022d       0x2d ./Drivers/STM32F1xx_HAL_Driver/Src/stm32f1xx_hal.o
 .ARM.attributes
                0x000000000000025a       0x2d ./Drivers/STM32F1xx_HAL_Driver/Src/stm32f1xx_hal_can.o
 .ARM.attributes
                0x0000000000000287       0x2d ./Drivers/STM32F1xx_HAL_Driver/Src/stm32f1xx_hal_cortex.o
 .ARM.attributes
                0x00000000000002b4       0x2d ./Drivers/STM32F1xx_HAL_Driver/Src/stm32f1xx_hal_dma.o
 .ARM.attributes
                0x00000000000002e1       0x2d ./Drivers/STM32F1xx_HAL_Driver/Src/stm32f1xx_hal_flash.o
 .ARM.attributes
                0x000000000000030e       0x2d ./Drivers/STM32F1xx_HAL_Driver/Src/stm32f1xx_hal_flash_ex.o
 .ARM.attributes
                0x000000000000033b       0x2d ./Drivers/STM32F1xx_HAL_Driver/Src/stm32f1xx_hal_gpio.o
 .ARM.attributes
                0x0000000000000368       0x2d ./Drivers/STM32F1xx_HAL_Driver/Src/stm32f1xx_hal_rcc.o
 .ARM.attributes
                0x0000000000000395       0x2d ./Drivers/STM32F1xx_HAL_Driver/Src/stm32f1xx_hal_spi.o
 .ARM.attributes
                0x00000000000003c2       0x2d ./Drivers/STM32F1xx_HAL_Driver/Src/stm32f1xx_hal_tim.o
 .ARM.attributes
                0x00000000000003ef       0x2d ./Drivers/STM32F1xx_HAL_Driver/Src/stm32f1xx_hal_tim_ex.o
 .ARM.attributes
                0x000000000000041c       0x2d ./Drivers/STM32F1xx_HAL_Driver/Src/stm32f1xx_hal_uart.o
 .ARM.attributes
                0x0000000000000449       0x2d ./FATFS/App/fatfs.o
 .ARM.attributes
                0x0000000000000476       0x2d ./FATFS/Target/user_diskio.o
 .ARM.attributes
                0x00000000000004a3       0x2d ./Middlewares/Third_Party/FatFs/src/diskio.o
 .ARM.attributes
                0x00000000000004d0       0x2d ./Middlewares/Third_Party/FatFs/src/ff.o
 .ARM.attributes
                0x00000000000004fd       0x2d ./Middlewares/Third_Party/FatFs/src/ff_gen_drv.o
 .ARM.attributes
                0x000000000000052a       0x2d ./Middlewares/Third_Party/FatFs/src/option/ccsbcs.o
 .ARM.attributes
                0x0000000000000557       0x2d c:/st/stm32cubeide_1.12.0/stm32cubeide/plugins/com.st.stm32cube.ide.mcu.externaltools.gnu-tools-for-stm32.10.3-2021.10.win32_1.0.200.202301161003/tools/bin/../lib/gcc/arm-none-eabi/10.3.1/../../../../arm-none-eabi/lib/thumb/v7-m/nofp\libc_nano.a(lib_a-errno.o)
 .ARM.attributes
                0x0000000000000584       0x2d c:/st/stm32cubeide_1.12.0/stm32cubeide/plugins/com.st.stm32cube.ide.mcu.externaltools.gnu-tools-for-stm32.10.3-2021.10.win32_1.0.200.202301161003/tools/bin/../lib/gcc/arm-none-eabi/10.3.1/../../../../arm-none-eabi/lib/thumb/v7-m/nofp\libc_nano.a(lib_a-impure.o)
 .ARM.attributes
                0x00000000000005b1       0x2d c:/st/stm32cubeide_1.12.0/stm32cubeide/plugins/com.st.stm32cube.ide.mcu.externaltools.gnu-tools-for-stm32.10.3-2021.10.win32_1.0.200.202301161003/tools/bin/../lib/gcc/arm-none-eabi/10.3.1/../../../../arm-none-eabi/lib/thumb/v7-m/nofp\libc_nano.a(lib_a-init.o)
 .ARM.attributes
                0x00000000000005de       0x2d c:/st/stm32cubeide_1.12.0/stm32cubeide/plugins/com.st.stm32cube.ide.mcu.externaltools.gnu-tools-for-stm32.10.3-2021.10.win32_1.0.200.202301161003/tools/bin/../lib/gcc/arm-none-eabi/10.3.1/../../../../arm-none-eabi/lib/thumb/v7-m/nofp\libc_nano.a(lib_a-memset.o)
 .ARM.attributes
                0x000000000000060b       0x2d c:/st/stm32cubeide_1.12.0/stm32cubeide/plugins/com.st.stm32cube.ide.mcu.externaltools.gnu-tools-for-stm32.10.3-2021.10.win32_1.0.200.202301161003/tools/bin/../lib/gcc/arm-none-eabi/10.3.1/../../../../arm-none-eabi/lib/thumb/v7-m/nofp\libc_nano.a(lib_a-sprintf.o)
 .ARM.attributes
                0x0000000000000638       0x17 c:/st/stm32cubeide_1.12.0/stm32cubeide/plugins/com.st.stm32cube.ide.mcu.externaltools.gnu-tools-for-stm32.10.3-2021.10.win32_1.0.200.202301161003/tools/bin/../lib/gcc/arm-none-eabi/10.3.1/../../../../arm-none-eabi/lib/thumb/v7-m/nofp\libc_nano.a(lib_a-strlen.o)
 .ARM.attributes
                0x000000000000064f       0x2d c:/st/stm32cubeide_1.12.0/stm32cubeide/plugins/com.st.stm32cube.ide.mcu.externaltools.gnu-tools-for-stm32.10.3-2021.10.win32_1.0.200.202301161003/tools/bin/../lib/gcc/arm-none-eabi/10.3.1/../../../../arm-none-eabi/lib/thumb/v7-m/nofp\libc_nano.a(lib_a-nano-svfprintf.o)
 .ARM.attributes
                0x000000000000067c       0x2d c:/st/stm32cubeide_1.12.0/stm32cubeide/plugins/com.st.stm32cube.ide.mcu.externaltools.gnu-tools-for-stm32.10.3-2021.10.win32_1.0.200.202301161003/tools/bin/../lib/gcc/arm-none-eabi/10.3.1/../../../../arm-none-eabi/lib/thumb/v7-m/nofp\libc_nano.a(lib_a-nano-vfprintf_i.o)
 .ARM.attributes
                0x00000000000006a9       0x2d c:/st/stm32cubeide_1.12.0/stm32cubeide/plugins/com.st.stm32cube.ide.mcu.externaltools.gnu-tools-for-stm32.10.3-2021.10.win32_1.0.200.202301161003/tools/bin/../lib/gcc/arm-none-eabi/10.3.1/../../../../arm-none-eabi/lib/thumb/v7-m/nofp\libc_nano.a(lib_a-memchr-stub.o)
 .ARM.attributes
                0x00000000000006d6       0x2d c:/st/stm32cubeide_1.12.0/stm32cubeide/plugins/com.st.stm32cube.ide.mcu.externaltools.gnu-tools-for-stm32.10.3-2021.10.win32_1.0.200.202301161003/tools/bin/../lib/gcc/arm-none-eabi/10.3.1/../../../../arm-none-eabi/lib/thumb/v7-m/nofp\libc_nano.a(lib_a-memcpy-stub.o)
 .ARM.attributes
                0x0000000000000703       0x2d c:/st/stm32cubeide_1.12.0/stm32cubeide/plugins/com.st.stm32cube.ide.mcu.externaltools.gnu-tools-for-stm32.10.3-2021.10.win32_1.0.200.202301161003/tools/bin/../lib/gcc/arm-none-eabi/10.3.1/../../../../arm-none-eabi/lib/thumb/v7-m/nofp\libc_nano.a(lib_a-memmove.o)
 .ARM.attributes
                0x0000000000000730       0x2d c:/st/stm32cubeide_1.12.0/stm32cubeide/plugins/com.st.stm32cube.ide.mcu.externaltools.gnu-tools-for-stm32.10.3-2021.10.win32_1.0.200.202301161003/tools/bin/../lib/gcc/arm-none-eabi/10.3.1/../../../../arm-none-eabi/lib/thumb/v7-m/nofp\libc_nano.a(lib_a-nano-freer.o)
 .ARM.attributes
                0x000000000000075d       0x2d c:/st/stm32cubeide_1.12.0/stm32cubeide/plugins/com.st.stm32cube.ide.mcu.externaltools.gnu-tools-for-stm32.10.3-2021.10.win32_1.0.200.202301161003/tools/bin/../lib/gcc/arm-none-eabi/10.3.1/../../../../arm-none-eabi/lib/thumb/v7-m/nofp\libc_nano.a(lib_a-nano-mallocr.o)
 .ARM.attributes
                0x000000000000078a       0x2d c:/st/stm32cubeide_1.12.0/stm32cubeide/plugins/com.st.stm32cube.ide.mcu.externaltools.gnu-tools-for-stm32.10.3-2021.10.win32_1.0.200.202301161003/tools/bin/../lib/gcc/arm-none-eabi/10.3.1/../../../../arm-none-eabi/lib/thumb/v7-m/nofp\libc_nano.a(lib_a-nano-reallocr.o)
 .ARM.attributes
                0x00000000000007b7       0x2d c:/st/stm32cubeide_1.12.0/stm32cubeide/plugins/com.st.stm32cube.ide.mcu.externaltools.gnu-tools-for-stm32.10.3-2021.10.win32_1.0.200.202301161003/tools/bin/../lib/gcc/arm-none-eabi/10.3.1/../../../../arm-none-eabi/lib/thumb/v7-m/nofp\libc_nano.a(lib_a-sbrkr.o)
 .ARM.attributes
                0x00000000000007e4       0x2d c:/st/stm32cubeide_1.12.0/stm32cubeide/plugins/com.st.stm32cube.ide.mcu.externaltools.gnu-tools-for-stm32.10.3-2021.10.win32_1.0.200.202301161003/tools/bin/../lib/gcc/arm-none-eabi/10.3.1/../../../../arm-none-eabi/lib/thumb/v7-m/nofp\libc_nano.a(lib_a-mlock.o)
 .ARM.attributes
                0x0000000000000811       0x2d c:/st/stm32cubeide_1.12.0/stm32cubeide/plugins/com.st.stm32cube.ide.mcu.externaltools.gnu-tools-for-stm32.10.3-2021.10.win32_1.0.200.202301161003/tools/bin/../lib/gcc/arm-none-eabi/10.3.1/../../../../arm-none-eabi/lib/thumb/v7-m/nofp\libc_nano.a(lib_a-nano-msizer.o)
 .ARM.attributes
                0x000000000000083e       0x2d c:/st/stm32cubeide_1.12.0/stm32cubeide/plugins/com.st.stm32cube.ide.mcu.externaltools.gnu-tools-for-stm32.10.3-2021.10.win32_1.0.200.202301161003/tools/bin/../lib/gcc/arm-none-eabi/10.3.1/../../../../arm-none-eabi/lib/thumb/v7-m/nofp\libc_nano.a(lib_a-reent.o)
 .ARM.attributes
                0x000000000000086b       0x2d c:/st/stm32cubeide_1.12.0/stm32cubeide/plugins/com.st.stm32cube.ide.mcu.externaltools.gnu-tools-for-stm32.10.3-2021.10.win32_1.0.200.202301161003/tools/bin/../lib/gcc/arm-none-eabi/10.3.1/../../../../arm-none-eabi/lib/thumb/v7-m/nofp\libc_nano.a(lib_a-lock.o)
 .ARM.attributes
                0x0000000000000898       0x1d c:/st/stm32cubeide_1.12.0/stm32cubeide/plugins/com.st.stm32cube.ide.mcu.externaltools.gnu-tools-for-stm32.10.3-2021.10.win32_1.0.200.202301161003/tools/bin/../lib/gcc/arm-none-eabi/10.3.1/thumb/v7-m/nofp/crtn.o
OUTPUT(FW_TM_VCU2023_Voptimization.elf elf32-littlearm)
LOAD linker stubs
LOAD c:/st/stm32cubeide_1.12.0/stm32cubeide/plugins/com.st.stm32cube.ide.mcu.externaltools.gnu-tools-for-stm32.10.3-2021.10.win32_1.0.200.202301161003/tools/bin/../lib/gcc/arm-none-eabi/10.3.1/../../../../arm-none-eabi/lib/thumb/v7-m/nofp\libc.a
LOAD c:/st/stm32cubeide_1.12.0/stm32cubeide/plugins/com.st.stm32cube.ide.mcu.externaltools.gnu-tools-for-stm32.10.3-2021.10.win32_1.0.200.202301161003/tools/bin/../lib/gcc/arm-none-eabi/10.3.1/../../../../arm-none-eabi/lib/thumb/v7-m/nofp\libm.a
LOAD c:/st/stm32cubeide_1.12.0/stm32cubeide/plugins/com.st.stm32cube.ide.mcu.externaltools.gnu-tools-for-stm32.10.3-2021.10.win32_1.0.200.202301161003/tools/bin/../lib/gcc/arm-none-eabi/10.3.1/thumb/v7-m/nofp\libgcc.a

.debug_info     0x0000000000000000    0x15a54
 .debug_info    0x0000000000000000      0x523 ./Core/Src/FlASH_PAGE_F1.o
 .debug_info    0x0000000000000523      0xc4c ./Core/Src/fatfs_sd.o
 .debug_info    0x000000000000116f     0x1ca8 ./Core/Src/main.o
 .debug_info    0x0000000000002e17     0x1553 ./Core/Src/stm32f1xx_hal_msp.o
 .debug_info    0x000000000000436a      0xeda ./Core/Src/stm32f1xx_it.o
 .debug_info    0x0000000000005244      0x16d ./Core/Src/sysmem.o
 .debug_info    0x00000000000053b1      0x239 ./Core/Src/system_stm32f1xx.o
 .debug_info    0x00000000000055ea       0x22 ./Core/Startup/startup_stm32f103c8tx.o
 .debug_info    0x000000000000560c      0x88f ./Drivers/My_Drivers/Canbus_App/Canbus.o
 .debug_info    0x0000000000005e9b      0x9f3 ./Drivers/My_Drivers/Nextion_App/Nextion.o
 .debug_info    0x000000000000688e      0x8a9 ./Drivers/My_Drivers/Nextion_App/Telemetry_LORA.o
 .debug_info    0x0000000000007137      0x730 ./Drivers/STM32F1xx_HAL_Driver/Src/stm32f1xx_hal.o
 .debug_info    0x0000000000007867      0xfb4 ./Drivers/STM32F1xx_HAL_Driver/Src/stm32f1xx_hal_can.o
 .debug_info    0x000000000000881b      0xb1c ./Drivers/STM32F1xx_HAL_Driver/Src/stm32f1xx_hal_cortex.o
 .debug_info    0x0000000000009337      0x73b ./Drivers/STM32F1xx_HAL_Driver/Src/stm32f1xx_hal_dma.o
 .debug_info    0x0000000000009a72      0x543 ./Drivers/STM32F1xx_HAL_Driver/Src/stm32f1xx_hal_flash.o
 .debug_info    0x0000000000009fb5      0x7e1 ./Drivers/STM32F1xx_HAL_Driver/Src/stm32f1xx_hal_flash_ex.o
 .debug_info    0x000000000000a796      0x611 ./Drivers/STM32F1xx_HAL_Driver/Src/stm32f1xx_hal_gpio.o
 .debug_info    0x000000000000ada7      0x85c ./Drivers/STM32F1xx_HAL_Driver/Src/stm32f1xx_hal_rcc.o
 .debug_info    0x000000000000b603     0x1654 ./Drivers/STM32F1xx_HAL_Driver/Src/stm32f1xx_hal_spi.o
 .debug_info    0x000000000000cc57     0x29da ./Drivers/STM32F1xx_HAL_Driver/Src/stm32f1xx_hal_tim.o
 .debug_info    0x000000000000f631     0x150f ./Drivers/STM32F1xx_HAL_Driver/Src/stm32f1xx_hal_tim_ex.o
 .debug_info    0x0000000000010b40     0x15d4 ./Drivers/STM32F1xx_HAL_Driver/Src/stm32f1xx_hal_uart.o
 .debug_info    0x0000000000012114      0x529 ./FATFS/App/fatfs.o
 .debug_info    0x000000000001263d      0x3d8 ./FATFS/Target/user_diskio.o
 .debug_info    0x0000000000012a15      0x409 ./Middlewares/Third_Party/FatFs/src/diskio.o
 .debug_info    0x0000000000012e1e     0x271d ./Middlewares/Third_Party/FatFs/src/ff.o
 .debug_info    0x000000000001553b      0x3a0 ./Middlewares/Third_Party/FatFs/src/ff_gen_drv.o
 .debug_info    0x00000000000158db      0x179 ./Middlewares/Third_Party/FatFs/src/option/ccsbcs.o

.debug_abbrev   0x0000000000000000     0x3a4e
 .debug_abbrev  0x0000000000000000      0x1fc ./Core/Src/FlASH_PAGE_F1.o
 .debug_abbrev  0x00000000000001fc      0x2e9 ./Core/Src/fatfs_sd.o
 .debug_abbrev  0x00000000000004e5      0x38b ./Core/Src/main.o
 .debug_abbrev  0x0000000000000870      0x242 ./Core/Src/stm32f1xx_hal_msp.o
 .debug_abbrev  0x0000000000000ab2      0x24c ./Core/Src/stm32f1xx_it.o
 .debug_abbrev  0x0000000000000cfe       0xb8 ./Core/Src/sysmem.o
 .debug_abbrev  0x0000000000000db6      0x138 ./Core/Src/system_stm32f1xx.o
 .debug_abbrev  0x0000000000000eee       0x12 ./Core/Startup/startup_stm32f103c8tx.o
 .debug_abbrev  0x0000000000000f00      0x209 ./Drivers/My_Drivers/Canbus_App/Canbus.o
 .debug_abbrev  0x0000000000001109      0x25c ./Drivers/My_Drivers/Nextion_App/Nextion.o
 .debug_abbrev  0x0000000000001365      0x1f6 ./Drivers/My_Drivers/Nextion_App/Telemetry_LORA.o
 .debug_abbrev  0x000000000000155b      0x1f8 ./Drivers/STM32F1xx_HAL_Driver/Src/stm32f1xx_hal.o
 .debug_abbrev  0x0000000000001753      0x21a ./Drivers/STM32F1xx_HAL_Driver/Src/stm32f1xx_hal_can.o
 .debug_abbrev  0x000000000000196d      0x2ea ./Drivers/STM32F1xx_HAL_Driver/Src/stm32f1xx_hal_cortex.o
 .debug_abbrev  0x0000000000001c57      0x1fb ./Drivers/STM32F1xx_HAL_Driver/Src/stm32f1xx_hal_dma.o
 .debug_abbrev  0x0000000000001e52      0x240 ./Drivers/STM32F1xx_HAL_Driver/Src/stm32f1xx_hal_flash.o
 .debug_abbrev  0x0000000000002092      0x238 ./Drivers/STM32F1xx_HAL_Driver/Src/stm32f1xx_hal_flash_ex.o
 .debug_abbrev  0x00000000000022ca      0x1b8 ./Drivers/STM32F1xx_HAL_Driver/Src/stm32f1xx_hal_gpio.o
 .debug_abbrev  0x0000000000002482      0x2a5 ./Drivers/STM32F1xx_HAL_Driver/Src/stm32f1xx_hal_rcc.o
 .debug_abbrev  0x0000000000002727      0x26b ./Drivers/STM32F1xx_HAL_Driver/Src/stm32f1xx_hal_spi.o
 .debug_abbrev  0x0000000000002992      0x25a ./Drivers/STM32F1xx_HAL_Driver/Src/stm32f1xx_hal_tim.o
 .debug_abbrev  0x0000000000002bec      0x262 ./Drivers/STM32F1xx_HAL_Driver/Src/stm32f1xx_hal_tim_ex.o
 .debug_abbrev  0x0000000000002e4e      0x275 ./Drivers/STM32F1xx_HAL_Driver/Src/stm32f1xx_hal_uart.o
 .debug_abbrev  0x00000000000030c3      0x197 ./FATFS/App/fatfs.o
 .debug_abbrev  0x000000000000325a      0x152 ./FATFS/Target/user_diskio.o
 .debug_abbrev  0x00000000000033ac      0x175 ./Middlewares/Third_Party/FatFs/src/diskio.o
 .debug_abbrev  0x0000000000003521      0x2ca ./Middlewares/Third_Party/FatFs/src/ff.o
 .debug_abbrev  0x00000000000037eb      0x193 ./Middlewares/Third_Party/FatFs/src/ff_gen_drv.o
 .debug_abbrev  0x000000000000397e       0xd0 ./Middlewares/Third_Party/FatFs/src/option/ccsbcs.o

.debug_aranges  0x0000000000000000     0x1598
 .debug_aranges
                0x0000000000000000       0x58 ./Core/Src/FlASH_PAGE_F1.o
 .debug_aranges
                0x0000000000000058       0xa8 ./Core/Src/fatfs_sd.o
 .debug_aranges
                0x0000000000000100       0x80 ./Core/Src/main.o
 .debug_aranges
                0x0000000000000180       0x60 ./Core/Src/stm32f1xx_hal_msp.o
 .debug_aranges
                0x00000000000001e0       0x88 ./Core/Src/stm32f1xx_it.o
 .debug_aranges
                0x0000000000000268       0x20 ./Core/Src/sysmem.o
 .debug_aranges
                0x0000000000000288       0x28 ./Core/Src/system_stm32f1xx.o
 .debug_aranges
                0x00000000000002b0       0x28 ./Core/Startup/startup_stm32f103c8tx.o
 .debug_aranges
                0x00000000000002d8       0x30 ./Drivers/My_Drivers/Canbus_App/Canbus.o
 .debug_aranges
                0x0000000000000308       0x78 ./Drivers/My_Drivers/Nextion_App/Nextion.o
 .debug_aranges
                0x0000000000000380       0x48 ./Drivers/My_Drivers/Nextion_App/Telemetry_LORA.o
 .debug_aranges
                0x00000000000003c8       0xe0 ./Drivers/STM32F1xx_HAL_Driver/Src/stm32f1xx_hal.o
 .debug_aranges
                0x00000000000004a8      0x138 ./Drivers/STM32F1xx_HAL_Driver/Src/stm32f1xx_hal_can.o
 .debug_aranges
                0x00000000000005e0      0x100 ./Drivers/STM32F1xx_HAL_Driver/Src/stm32f1xx_hal_cortex.o
 .debug_aranges
                0x00000000000006e0       0x80 ./Drivers/STM32F1xx_HAL_Driver/Src/stm32f1xx_hal_dma.o
 .debug_aranges
                0x0000000000000760       0x88 ./Drivers/STM32F1xx_HAL_Driver/Src/stm32f1xx_hal_flash.o
 .debug_aranges
                0x00000000000007e8       0x98 ./Drivers/STM32F1xx_HAL_Driver/Src/stm32f1xx_hal_flash_ex.o
 .debug_aranges