../Core/Src/main.c:103:6:clear_buffer	16	static
../Core/Src/main.c:113:6:HAL_UART_RxCpltCallback	16	static
../Core/Src/main.c:120:6:HAL_TIM_PeriodElapsedCallback	40	static
../Core/Src/main.c:165:5:main	8	static
../Core/Src/main.c:229:6:SystemClock_Config	72	static
../Core/Src/main.c:269:13:MX_CAN_Init	8	static
../Core/Src/main.c:306:13:MX_SPI1_Init	8	static
../Core/Src/main.c:344:13:MX_TIM2_Init	32	static
../Core/Src/main.c:389:13:MX_TIM3_Init	32	static
../Core/Src/main.c:434:13:MX_USART1_UART_Init	8	static
../Core/Src/main.c:467:13:MX_USART2_UART_Init	8	static
../Core/Src/main.c:500:13:MX_GPIO_Init	40	static
../Core/Src/main.c:565:6:Error_Handler	4	static,ignoring_inline_asm
