../Core/Src/stm32f1xx_it.c:48:6:SDTimer_Handler	4	static
../Core/Src/stm32f1xx_it.c:85:6:NMI_Handler	4	static
../Core/Src/stm32f1xx_it.c:99:6:HardFault_Handler	4	static
../Core/Src/stm32f1xx_it.c:114:6:MemManage_Handler	4	static
../Core/Src/stm32f1xx_it.c:129:6:BusFault_Handler	4	static
../Core/Src/stm32f1xx_it.c:144:6:UsageFault_Handler	4	static
../Core/Src/stm32f1xx_it.c:159:6:SVC_Handler	4	static
../Core/Src/stm32f1xx_it.c:172:6:DebugMon_Handler	4	static
../Core/Src/stm32f1xx_it.c:185:6:PendSV_Handler	4	static
../Core/Src/stm32f1xx_it.c:198:6:SysTick_Handler	8	static
../Core/Src/stm32f1xx_it.c:222:6:USB_LP_CAN1_RX0_IRQHandler	8	static
../Core/Src/stm32f1xx_it.c:236:6:TIM2_IRQHandler	16	static
../Core/Src/stm32f1xx_it.c:273:6:TIM3_IRQHandler	8	static
../Core/Src/stm32f1xx_it.c:287:6:USART1_IRQHandler	8	static
